parameter real vscale = 0.66666666; 
ground \0 ;
resistor #(.r(100k)) Rsource (.p(in),.n(g));
resistor #(.r(25k)) Rload (.p(d),.n(vdd));
N1 #(.l(0.09u),.w(4u)) M1 (.d(d),.g(g),.s(\0 ),.b(\0 ));
vsource #(.dc(vscale*1.8)) Vdd (.p(vdd),.n(\0 ));
// TODO
vsine #(.dc(1.2),.mag(0.1)) Vin (.p(in),.n(\0 ));
#            
 0.          
#Freq         vdb(d)       iter(0)     
 100.        -65.63225     0.          
 125.8925    -65.63225     0.          
 158.4893    -65.63225     0.          
 199.5262    -65.63225     0.          
 251.1886    -65.63225     0.          
 316.2278    -65.63225     0.          
 398.1072    -65.63225     0.          
 501.1872    -65.63225     0.          
 630.9573    -65.63225     0.          
 794.3282    -65.63225     0.          
 1.E+3       -65.63225     0.          
 1.258925E+3 -65.63225     0.          
 1.584893E+3 -65.63225     0.          
 1.995262E+3 -65.63225     0.          
 2.511886E+3 -65.63225     0.          
 3.162278E+3 -65.63225     0.          
 3.981072E+3 -65.63225     0.          
 5.011872E+3 -65.63225     0.          
 6.309573E+3 -65.63225     0.          
 7.943282E+3 -65.63225     0.          
 10.E+3      -65.63225     0.          
 12.58925E+3 -65.63225     0.          
 15.84893E+3 -65.63225     0.          
 19.95262E+3 -65.63225     0.          
 25.11886E+3 -65.63225     0.          
 31.62278E+3 -65.63225     0.          
 39.81072E+3 -65.63225     0.          
 50.11872E+3 -65.63225     0.          
 63.09573E+3 -65.63225     0.          
 79.43282E+3 -65.63225     0.          
 100.E+3     -65.63225     0.          
 125.8925E+3 -65.63226     0.          
 158.4893E+3 -65.63226     0.          
 199.5262E+3 -65.63227     0.          
 251.1886E+3 -65.63227     0.          
 316.2278E+3 -65.63229     0.          
 398.1072E+3 -65.63231     0.          
 501.1872E+3 -65.63234     0.          
 630.9573E+3 -65.6324      0.          
 794.3282E+3 -65.63248     0.          
 1.E+6       -65.63261     0.          
 1.258925E+6 -65.63283     0.          
 1.584893E+6 -65.63316     0.          
 1.995262E+6 -65.6337      0.          
 2.511886E+6 -65.63454     0.          
 3.162278E+6 -65.63588     0.          
 3.981072E+6 -65.638       0.          
 5.011872E+6 -65.64136     0.          
 6.309573E+6 -65.64669     0.          
 7.943282E+6 -65.6551      0.          
 10.E+6      -65.66842     0.          
 12.58925E+6 -65.68943     0.          
 15.84893E+6 -65.72251     0.          
 19.95262E+6 -65.77441     0.          
 25.11886E+6 -65.8554      0.          
 31.62278E+6 -65.98063     0.          
 39.81072E+6 -66.17179     0.          
 50.11872E+6 -66.45798     0.          
 63.09573E+6 -66.87495     0.          
 79.43282E+6 -67.46075     0.          
 100.E+6     -68.24713     0.          
 125.8925E+6 -69.24885     0.          
 158.4893E+6 -70.45614     0.          
 199.5262E+6 -71.83491     0.          
 251.1886E+6 -73.33361     0.          
 316.2278E+6 -74.8917      0.          
 398.1072E+6 -76.44555     0.          
 501.1872E+6 -77.93174     0.          
 630.9573E+6 -79.29049     0.          
 794.3282E+6 -80.47207     0.          
 1.E+9       -81.44529     0.          
Gnucap   System status
iterations: op=0, dc=7, tran=0, fourier=0, total=78
transient timesteps: accepted=0, rejected=0, total=0
nodes: user=4, subckt=0, model=27, total=31
dctran density=52.7%, ac density=52.7%
