paramset N1 bsim4va;
  parameter real l=0.09u;
   parameter real w=10.0u;
   parameter integer nf = 1;
   parameter integer rgeomod = 0 from [0:0];
   parameter real ad=0;
   parameter real pd=0;
   parameter real as=0;
   parameter real ps=0;
   parameter real sa=0;
   parameter real sb=0;
   parameter real sd=0;
 .l=l; .w=w; .nf=nf; .ad=ad; .pd=pd; .as=as; .ps=ps; .sa=sa; .sb=sb; .sd=sd; .type=1; .level=14; .version=4.80; .binunit=1; .paramchk=1; .mobmod=0; .capmod=1; .igcmod=1; .igbmod=1; .geomod=1; .rgeomod=0; .diomod=1; .rdsmod=0; .rbodymod=0; .rgatemod=1; .permod=1; .acnqsmod=0; .trnqsmod=0; .tempmod=0; .mtrlmod=1; .cvchargemod=0; .mtrlcompatmod=1; .eot=1.8e-9; .vddeot=1.5; .ados=1.1; .bdos=1.0; .tnom=27.0; .toxe=1.8e-9; .toxp=1.0e-9; .toxm=1.8e-9; .dtox=8e-10; .epsrox=3.9; .wint=5e-9; .lint=1e-9; .ll=0; .wl=0; .lln=1; .wln=1; .lw=0; .ww=0; .lwn=1; .wwn=1; .lwl=0; .wwl=0; .xpart=1; .toxref=1.4e-9; .phig=4.05; .epsrgate=11.7; .saref=5e-6; .sbref=5e-6; .wlod=2e-6; .ku0=(- 4e-6); .kvsat=0.2; .kvth0=(- 2e-8); .tku0=0; .llodku0=1.1; .wlodku0=1.1; .llodvth=1.0; .wlodvth=1.0; .lku0=1e-6; .wku0=1e-6; .pku0=0; .lkvth0=1.1e-6; .wkvth0=1.1e-6; .pkvth0=0; .stk2=0; .lodk2=1.0; .steta0=0; .lodeta0=1.0; .lambda=4e-10; .vsat=1.1e5; .vtl=2.0e5; .xn=6.0; .lc=5e-9; .rnoia=0.577; .rnoib=0.37; .tvoff=0; .tvfbsdoff=0; .vth0=0.25; .k1=0.35; .k2=0.05; .k3=0; .k3b=0; .w0=2.5e-6; .dvt0=1.8; .dvt1=0.52; .dvt2=(- 0.032); .dvt0w=0; .dvt1w=0; .dvt2w=0; .dsub=2; .minv=0.05; .voffl=0; .dvtp0=1e-7; .minvcv=2; .voffcvl=0; .dvtp1=0.05; .lpe0=5.75e-8; .lpeb=2.3e-10; .xj=2e-8; .ngate=5e20; .ndep=2.8e18; .nsd=1e20; .phin=0; .cdsc=0.0002; .cdscb=0; .cdscd=0; .cit=0; .voff=(- 0.15); .nfactor=1.2; .eta0=0.05; .etab=0; .uc=(- 3e-11); .vfb=(- 0.55); .u0=0.032; .ua=5.0e-11; .ub=3.5e-18; .a0=2; .ags=1e-20; .a1=0; .a2=1; .b0=(- 1e-20); .b1=0; .keta=0.04; .dwg=0; .dwb=0; .pclm=0.08; .pdiblc1=0.028; .pdiblc2=0.022; .pdiblcb=(- 0.005); .drout=0.45; .pvag=1e-20; .delta=0.01; .pscbe1=8.14e8; .pscbe2=5e-8; .fprout=0.2; .pdits=0.2; .pditsd=0.23; .pditsl=2.3e6; .rsh=0; .rdsw=50; .rsw=50; .rdw=50; .rdswmin=0; .rdwmin=0; .rswmin=0; .prwg=0; .prwb=6.8e-11; .wr=1; .alpha0=0.074; .alpha1=0.005; .beta0=30; .agidl=0.0001; .bgidl=2.1e9; .cgidl=0.0001; .egidl=0.8; .agisl=0.0002; .bgisl=2.1e9; .cgisl=0.0002; .egisl=0.8; .aigbacc=0.012; .bigbacc=0.0028; .cigbacc=0.002; .nigbacc=1; .aigbinv=0.014; .bigbinv=0.004; .cigbinv=0.004; .eigbinv=1.1; .nigbinv=3; .aigc=0.012; .bigc=0.0028; .cigc=0.002; .aigs=0.012; .bigs=0.0028; .cigs=0.002; .nigc=1; .poxedge=1; .pigcd=1; .ntox=1; .aigd=0.01; .bigd=0.003; .cigd=0.0015; .xrcrg1=12; .xrcrg2=5; .cgso=6.238e-10; .cgdo=6.238e-10; .cgbo=2.56e-11; .cgdl=2.495e-10; .cgsl=2.495e-10; .ckappas=0.03; .ckappad=0.03; .acde=1; .moin=15; .noff=0.9; .voffcv=(- 0.02); .kt1=(- 0.37); .kt1l=0.0; .kt2=(- 0.042); .ute=(- 1.5); .ua1=1e-9; .ub1=(- 3.5e-19); .uc1=0; .prt=0; .at=53000; .fnoimod=1; .tnoimod=0; .jss=0.0001; .jsws=1e-11; .jswgs=1e-10; .njs=1; .ijthsfwd=0.01; .ijthsrev=0.001; .bvs=10; .xjbvs=1; .jsd=0.0001; .jswd=1e-11; .jswgd=1e-10; .njd=1; .ijthdfwd=0.01; .ijthdrev=0.001; .bvd=10; .xjbvd=1; .pbs=1; .cjs=0.0005; .mjs=0.5; .pbsws=1; .cjsws=5e-10; .mjsws=0.33; .pbswgs=1; .cjswgs=3e-10; .mjswgs=0.33; .pbd=1; .cjd=0.0005; .mjd=0.5; .pbswd=1; .cjswd=5e-10; .mjswd=0.33; .pbswgd=1; .cjswgd=5e-10; .mjswgd=0.33; .tpb=0.005; .tcj=0.001; .tpbsw=0.005; .tcjsw=0.001; .tpbswg=0.005; .tcjswg=0.001; .xtis=3; .xtid=3; .dmcg=0; .dmci=0; .dmdg=0; .dmcgt=0; .dwj=0; .xgw=0; .xgl=0; .rshg=0.4; .gbmin=1e-10; .rbpb=5; .rbpd=15; .rbps=15; .rbdb=15; .rbsb=15; .ngcon=1; .jtss=1e-4; .jtsd=1e-4; .jtssws=1e-10; .jtsswd=1e-10; .jtsswgs=1e-7; .jtsswgd=1e-7; .njts=20.0; .njtssw=15; .njtsswg=6; .vtss=10; .vtsd=10; .vtssws=10; .vtsswd=10; .njtsd=15.0; .njtsswd=20; .njtsswgd=6; .tnjts=0.1; .tnjtsd=0.05; .vtsswgs=2; .vtsswgd=2; .xtss=0.02; .xtsd=0.02; .xtssws=0.02; .xtsswd=0.02; .xtsswgs=0.02; .xtsswgd=0.02;
endparamset

paramset P1 bsim4va;
  parameter real l=0.09u;
   parameter real w=10.0u;
   parameter integer nf=1;
   parameter integer rgeomod = 0 from [0:0];
   parameter real ad=0;
   parameter real pd=0;
   parameter real as=0;
   parameter real ps=0;
   parameter real sa=0;
   parameter real sb=0;
   parameter real sd=0;
 .l=l; .w=w; .nf=nf; .ad=ad; .pd=pd; .ps=ps; .as=as; .sa=sa; .sb=sb; .sd=sd; .type=(- 1); .level=14; .version=4.80; .binunit=1; .paramchk=1; .mobmod=0; .capmod=2; .igcmod=1; .igbmod=1; .geomod=1; .diomod=1; .rdsmod=0; .rbodymod=0; .rgatemod=1; .permod=1; .acnqsmod=0; .trnqsmod=0; .tempmod=0; .mtrlmod=1; .cvchargemod=0; .mtrlcompatmod=1; .eot=1.8e-9; .vddeot=(- 1.5); .ados=1.1; .bdos=1.0; .tnom=27.0; .toxe=1.8e-9; .toxp=1.0e-9; .toxm=1.8e-9; .dtox=8e-10; .epsrox=3.9; .wint=5e-9; .lint=1e-9; .ll=0; .wl=0; .lln=1; .wln=1; .lw=0; .ww=0; .lwn=1; .wwn=1; .lwl=0; .wwl=0; .xpart=0; .toxref=1.8e-9; .phig=4.05; .epsrgate=11.7; .saref=5e-6; .sbref=5e-6; .wlod=2e-6; .ku0=4e-6; .kvsat=0.2; .kvth0=(- 2e-8); .tku0=0.0; .llodku0=1.1; .wlodku0=1.1; .llodvth=1.0; .wlodvth=1.0; .lku0=1e-6; .wku0=1e-6; .pku0=0.0; .lkvth0=1.1e-6; .wkvth0=1.1e-6; .pkvth0=0; .stk2=0; .lodk2=1.0; .steta0=0; .lodeta0=1.0; .lambda=4e-10; .vsat=1.1e5; .vtl=2.0e5; .xn=6.0; .lc=5e-9; .rnoia=0.577; .rnoib=0.37; .tvoff=0; .tvfbsdoff=0; .vth0=(- 0.25); .k1=0.35; .k2=0.05; .k3=0; .k3b=0; .w0=2.5e-6; .dvt0=1.8; .dvt1=0.52; .dvt2=(- 0.032); .dvt0w=0; .dvt1w=0; .dvt2w=0; .dsub=2; .minv=0.05; .voffl=0; .dvtp0=1e-7; .minvcv=2; .voffcvl=0; .dvtp1=0.05; .lpe0=5.75e-8; .lpeb=2.3e-10; .xj=2e-8; .ngate=5e20; .ndep=2.8e18; .nsd=1e20; .phin=0; .cdsc=0.0002; .cdscb=0; .cdscd=0; .cit=0; .voff=(- 0.15); .nfactor=1.2; .eta0=0.05; .etab=0; .vfb=0.55; .u0=0.0095; .ua=5.0e-11; .ub=3.5e-18; .uc=(- 3e-11); .a0=2; .ags=1e-20; .a1=0; .a2=1; .b0=(- 1e-20); .b1=0; .keta=0.04; .dwg=0; .dwb=0; .pclm=0.08; .pdiblc1=0.028; .pdiblc2=0.022; .pdiblcb=(- 0.005); .drout=0.45; .pvag=1e-20; .delta=0.01; .pscbe1=8.14e8; .pscbe2=5e-8; .fprout=0.2; .pdits=0.2; .pditsd=0.23; .pditsl=2.3e6; .rsh=0; .rdsw=50; .rsw=50; .rdw=50; .rdswmin=0; .rdwmin=0; .rswmin=0; .prwg=0; .prwb=6.8e-11; .wr=1; .alpha0=0.074; .alpha1=0.005; .beta0=30; .agidl=0.0002; .bgidl=2.1e9; .cgidl=0.0002; .egidl=0.8; .agisl=0.0003; .bgisl=2.5e9; .cgisl=0.0003; .egisl=0.8; .aigbacc=0.012; .bigbacc=0.0028; .cigbacc=0.002; .nigbacc=1; .aigbinv=0.014; .bigbinv=0.004; .cigbinv=0.004; .eigbinv=1.1; .nigbinv=3; .aigc=0.012; .bigc=0.0028; .cigc=0.002; .aigs=0.012; .bigs=0.0028; .cigs=0.002; .nigc=1; .poxedge=1; .pigcd=1; .ntox=1; .aigd=0.01; .bigd=0.003; .cigd=0.0015; .xrcrg1=12; .xrcrg2=5; .cgso=6.238e-10; .cgdo=6.238e-10; .cgbo=2.56e-11; .cgdl=2.495e-10; .cgsl=2.495e-10; .ckappas=0.03; .ckappad=0.03; .acde=1; .moin=15; .noff=0.9; .voffcv=0.02; .kt1=(- 0.37); .kt1l=0.0; .kt2=(- 0.042); .ute=(- 1.5); .ua1=1e-9; .ub1=(- 3.5e-19); .uc1=0; .prt=0; .at=53000; .fnoimod=1; .tnoimod=0; .jss=0.0001; .jsws=1e-11; .jswgs=1e-10; .njs=1; .ijthsfwd=0.01; .ijthsrev=0.001; .bvs=10; .xjbvs=1; .jsd=0.0001; .jswd=1e-11; .jswgd=1e-10; .njd=1; .ijthdfwd=0.01; .ijthdrev=0.001; .bvd=10; .xjbvd=1; .pbs=1; .cjs=0.0005; .mjs=0.5; .pbsws=1; .cjsws=5e-10; .mjsws=0.33; .pbswgs=1; .cjswgs=3e-10; .mjswgs=0.33; .pbd=1; .cjd=0.0005; .mjd=0.5; .pbswd=1; .cjswd=5e-10; .mjswd=0.33; .pbswgd=1; .cjswgd=5e-10; .mjswgd=0.33; .tpb=0.005; .tcj=0.001; .tpbsw=0.005; .tcjsw=0.001; .tpbswg=0.005; .tcjswg=0.001; .xtis=3; .xtid=3; .dmcg=0; .dmci=0; .dmdg=0; .dmcgt=0; .dwj=0; .xgw=0; .xgl=0; .rshg=0.4; .gbmin=1e-10; .rbpb=5; .rbpd=15; .rbps=15; .rbdb=15; .rbsb=15; .ngcon=1; .jtss=1e-4; .jtsd=1e-4; .jtssws=1e-10; .jtsswd=1e-10; .jtsswgs=1e-7; .jtsswgd=1e-7; .njts=20.0; .njtssw=15; .njtsswg=4; .vtss=10; .vtsd=10; .vtssws=10; .vtsswd=10; .njtsd=15.0; .njtsswd=20; .njtsswgd=6; .tnjts=0.1; .tnjtsd=0.05; .vtsswgs=2; .vtsswgd=2; .xtss=0.02; .xtsd=0.02; .xtssws=0.02; .xtsswd=0.02; .xtsswgs=0.02; .xtsswgd=0.02;
endparamset

// BUG: needs noincmode
//options method = gear
//options trtol = 0.01
// Declare ground
ground \0 ;
capacitor #(.c(30f)) CQ (.p(Qnot),.n(\0 ));
capacitor #(.c(10f)) CL (.p(Lnot),.n(\0 ));
P1 #(.l(0.2u),.w(3.6u)) MQLO (.d(out_q),.g(Qnot),.s(dd),.b(dd));
N1 #(.l(0.2u),.w(1.8u)) MQL1 (.d(out_q),.g(Qnot),.s(\0 ),.b(\0 ));
P1 #(.l(0.2u),.w(3.6u)) MLTO (.d(out_l),.g(Lnot),.s(dd),.b(dd));
N1 #(.l(0.2u),.w(1.8u)) MLT1 (.d(out_l),.g(Lnot),.s(\0 ),.b(\0 ));
P1 #(.l(3.6u),.w(3.6u)) M11 (.d(Qnot),.g(\0 ),.s(dd),.b(dd));
N1 #(.l(0.2u),.w(1.8u)) M12 (.d(Qnot),.g(AorBnot),.s(nor3_mid),.b(\0 ));
N1 #(.l(0.2u),.w(1.8u)) M13 (.d(nor3_mid),.g(Lnot),.s(\0 ),.b(\0 ));
P1 #(.w(1.8u),.l(3.6u)) M5 (.d(AorBnot),.g(\0 ),.s(dd),.b(dd));
N1 #(.w(1.8u),.l(0.2u)) M6 (.d(AorBnot),.g(B),.s(nor1_mid),.b(\0 ));
N1 #(.w(1.8u),.l(0.2u)) M7 (.d(nor1_mid),.g(Anot),.s(\0 ),.b(\0 ));
P1 #(.w(1.8u),.l(3.6u)) M8 (.d(Lnot),.g(\0 ),.s(dd),.b(dd));
N1 #(.w(1.8u),.l(0.2u)) M9 (.d(Lnot),.g(Bnot),.s(nor2_mid),.b(\0 ));
N1 #(.w(1.8u),.l(0.2u)) M10 (.d(nor2_mid),.g(A),.s(\0 ),.b(\0 ));
P1 #(.w(3.6u),.l(0.2u)) M1 (.d(Anot),.g(A),.s(dd),.b(dd));
N1 #(.w(1.8u),.l(0.2u)) M2 (.d(Anot),.g(A),.s(\0 ),.b(\0 ));
P1 #(.w(3.6u),.l(0.2u)) M3 (.d(Bnot),.g(B),.s(dd),.b(dd));
N1 #(.w(1.8u),.l(0.2u)) M4 (.d(Bnot),.g(B),.s(\0 ),.b(\0 ));
// Power supply
vsource #(.dc(1.8)) vcc (.p(dd),.n(\0 ));
vpulse #(.val0(0.0),.val1(1.8),.td(10n),.rise(0.1n),.fall(0.1n),.width(15n),.period(30n)) va (.p(A),.n(\0 ));
vsource #(.dc(0.0)) vb (.p(B),.n(\0 ));
// Simulation control
#Time       v(A)       v(B)       v(out_l)   v(out_q)   iter(0)   
open circuit: internal node 123
open circuit: internal node 128
 0.         850.2E-12  876.4E-12  0.004793   1.7588     16.       
 589.E-12   850.2E-12  876.4E-12  0.004793   1.7588     3.        
 10.E-9     850.2E-12  876.4E-12  0.004793   1.7588     4.        
 10.101E-9  1.8        423.E-12   0.0098597  1.7579     9.        
 11.351E-9  1.8        1.3091E-9  1.6469     1.751      13.       
 11.81E-9   1.8        322.6E-12  1.8047     1.6092     32.       
 12.269E-9  1.8        1.432E-9   1.6908     1.0746     8.        
 12.728E-9  1.8        282.7E-12  1.8069     0.2115     10.       
 13.966E-9  1.8        1.3995E-9  1.7037     0.045756   16.       
 15.822E-9  1.8        323.9E-12  1.8034     0.017912   15.       
 17.369E-9  1.8        1.3781E-9  1.7074    -0.0017314  35.       
 19.946E-9  1.8        342.5E-12  1.8007     0.0095765  11.       
 21.235E-9  1.8        1.3582E-9  1.7108    -0.0030664  59.       
 25.1E-9    1.8        360.E-12   1.7981     0.00935    11.       
 25.201E-9  27.537E-9  1.1629E-9  1.7024    -0.0012538  8.        
 25.203E-9 -18.895E-9  2.1631E-9  1.7081    -147.44E-6  19.       
 25.204E-9  23.431E-9  1.1685E-9  1.7113     238.77E-6  5.        
 25.205E-9 -14.411E-9  1.8406E-9  1.7138     554.13E-6  4.        
 25.206E-9  19.557E-9  1.2652E-9  1.7166     835.97E-6  4.        
 25.219E-9 -14.766E-9  1.0002E-9  1.7416     0.0028045  6.        
 25.248E-9  18.226E-9  754.4E-12  1.7642     0.0032155  7.        
 25.331E-9 -15.871E-9  1.0172E-9  1.7814     0.0030785  10.       
 25.544E-9  17.604E-9  777.E-12   1.787      0.0031749  10.       
 25.757E-9 -15.848E-9  989.1E-12  1.769      0.0031934  6.        
 26.405E-9  17.561E-9  782.6E-12  1.6569     0.025035   7.        
 27.916E-9 -15.845E-9  981.4E-12  0.25       1.7487     21.       
 29.427E-9  17.554E-9  783.3E-12  0.069332   1.769      15.       
 32.071E-9 -15.833E-9  973.6E-12  0.017956   1.7462     7.        
 34.714E-9  17.543E-9  778.6E-12  0.0031455  1.769      9.        
 40.E-9    -15.835E-9  973.9E-12  0.0070338  1.7462     12.       
 40.101E-9  1.8        338.1E-12  0.0073216  1.7665     16.       
 41.351E-9  1.8        1.3916E-9  1.6488     1.7526     17.       
 41.713E-9  1.8        225.1E-12  1.8058     1.6727     38.       
 42.075E-9  1.8        1.4295E-9  1.6984     1.4591     10.       
 42.437E-9  1.8        333.2E-12  1.8006     0.62816    21.       
 43.493E-9  1.8        1.367E-9   1.7114     0.066176   16.       
 44.021E-9  1.8        375.3E-12  1.7938     0.065246   30.       
 45.868E-9  1.8        1.3325E-9  1.7172    -0.0017453  12.       
 48.176E-9  1.8        387.8E-12  1.7917     0.015668   10.       
 51.638E-9  1.8        1.3236E-9  1.7188    -0.0086428  17.       
 55.1E-9    1.8        394.8E-12  1.7905     0.014892   12.       
 55.201E-9  10.803E-9  1.1644E-9  1.7075    -0.0051922  8.        
 55.203E-9 -2.9631E-9  2.1755E-9  1.7128    -0.0030997  36.       
 55.204E-9  8.725E-9   1.0733E-9  1.7155    -0.0022449  5.        
 55.205E-9 -1.2451E-9  1.9391E-9  1.7179    -0.0015322  5.        
 55.206E-9  6.1536E-9  1.0095E-9  1.7204    -891.5E-6   4.        
 55.222E-9 -1.8361E-9  1.1355E-9  1.7472     0.0030706  7.        
 55.257E-9  5.1711E-9  577.5E-12  1.7682     0.0031682  9.        
 55.365E-9 -3.143E-9   1.2164E-9  1.785      0.0031191  10.       
 55.567E-9  4.8695E-9  568.7E-12  1.7858     0.0031515  8.        
 55.908E-9 -3.1214E-9  1.2021E-9  1.7496     0.0040021  6.        
 56.59E-9   4.8373E-9  567.5E-12  1.6114     0.053371   7.        
 58.295E-9 -3.1168E-9  1.1971E-9  0.172      1.7436     13.       
 60.E-9     4.8292E-9  564.E-12   0.046974   1.7753     15.       
Gnucap   System status
iterations: op=0, dc=0, tran=724, fourier=0, total=780
transient timesteps: accepted=54, rejected=9, total=63
nodes: user=13, subckt=0, model=121, total=134
dctran density=16.4%, ac density=16.4%
