ground \0 ;
resistor #(.r(100k)) Rsource (.p(in),.n(g));
resistor #(.r(25k)) Rload (.p(d),.n(vdd));
N1 #(.l(0.09u),.w(4u)) M1 (.d(d),.g(g),.s(\0 ),.b(\0 ));
vsource #(.dc(1.8)) Vdd (.p(vdd),.n(\0 ));
vsine #(.dc(1.2),.mag(0.1)) Vin (.p(in),.n(\0 ));
#            
 0.          
#Freq         vdb(d)       iter(0)     
 100.        -69.72145     0.          
 125.8925    -69.72145     0.          
 158.4893    -69.72145     0.          
 199.5262    -69.72145     0.          
 251.1886    -69.72145     0.          
 316.2278    -69.72145     0.          
 398.1072    -69.72145     0.          
 501.1872    -69.72145     0.          
 630.9573    -69.72145     0.          
 794.3282    -69.72145     0.          
 1.E+3       -69.72145     0.          
 1.258925E+3 -69.72145     0.          
 1.584893E+3 -69.72145     0.          
 1.995262E+3 -69.72145     0.          
 2.511886E+3 -69.72145     0.          
 3.162278E+3 -69.72145     0.          
 3.981072E+3 -69.72145     0.          
 5.011872E+3 -69.72145     0.          
 6.309573E+3 -69.72145     0.          
 7.943282E+3 -69.72145     0.          
 10.E+3      -69.72145     0.          
 12.58925E+3 -69.72145     0.          
 15.84893E+3 -69.72145     0.          
 19.95262E+3 -69.72145     0.          
 25.11886E+3 -69.72145     0.          
 31.62278E+3 -69.72145     0.          
 39.81072E+3 -69.72145     0.          
 50.11872E+3 -69.72145     0.          
 63.09573E+3 -69.72145     0.          
 79.43282E+3 -69.72145     0.          
 100.E+3     -69.72145     0.          
 125.8925E+3 -69.72145     0.          
 158.4893E+3 -69.72146     0.          
 199.5262E+3 -69.72146     0.          
 251.1886E+3 -69.72147     0.          
 316.2278E+3 -69.72147     0.          
 398.1072E+3 -69.72149     0.          
 501.1872E+3 -69.72151     0.          
 630.9573E+3 -69.72154     0.          
 794.3282E+3 -69.7216      0.          
 1.E+6       -69.72169     0.          
 1.258925E+6 -69.72183     0.          
 1.584893E+6 -69.72204     0.          
 1.995262E+6 -69.72239     0.          
 2.511886E+6 -69.72294     0.          
 3.162278E+6 -69.72381     0.          
 3.981072E+6 -69.72519     0.          
 5.011872E+6 -69.72738     0.          
 6.309573E+6 -69.73085     0.          
 7.943282E+6 -69.73633     0.          
 10.E+6      -69.74501     0.          
 12.58925E+6 -69.75873     0.          
 15.84893E+6 -69.78037     0.          
 19.95262E+6 -69.81444     0.          
 25.11886E+6 -69.86785     0.          
 31.62278E+6 -69.95107     0.          
 39.81072E+6 -70.07953     0.          
 50.11872E+6 -70.27502     0.          
 63.09573E+6 -70.56643     0.          
 79.43282E+6 -70.98837     0.          
 100.E+6     -71.57596     0.          
 125.8925E+6 -72.3554      0.          
 158.4893E+6 -73.33268     0.          
 199.5262E+6 -74.4862      0.          
 251.1886E+6 -75.7674      0.          
 316.2278E+6 -77.10857     0.          
 398.1072E+6 -78.43346     0.          
 501.1872E+6 -79.66812     0.          
 630.9573E+6 -80.7517      0.          
 794.3282E+6 -81.64644     0.          
 1.E+9       -82.34287     0.          
Gnucap   System status
iterations: op=0, dc=7, tran=0, fourier=0, total=78
transient timesteps: accepted=0, rejected=0, total=0
nodes: user=4, subckt=0, model=8, total=12
dctran density=61.1%, ac density=61.1%
