parameter real vscale = 1.0; 
ground \0 ;
P1 #(.l(0.2u),.w(3.6u)) Md1 (.d(out1),.g(in),.s(dd),.b(dd));
N1 #(.l(0.2u),.w(1.8u)) Md2 (.d(out1),.g(in),.s(\0 ),.b(\0 ));
P1 #(.l(0.2u),.w(3.6u)) Md3 (.d(A),.g(out1),.s(dd),.b(dd));
N1 #(.l(0.2u),.w(1.8u)) Md4 (.d(A),.g(out1),.s(\0 ),.b(\0 ));
capacitor #(.c(100f)) c_out1 (.p(out1),.n(\0 ));
capacitor #(.c(100f)) c_A (.p(A),.n(\0 ));
P1 #(.l(0.2u),.w(3.6u)) M1 (.d(Anot),.g(A),.s(dd),.b(dd));
N1 #(.l(0.2u),.w(1.8u)) M2 (.d(Anot),.g(A),.s(\0 ),.b(\0 ));
P1 #(.l(0.2u),.w(3.6u)) M3 (.d(Bnot),.g(in),.s(dd),.b(dd));
N1 #(.l(0.2u),.w(1.8u)) M4 (.d(Bnot),.g(in),.s(\0 ),.b(\0 ));
P1 #(.l(3.6u),.w(1.8u)) M5 (.d(AorBnot),.g(\0 ),.s(dd),.b(dd));
N1 #(.l(0.2u),.w(1.8u)) M6 (.d(AorBnot),.g(in),.s(in_Anot_j),.b(\0 ));
N1 #(.l(0.2u),.w(1.8u)) M7 (.d(in_Anot_j),.g(Anot),.s(\0 ),.b(\0 ));
P1 #(.l(3.6u),.w(1.8u)) M8 (.d(Lnot),.g(\0 ),.s(dd),.b(dd));
N1 #(.l(0.2u),.w(1.8u)) M9 (.d(Lnot),.g(Bnot),.s(bnot_a_j),.b(\0 ));
N1 #(.l(0.2u),.w(1.8u)) M10 (.d(bnot_a_j),.g(A),.s(\0 ),.b(\0 ));
P1 #(.l(3.6u),.w(3.6u)) M11 (.d(out),.g(\0 ),.s(dd),.b(dd));
N1 #(.l(0.2u),.w(1.8u)) M12 (.d(out),.g(AorBnot),.s(aorb_lnot_j),.b(\0 ));
N1 #(.l(0.2u),.w(1.8u)) M13 (.d(aorb_lnot_j),.g(Lnot),.s(\0 ),.b(\0 ));
vsource #(.dc(vscale*1.8)) vcc (.p(dd),.n(\0 ));
vpulse #(.val0(0.0),.val1(vscale*1.8),.td(1n),.rise(0.1n),.fall(0.1n),.width(0.8n),.period(5n)) \vscale*1.8  (.p(in),.n(\0 ));
#Time       v(in)      v(out)     iter(0)   
open circuit: internal node 122
open circuit: internal node 124
open circuit: internal node 126
 0.         1.7263E-9  0.045716   14.       
 100.E-12   1.6871E-9  0.045716   9.        
 200.E-12   1.6849E-9  0.045716   8.        
 300.E-12   1.7688E-9  0.045716   4.        
 400.E-12   1.6842E-9  0.045716   4.        
 500.E-12   1.7684E-9  0.045716   4.        
 600.E-12   1.6844E-9  0.045716   4.        
 700.E-12   1.7682E-9  0.045716   4.        
 800.E-12   1.6846E-9  0.045716   4.        
 900.E-12   1.768E-9   0.045716   4.        
 1.E-9      1.6848E-9  0.045716   4.        
 1.1E-9     1.8        0.0053229  58.       
 1.2E-9     1.8        0.024448   69.       
 1.3E-9     1.8        0.55533    20.       
 1.4E-9     1.8        0.84643    18.       
 1.5E-9     1.8        0.95877    17.       
 1.6E-9     1.8        1.0271     26.       
 1.7E-9     1.8        1.077      14.       
 1.8E-9     1.8        1.1145     10.       
 1.9E-9     1.8        1.137      9.        
 2.E-9      14.517E-9  1.157      57.       
 2.1E-9    -2.3204E-9  1.1871     80.       
 2.2E-9    -1.8728E-9  1.2136     32.       
 2.3E-9    -1.6855E-9  1.2359     20.       
 2.4E-9    -1.4961E-9  1.256      22.       
 2.5E-9    -1.2879E-9  1.2747     23.       
 2.6E-9    -1.1396E-9  1.2926     20.       
 2.7E-9    -1.0567E-9  1.3093     20.       
 2.8E-9    -1.0352E-9  1.323      10.       
 2.9E-9    -1.0201E-9  1.3263     8.        
 3.E-9     -1.0087E-9  1.3085     8.        
 3.1E-9     4.5106E-9  1.262      5.        
 3.2E-9    -1.0049E-9  1.1753     5.        
 3.3E-9     4.5029E-9  1.0018     6.        
 3.4E-9    -1.021E-9   0.26861    7.        
 3.5E-9    -987.E-12   0.060778   11.       
 3.6E-9    -982.6E-12  0.056661   10.       
 3.7E-9    -976.3E-12  0.054303   8.        
 3.8E-9     4.4566E-9  0.052462   5.        
 3.9E-9    -975.5E-12  0.051606   5.        
 4.E-9      4.4489E-9  0.050521   5.        
 4.1E-9    -973.4E-12  0.049992   5.        
 4.2E-9     4.4421E-9  0.049295   4.        
 4.3E-9    -970.7E-12  0.048931   4.        
 4.4E-9     4.4357E-9  0.048454   4.        
 4.5E-9    -968.E-12   0.048188   4.        
 4.6E-9     4.4292E-9  0.047847   4.        
 4.7E-9    -965.4E-12  0.047644   4.        
 4.8E-9     4.4229E-9  0.047389   4.        
 4.9E-9    -962.4E-12  0.047228   4.        
 5.E-9      4.4172E-9  0.047033   4.        
 5.1E-9    -958.7E-12  0.046905   4.        
 5.2E-9     4.4122E-9  0.046754   4.        
 5.3E-9    -954.6E-12  0.046653   4.        
 5.4E-9     4.4074E-9  0.046536   4.        
 5.5E-9    -950.5E-12  0.046457   4.        
 5.6E-9     4.4027E-9  0.046365   4.        
 5.7E-9    -946.2E-12  0.046304   4.        
 5.8E-9     4.3981E-9  0.046231   4.        
 5.9E-9    -941.9E-12  0.046183   4.        
 6.E-9      4.3936E-9  0.046126   4.        
 6.1E-9     1.8        0.0019389  58.       
 6.2E-9     1.8        0.066517   72.       
 6.3E-9     1.8        0.58972    20.       
 6.4E-9     1.8        0.85887    23.       
 6.5E-9     1.8        0.96504    20.       
 6.6E-9     1.8        1.0314     26.       
 6.7E-9     1.8        1.0803     14.       
 6.8E-9     1.8        1.1172     10.       
 6.9E-9     1.8        1.1395     9.        
 7.E-9      28.994E-9  1.1592     54.       
 7.1E-9    -8.5348E-9  1.1891     88.       
 7.2E-9    -8.1154E-9  1.2154     32.       
 7.3E-9    -7.9006E-9  1.2377     20.       
 7.4E-9    -7.6836E-9  1.2577     22.       
 7.5E-9    -7.4483E-9  1.2763     23.       
 7.6E-9    -7.2735E-9  1.294      20.       
 7.7E-9    -7.1645E-9  1.3106     20.       
 7.8E-9    -7.1364E-9  1.3242     10.       
 7.9E-9    -7.1149E-9  1.3275     8.        
 8.E-9     -7.0972E-9  1.3097     8.        
 8.1E-9     10.597E-9  1.2632     5.        
 8.2E-9    -7.0901E-9  1.1768     5.        
 8.3E-9     10.587E-9  1.0045     6.        
 8.4E-9    -7.1028E-9  0.27297    7.        
 8.5E-9    -7.0621E-9  0.060817   11.       
 8.6E-9    -7.0514E-9  0.056657   10.       
 8.7E-9    -7.0387E-9  0.05429    8.        
 8.8E-9     10.517E-9  0.052477   5.        
 8.9E-9    -7.0347E-9  0.051592   5.        
 9.E-9      10.506E-9  0.050536   5.        
 9.1E-9    -7.0294E-9  0.049976   5.        
 9.2E-9     10.497E-9  0.049311   4.        
 9.3E-9    -7.0235E-9  0.048914   5.        
 9.4E-9     10.487E-9  0.048471   4.        
 9.5E-9    -7.0176E-9  0.048171   4.        
 9.6E-9     10.477E-9  0.047864   4.        
 9.7E-9    -7.0118E-9  0.047627   4.        
 9.8E-9     10.468E-9  0.047406   4.        
 9.9E-9    -7.0057E-9  0.047211   4.        
 10.E-9     10.459E-9  0.04705    4.        
Gnucap   System status
iterations: op=0, dc=0, tran=1418, fourier=0, total=1705
transient timesteps: accepted=283, rejected=4, total=287
nodes: user=12, subckt=0, model=121, total=133
dctran density=18.0%, ac density=18.0%
