ground \0 ;
P1 #(.l(0.2u),.w(3.6u)) Md1 (.d(out1),.g(in),.s(dd),.b(dd));
N1 #(.l(0.2u),.w(1.8u)) Md2 (.d(out1),.g(in),.s(\0 ),.b(\0 ));
P1 #(.l(0.2u),.w(3.6u)) Md3 (.d(A),.g(out1),.s(dd),.b(dd));
N1 #(.l(0.2u),.w(1.8u)) Md4 (.d(A),.g(out1),.s(\0 ),.b(\0 ));
capacitor #(.c(100f)) c_out1 (.p(out1),.n(\0 ));
capacitor #(.c(100f)) c_A (.p(A),.n(\0 ));
P1 #(.l(0.2u),.w(3.6u)) M1 (.d(Anot),.g(A),.s(dd),.b(dd));
N1 #(.l(0.2u),.w(1.8u)) M2 (.d(Anot),.g(A),.s(\0 ),.b(\0 ));
P1 #(.l(0.2u),.w(3.6u)) M3 (.d(Bnot),.g(in),.s(dd),.b(dd));
N1 #(.l(0.2u),.w(1.8u)) M4 (.d(Bnot),.g(in),.s(\0 ),.b(\0 ));
P1 #(.l(3.6u),.w(1.8u)) M5 (.d(AorBnot),.g(\0 ),.s(dd),.b(dd));
N1 #(.l(0.2u),.w(1.8u)) M6 (.d(AorBnot),.g(in),.s(in_Anot_j),.b(\0 ));
N1 #(.l(0.2u),.w(1.8u)) M7 (.d(in_Anot_j),.g(Anot),.s(\0 ),.b(\0 ));
P1 #(.l(3.6u),.w(1.8u)) M8 (.d(Lnot),.g(\0 ),.s(dd),.b(dd));
N1 #(.l(0.2u),.w(1.8u)) M9 (.d(Lnot),.g(Bnot),.s(bnot_a_j),.b(\0 ));
N1 #(.l(0.2u),.w(1.8u)) M10 (.d(bnot_a_j),.g(A),.s(\0 ),.b(\0 ));
P1 #(.l(3.6u),.w(3.6u)) M11 (.d(out),.g(\0 ),.s(dd),.b(dd));
N1 #(.l(0.2u),.w(1.8u)) M12 (.d(out),.g(AorBnot),.s(aorb_lnot_j),.b(\0 ));
N1 #(.l(0.2u),.w(1.8u)) M13 (.d(aorb_lnot_j),.g(Lnot),.s(\0 ),.b(\0 ));
vsource #(.dc(1.8)) vcc (.p(dd),.n(\0 ));
vpulse #(.val0(0.0),.val1(1.8),.td(1n),.rise(0.1n),.fall(0.1n),.width(0.8n),.period(5n)) vin (.p(in),.n(\0 ));
#Time       v(in)      v(out)     iter(0)   
open circuit: internal node 122
open circuit: internal node 124
open circuit: internal node 126
 0.         1.7263E-9  0.045716   14.       
 100.E-12   1.7273E-9  0.045716   4.        
 1.E-9      1.7255E-9  0.045716   5.        
 1.101E-9   1.8        0.011842   9.        
 1.368E-9   1.8        0.44475    9.        
 1.501E-9   1.8        0.88223    7.        
 1.634E-9   1.8        0.99195    9.        
 1.767E-9   1.8        1.0685     8.        
 1.9E-9     1.8        1.1206     6.        
 2.001E-9   3.1376E-9  1.1463     9.        
 2.003E-9   2.3894E-9  1.1468     15.       
 2.004E-9   3.5443E-9  1.1471     5.        
 2.005E-9   1.6072E-9  1.1474     4.        
 2.006E-9   3.9543E-9  1.1477     4.        
 2.032E-9   372.7E-12  1.1557     7.        
 2.101E-9   1.8518E-9  1.1768     8.        
 2.241E-9   331.9E-12  1.2173     9.        
 2.51E-9    2.8613E-9  1.2469     12.       
 2.859E-9   572.5E-12  1.055      15.       
 3.383E-9   2.9371E-9  0.030344   13.       
 4.038E-9   542.E-12   0.070227   9.        
 5.019E-9   2.9243E-9  0.028374   9.        
 6.E-9      534.8E-12  0.063275   8.        
 6.101E-9   1.8        0.0011224  9.        
 6.501E-9   1.8        0.93797    12.       
 6.634E-9   1.8        0.90545    8.        
 6.767E-9   1.8        0.17959    13.       
 6.9E-9     1.8        0.04993    6.        
 7.001E-9   44.957E-9  0.12428    8.        
 7.003E-9  -35.569E-9  0.13487    15.       
 7.004E-9   35.365E-9  0.13984    5.        
 7.005E-9  -24.928E-9  0.145      4.        
 7.006E-9   26.8E-9    0.14991    4.        
 7.018E-9  -21.359E-9  0.20445    5.        
 7.044E-9   25.42E-9   0.28624    8.        
 7.131E-9  -23.146E-9  0.21398    8.        
 7.262E-9   25.249E-9  0.46793    10.       
 7.536E-9  -22.037E-9  0.34858    15.       
 7.81E-9    25.496E-9  0.018237   14.       
 8.248E-9  -21.967E-9  0.087052   12.       
 8.832E-9   25.454E-9  0.021984   8.        
 9.416E-9  -21.981E-9  0.070829   11.       
 10.E-9     25.441E-9  0.026441   10.       
Gnucap   System status
iterations: op=0, dc=0, tran=383, fourier=0, total=428
transient timesteps: accepted=43, rejected=2, total=45
nodes: user=12, subckt=0, model=121, total=133
dctran density=18.0%, ac density=18.0%
