parameter real vscale = 1.0; 
ground \0 ;
P1 #(.l(0.2u),.w(3.6u)) Md1 (.d(out1),.g(in),.s(dd),.b(dd));
N1 #(.l(0.2u),.w(1.8u)) Md2 (.d(out1),.g(in),.s(\0 ),.b(\0 ));
P1 #(.l(0.2u),.w(3.6u)) Md3 (.d(A),.g(out1),.s(dd),.b(dd));
N1 #(.l(0.2u),.w(1.8u)) Md4 (.d(A),.g(out1),.s(\0 ),.b(\0 ));
capacitor #(.c(100f)) c_out1 (.p(out1),.n(\0 ));
capacitor #(.c(100f)) c_A (.p(A),.n(\0 ));
P1 #(.l(0.2u),.w(3.6u)) M1 (.d(Anot),.g(A),.s(dd),.b(dd));
N1 #(.l(0.2u),.w(1.8u)) M2 (.d(Anot),.g(A),.s(\0 ),.b(\0 ));
P1 #(.l(0.2u),.w(3.6u)) M3 (.d(Bnot),.g(in),.s(dd),.b(dd));
N1 #(.l(0.2u),.w(1.8u)) M4 (.d(Bnot),.g(in),.s(\0 ),.b(\0 ));
P1 #(.l(3.6u),.w(1.8u)) M5 (.d(AorBnot),.g(\0 ),.s(dd),.b(dd));
N1 #(.l(0.2u),.w(1.8u)) M6 (.d(AorBnot),.g(in),.s(in_Anot_j),.b(\0 ));
N1 #(.l(0.2u),.w(1.8u)) M7 (.d(in_Anot_j),.g(Anot),.s(\0 ),.b(\0 ));
P1 #(.l(3.6u),.w(1.8u)) M8 (.d(Lnot),.g(\0 ),.s(dd),.b(dd));
N1 #(.l(0.2u),.w(1.8u)) M9 (.d(Lnot),.g(Bnot),.s(bnot_a_j),.b(\0 ));
N1 #(.l(0.2u),.w(1.8u)) M10 (.d(bnot_a_j),.g(A),.s(\0 ),.b(\0 ));
P1 #(.l(3.6u),.w(3.6u)) M11 (.d(out),.g(\0 ),.s(dd),.b(dd));
N1 #(.l(0.2u),.w(1.8u)) M12 (.d(out),.g(AorBnot),.s(aorb_lnot_j),.b(\0 ));
N1 #(.l(0.2u),.w(1.8u)) M13 (.d(aorb_lnot_j),.g(Lnot),.s(\0 ),.b(\0 ));
vsource #(.dc(vscale*1.8)) vcc (.p(dd),.n(\0 ));
vpulse #(.val0(0.0),.val1(vscale*1.8),.td(1n),.rise(0.1n),.fall(0.1n),.width(0.8n),.period(5n)) \vscale*1.8  (.p(in),.n(\0 ));
#Time       v(in)      v(out)     iter(0)   
open circuit: internal node 122
open circuit: internal node 124
open circuit: internal node 126
 0.         1.7263E-9  0.045716   14.       
 100.E-12   1.6871E-9  0.045716   9.        
 200.E-12   1.7698E-9  0.045716   4.        
 300.E-12   1.6853E-9  0.045716   4.        
 400.E-12   1.7678E-9  0.045716   4.        
 500.E-12   1.6851E-9  0.045716   4.        
 600.E-12   1.7675E-9  0.045716   4.        
 700.E-12   1.6852E-9  0.045716   4.        
 800.E-12   1.7673E-9  0.045716   4.        
 900.E-12   1.6854E-9  0.045716   4.        
 1.E-9      1.7671E-9  0.045716   4.        
 1.1E-9     1.8        0.0053161  32.       
 1.2E-9     1.8        0.023939   37.       
 1.3E-9     1.8        0.55548    16.       
 1.4E-9     1.8        0.84649    13.       
 1.5E-9     1.8        0.95874    12.       
 1.6E-9     1.8        1.0274     12.       
 1.7E-9     1.8        1.0771     10.       
 1.8E-9     1.8        1.1133     5.        
 1.9E-9     1.8        1.1335     5.        
 2.E-9      10.588E-9  1.1523     32.       
 2.1E-9     1.0269E-9  1.1829     49.       
 2.2E-9     941.7E-12  1.2101     18.       
 2.3E-9     1.1352E-9  1.2331     11.       
 2.4E-9     1.355E-9   1.2536     13.       
 2.5E-9     1.5377E-9  1.2725     13.       
 2.6E-9     1.6589E-9  1.2904     12.       
 2.7E-9     1.7327E-9  1.3073     10.       
 2.8E-9     1.7378E-9  1.3207     6.        
 2.9E-9     1.7669E-9  1.3237     5.        
 3.E-9      1.729E-9   1.3061     5.        
 3.1E-9     1.7834E-9  1.2598     5.        
 3.2E-9     1.7123E-9  1.1733     5.        
 3.3E-9     1.7959E-9  0.99861    6.        
 3.4E-9     1.6756E-9  0.26478    7.        
 3.5E-9     1.809E-9   0.019566   6.        
 3.6E-9     1.6802E-9  0.071742   6.        
 3.7E-9     1.814E-9   0.047628   5.        
 3.8E-9     1.6607E-9  0.055861   5.        
 3.9E-9     1.8262E-9  0.049671   5.        
 4.E-9      1.6415E-9  0.051778   5.        
 4.1E-9     1.8396E-9  0.049119   5.        
 4.2E-9     1.6237E-9  0.049935   5.        
 4.3E-9     1.8532E-9  0.048445   5.        
 4.4E-9     1.6065E-9  0.048824   5.        
 4.5E-9     1.8666E-9  0.047898   5.        
 4.6E-9     1.5894E-9  0.048068   5.        
 4.7E-9     1.8796E-9  0.047469   5.        
 4.8E-9     1.5727E-9  0.047521   5.        
 4.9E-9     1.893E-9   0.047125   5.        
 5.E-9      1.5568E-9  0.047108   5.        
 5.1E-9     1.9069E-9  0.046846   5.        
 5.2E-9     1.5416E-9  0.046794   5.        
 5.3E-9     1.921E-9   0.046623   5.        
 5.4E-9     1.5267E-9  0.046554   5.        
 5.5E-9     1.9353E-9  0.046445   5.        
 5.6E-9     1.512E-9   0.046369   5.        
 5.7E-9     1.9495E-9  0.046304   5.        
 5.8E-9     1.4975E-9  0.046226   5.        
 5.9E-9     1.9637E-9  0.046191   5.        
 6.E-9      1.4831E-9  0.046114   5.        
 6.1E-9     1.8        0.0018869  32.       
 6.2E-9     1.8        0.071464   39.       
 6.3E-9     1.8        0.59477    15.       
 6.4E-9     1.8        0.86065    13.       
 6.5E-9     1.8        0.96592    12.       
 6.6E-9     1.8        1.0323     12.       
 6.7E-9     1.8        1.0809     10.       
 6.8E-9     1.8        1.1165     5.        
 6.9E-9     1.8        1.1364     5.        
 7.E-9      9.8556E-9  1.155      32.       
 7.1E-9    -1.2024E-9  1.1852     49.       
 7.2E-9     3.3125E-9  1.2131     18.       
 7.3E-9     3.5073E-9  1.236      11.       
 7.4E-9     3.7298E-9  1.2563     13.       
 7.5E-9     3.9155E-9  1.275      13.       
 7.6E-9     4.04E-9    1.2928     12.       
 7.7E-9     4.1171E-9  1.3095     10.       
 7.8E-9     4.163E-9   1.3232     10.       
 7.9E-9    -675.9E-12  1.3261     5.        
 8.E-9      4.1877E-9  1.3085     5.        
 8.1E-9    -691.6E-12  1.2622     5.        
 8.2E-9     4.2035E-9  1.1762     5.        
 8.3E-9    -711.5E-12  1.0041     6.        
 8.4E-9     4.1998E-9  0.27338    7.        
 8.5E-9    -731.9E-12  0.018684   6.        
 8.6E-9     4.2373E-9  0.072215   6.        
 8.7E-9    -759.2E-12  0.04738    5.        
 8.8E-9     4.2499E-9  0.056039   5.        
 8.9E-9    -779.E-12   0.049546   5.        
 9.E-9      4.2627E-9  0.051884   5.        
 9.1E-9    -797.6E-12  0.049034   5.        
 9.2E-9     4.2767E-9  0.050012   5.        
 9.3E-9    -815.7E-12  0.048379   5.        
 9.4E-9     4.2912E-9  0.048886   5.        
 9.5E-9    -833.9E-12  0.047842   5.        
 9.6E-9     4.3056E-9  0.048122   5.        
 9.7E-9    -852.1E-12  0.04742    5.        
 9.8E-9     4.3199E-9  0.047569   5.        
 9.9E-9    -869.7E-12  0.047079   5.        
 10.E-9     4.3349E-9  0.047154   5.        
Gnucap   System status
iterations: op=0, dc=0, tran=956, fourier=0, total=1131
transient timesteps: accepted=171, rejected=4, total=175
nodes: user=12, subckt=0, model=121, total=133
dctran density=18.0%, ac density=18.0%
