ground \0 ;
// vsource #(.dc(0.0)) Vic(c, \0 );
ground c;
N1 #(.l(0.09u),.w(2u)) M6 (.d(vout),.g(bias),.s(vss),.b(vss));
N1 #(.l(0.09u),.w(2u)) M7 (.d(vout),.g(bias2),.s(vdd),.b(out));
P1 #(.l(0.09u),.w(2u)) M3 (.d(vdd),.g(bias1),.s(bias1),.b(vdd));
P1 #(.l(0.09u),.w(2u)) M4 (.d(bias2),.g(bias1),.s(vdd),.b(vdd));
N1 #(.l(0.09u),.w(2u)) M5 (.d(cm),.g(bias),.s(vss),.b(vss));
N1 #(.l(0.09u),.w(2u)) Mbias (.d(bias),.g(bias),.s(vss),.b(vss));
N1 #(.l(0.09u),.w(10u)) M1 (.d(bias1),.g(in1),.s(cm),.b(cm));
N1 #(.l(0.09u),.w(10u)) M2 (.d(bias2),.g(in2),.s(cm),.b(cm));
resistor #(.r(195k)) Rbias (.p(\0 ),.n(bias));
capacitor #(.c(2p)) Cfb (.p(bias2),.n(vout));
vcvs #(.gain(-1.0),.offset(0.0)) Eid (.p(in2),.n(c),.cp(in1),.cn(c));
vsine #(.dc(0.0),.mag(0.1)) Vid (.p(in1),.n(c));
vsource #(.dc(-1.8)) Vss (.p(vss),.n(\0 ));
vsource #(.dc(+1.8)) Vdd (.p(vdd),.n(\0 ));
#             v(in1)       v(in2)       v(vout)     
open circuit: internal node 62
open circuit: internal node 62
open circuit: internal node 62
open circuit: internal node 62
open circuit: internal node 62
open circuit: internal node 62
open circuit: internal node 62
open circuit: internal node 62
open circuit: internal node 62
open circuit: internal node 62
open circuit: internal node 62
open circuit: internal node 62
open circuit: internal node 62
open circuit: internal node 62
open circuit: internal node 62
open circuit: internal node 62
open circuit: internal node 62
open circuit: internal node 62
open circuit: internal node 62
open circuit: internal node 62
open circuit: internal node 62
open circuit: internal node 62
open circuit: internal node 62
open circuit: internal node 62
 0.           7.123p      -14.f         0.7662052   
#Freq         vdb(vout)    iter(0)     
 100.         0.1026384    0.          
 125.8925     0.1026384    0.          
 158.4893     0.1026384    0.          
 199.5262     0.1026384    0.          
 251.1886     0.1026384    0.          
 316.2278     0.1026383    0.          
 398.1072     0.1026383    0.          
 501.1872     0.1026382    0.          
 630.9573     0.1026381    0.          
 794.3282     0.1026378    0.          
 1.E+3        0.1026375    0.          
 1.258925E+3  0.1026368    0.          
 1.584893E+3  0.1026359    0.          
 1.995262E+3  0.1026344    0.          
 2.511886E+3  0.1026321    0.          
 3.162278E+3  0.1026284    0.          
 3.981072E+3  0.1026225    0.          
 5.011872E+3  0.1026131    0.          
 6.309573E+3  0.1025983    0.          
 7.943282E+3  0.1025748    0.          
 10.E+3       0.1025376    0.          
 12.58925E+3  0.1024787    0.          
 15.84893E+3  0.1023852    0.          
 19.95262E+3  0.1022371    0.          
 25.11886E+3  0.1020023    0.          
 31.62278E+3  0.1016303    0.          
 39.81072E+3  0.1010407    0.          
 50.11872E+3  0.1001064    0.          
 63.09573E+3  0.09862608   0.          
 79.43282E+3  0.09628097   0.          
 100.E+3      0.09256681   0.          
 125.8925E+3  0.08668671   0.          
 158.4893E+3  0.07738378   0.          
 199.5262E+3  0.06268035   0.          
 251.1886E+3  0.03947841   0.          
 316.2278E+3  0.002958035  0.          
 398.1072E+3 -0.05430083   0.          
 501.1872E+3 -0.1435308    0.          
 630.9573E+3 -0.2812979    0.          
 794.3282E+3 -0.4910648    0.          
 1.E+6       -0.8040583    0.          
 1.258925E+6 -1.258075     0.          
 1.584893E+6 -1.892556     0.          
 1.995262E+6 -2.739759     0.          
 2.511886E+6 -3.814697     0.          
 3.162278E+6 -5.109684     0.          
 3.981072E+6 -6.59713      0.          
 5.011872E+6 -8.238591     0.          
 6.309573E+6 -9.994524     0.          
 7.943282E+6 -11.83053     0.          
 10.E+6      -13.71953     0.          
 12.58925E+6 -15.64118     0.          
 15.84893E+6 -17.58014     0.          
 19.95262E+6 -19.52399     0.          
 25.11886E+6 -21.46115     0.          
 31.62278E+6 -23.3789      0.          
 39.81072E+6 -25.26127     0.          
 50.11872E+6 -27.08707     0.          
 63.09573E+6 -28.8282      0.          
 79.43282E+6 -30.44953     0.          
 100.E+6     -31.91178     0.          
Gnucap   System status
iterations: op=0, dc=45, tran=0, fourier=0, total=106
transient timesteps: accepted=0, rejected=0, total=0
nodes: user=10, subckt=0, model=57, total=67
dctran density=28.6%, ac density=28.6%
