parameter real vscale = 1.0; 
ground \0 ;
P1 #(.l(0.2u),.w(3.6u)) Md1 (.d(out1),.g(in),.s(dd),.b(dd));
N1 #(.l(0.2u),.w(1.8u)) Md2 (.d(out1),.g(in),.s(\0 ),.b(\0 ));
P1 #(.l(0.2u),.w(3.6u)) Md3 (.d(A),.g(out1),.s(dd),.b(dd));
N1 #(.l(0.2u),.w(1.8u)) Md4 (.d(A),.g(out1),.s(\0 ),.b(\0 ));
capacitor #(.c(100f)) c_out1 (.p(out1),.n(\0 ));
capacitor #(.c(100f)) c_A (.p(A),.n(\0 ));
P1 #(.l(0.2u),.w(3.6u)) M1 (.d(Anot),.g(A),.s(dd),.b(dd));
N1 #(.l(0.2u),.w(1.8u)) M2 (.d(Anot),.g(A),.s(\0 ),.b(\0 ));
P1 #(.l(0.2u),.w(3.6u)) M3 (.d(Bnot),.g(in),.s(dd),.b(dd));
N1 #(.l(0.2u),.w(1.8u)) M4 (.d(Bnot),.g(in),.s(\0 ),.b(\0 ));
P1 #(.l(3.6u),.w(1.8u)) M5 (.d(AorBnot),.g(\0 ),.s(dd),.b(dd));
N1 #(.l(0.2u),.w(1.8u)) M6 (.d(AorBnot),.g(in),.s(in_Anot_j),.b(\0 ));
N1 #(.l(0.2u),.w(1.8u)) M7 (.d(in_Anot_j),.g(Anot),.s(\0 ),.b(\0 ));
P1 #(.l(3.6u),.w(1.8u)) M8 (.d(Lnot),.g(\0 ),.s(dd),.b(dd));
N1 #(.l(0.2u),.w(1.8u)) M9 (.d(Lnot),.g(Bnot),.s(bnot_a_j),.b(\0 ));
N1 #(.l(0.2u),.w(1.8u)) M10 (.d(bnot_a_j),.g(A),.s(\0 ),.b(\0 ));
P1 #(.l(3.6u),.w(3.6u)) M11 (.d(out),.g(\0 ),.s(dd),.b(dd));
N1 #(.l(0.2u),.w(1.8u)) M12 (.d(out),.g(AorBnot),.s(aorb_lnot_j),.b(\0 ));
N1 #(.l(0.2u),.w(1.8u)) M13 (.d(aorb_lnot_j),.g(Lnot),.s(\0 ),.b(\0 ));
parameter vscale*1.8 = 1.8;
vsource #(.dc(vscale*1.8)) vcc (.p(dd),.n(\0 ));
vpulse #(.val0(0.0),.val1(vscale*1.8),.td(1n),.rise(0.1n),.fall(0.1n),.width(0.8n),.period(5n)) \vscale*1.8  (.p(in),.n(\0 ));
#Time       v(in)      v(out)     iter(0)   
open circuit: internal node 122
open circuit: internal node 124
open circuit: internal node 126
 0.         1.7263E-9  0.045716   14.       
 100.E-12   1.7273E-9  0.045716   4.        
 1.E-9      1.7255E-9  0.045716   5.        
 1.101E-9   1.8        0.011842   9.        
 1.235E-9   1.8       -0.070268   8.        
 1.369E-9   1.8        0.65788    10.       
 1.458E-9   1.8        0.86395    7.        
 1.547E-9   1.8        0.95913    7.        
 1.724E-9   1.8        1.0671     8.        
 1.9E-9     1.8        1.1204     7.        
 2.001E-9   47.099E-9  1.1357     7.        
 2.003E-9  -37.74E-9   1.1364     13.       
 2.004E-9   37.687E-9  1.1367     4.        
 2.005E-9  -27.314E-9  1.1371     4.        
 2.006E-9   29.192E-9  1.1374     4.        
 2.012E-9  -23.348E-9  1.1395     5.        
 2.023E-9   27.805E-9  1.1432     6.        
 2.051E-9  -24.237E-9  1.1525     6.        
 2.106E-9   26.226E-9  1.1698     7.        
 2.161E-9  -24.167E-9  1.1865     7.        
 2.281E-9   26.529E-9  1.219      7.        
 2.401E-9  -23.757E-9  1.2467     9.        
 2.601E-9   26.912E-9  1.2848     9.        
 2.801E-9  -23.415E-9  1.3142     12.       
 3.092E-9   26.91E-9   1.254      6.        
 3.383E-9  -23.4E-9    0.47713    9.        
 3.907E-9   26.876E-9 -0.10027    8.        
 4.431E-9  -23.395E-9  0.19517    7.        
 4.955E-9   26.847E-9 -0.059869   9.        
 6.E-9     -23.387E-9  0.15453    7.        
 6.101E-9   1.8       -0.038523   9.        
 6.301E-9   1.8        0.7986     9.        
 6.361E-9   1.8        0.90741    29.       
 6.438E-9   1.8        0.97409    7.        
 6.515E-9   1.8        1.023      7.        
 6.644E-9   1.8        1.087      7.        
 6.773E-9   1.8        1.1297     7.        
 6.9E-9     1.8        1.1449     6.        
 7.001E-9   27.701E-9  1.1557     9.        
 7.003E-9  -20.862E-9  1.1563     15.       
 7.004E-9   24.276E-9  1.1566     5.        
 7.005E-9  -17.203E-9  1.1569     4.        
 7.006E-9   21.1E-9    1.1572     4.        
 7.015E-9  -15.988E-9  1.1599     5.        
 7.033E-9   19.852E-9  1.1653     5.        
 7.081E-9  -17.487E-9  1.178      7.        
 7.129E-9   19.392E-9  1.189      7.        
 7.236E-9  -17.073E-9  1.213      7.        
 7.343E-9   19.612E-9  1.2361     6.        
 7.565E-9  -16.534E-9  1.2791     10.       
 7.787E-9   20.004E-9  1.3147     13.       
 8.009E-9  -16.498E-9  1.3058     8.        
 8.231E-9   19.994E-9  1.1651     7.        
 8.585E-9  -16.503E-9  0.11717    7.        
 8.939E-9   19.98E-9   0.012411   7.        
 9.47E-9   -16.509E-9  0.080997   8.        
 10.E-9     19.972E-9  0.020501   6.        
Gnucap   System status
iterations: op=0, dc=0, tran=446, fourier=0, total=505
transient timesteps: accepted=57, rejected=3, total=60
nodes: user=12, subckt=0, model=121, total=133
dctran density=18.0%, ac density=18.0%
