paramset N1 bsim4va;
  parameter real l=0.09u;
   parameter real w=10.0u;
   parameter integer nf = 1;
   parameter integer rgeomod = 0 from [0:0];
   parameter real ad=0;
   parameter real pd=0;
   parameter real as=0;
   parameter real ps=0;
   parameter real sa=0;
   parameter real sb=0;
   parameter real sd=0;
 .l=l; .w=w; .nf=nf; .ad=ad; .pd=pd; .as=as; .ps=ps; .sa=sa; .sb=sb; .sd=sd; .type=1; .level=14; .version=4.80; .binunit=1; .paramchk=1; .mobmod=0; .capmod=1; .igcmod=1; .igbmod=1; .geomod=1; .rgeomod=0; .diomod=1; .rdsmod=0; .rbodymod=0; .rgatemod=1; .permod=1; .acnqsmod=0; .trnqsmod=0; .tempmod=0; .mtrlmod=1; .cvchargemod=0; .mtrlcompatmod=1; .eot=1.8e-9; .vddeot=1.5; .ados=1.1; .bdos=1.0; .tnom=27.0; .toxe=1.8e-9; .toxp=1.0e-9; .toxm=1.8e-9; .dtox=8e-10; .epsrox=3.9; .wint=5e-9; .lint=1e-9; .ll=0; .wl=0; .lln=1; .wln=1; .lw=0; .ww=0; .lwn=1; .wwn=1; .lwl=0; .wwl=0; .xpart=1; .toxref=1.4e-9; .phig=4.05; .epsrgate=11.7; .saref=5e-6; .sbref=5e-6; .wlod=2e-6; .ku0=(- 4e-6); .kvsat=0.2; .kvth0=(- 2e-8); .tku0=0; .llodku0=1.1; .wlodku0=1.1; .llodvth=1.0; .wlodvth=1.0; .lku0=1e-6; .wku0=1e-6; .pku0=0; .lkvth0=1.1e-6; .wkvth0=1.1e-6; .pkvth0=0; .stk2=0; .lodk2=1.0; .steta0=0; .lodeta0=1.0; .lambda=4e-10; .vsat=1.1e5; .vtl=2.0e5; .xn=6.0; .lc=5e-9; .rnoia=0.577; .rnoib=0.37; .tvoff=0; .tvfbsdoff=0; .vth0=0.25; .k1=0.35; .k2=0.05; .k3=0; .k3b=0; .w0=2.5e-6; .dvt0=1.8; .dvt1=0.52; .dvt2=(- 0.032); .dvt0w=0; .dvt1w=0; .dvt2w=0; .dsub=2; .minv=0.05; .voffl=0; .dvtp0=1e-7; .minvcv=2; .voffcvl=0; .dvtp1=0.05; .lpe0=5.75e-8; .lpeb=2.3e-10; .xj=2e-8; .ngate=5e20; .ndep=2.8e18; .nsd=1e20; .phin=0; .cdsc=0.0002; .cdscb=0; .cdscd=0; .cit=0; .voff=(- 0.15); .nfactor=1.2; .eta0=0.05; .etab=0; .uc=(- 3e-11); .vfb=(- 0.55); .u0=0.032; .ua=5.0e-11; .ub=3.5e-18; .a0=2; .ags=1e-20; .a1=0; .a2=1; .b0=(- 1e-20); .b1=0; .keta=0.04; .dwg=0; .dwb=0; .pclm=0.08; .pdiblc1=0.028; .pdiblc2=0.022; .pdiblcb=(- 0.005); .drout=0.45; .pvag=1e-20; .delta=0.01; .pscbe1=8.14e8; .pscbe2=5e-8; .fprout=0.2; .pdits=0.2; .pditsd=0.23; .pditsl=2.3e6; .rsh=0; .rdsw=50; .rsw=50; .rdw=50; .rdswmin=0; .rdwmin=0; .rswmin=0; .prwg=0; .prwb=6.8e-11; .wr=1; .alpha0=0.074; .alpha1=0.005; .beta0=30; .agidl=0.0001; .bgidl=2.1e9; .cgidl=0.0001; .egidl=0.8; .agisl=0.0002; .bgisl=2.1e9; .cgisl=0.0002; .egisl=0.8; .aigbacc=0.012; .bigbacc=0.0028; .cigbacc=0.002; .nigbacc=1; .aigbinv=0.014; .bigbinv=0.004; .cigbinv=0.004; .eigbinv=1.1; .nigbinv=3; .aigc=0.012; .bigc=0.0028; .cigc=0.002; .aigs=0.012; .bigs=0.0028; .cigs=0.002; .nigc=1; .poxedge=1; .pigcd=1; .ntox=1; .aigd=0.01; .bigd=0.003; .cigd=0.0015; .xrcrg1=12; .xrcrg2=5; .cgso=6.238e-10; .cgdo=6.238e-10; .cgbo=2.56e-11; .cgdl=2.495e-10; .cgsl=2.495e-10; .ckappas=0.03; .ckappad=0.03; .acde=1; .moin=15; .noff=0.9; .voffcv=(- 0.02); .kt1=(- 0.37); .kt1l=0.0; .kt2=(- 0.042); .ute=(- 1.5); .ua1=1e-9; .ub1=(- 3.5e-19); .uc1=0; .prt=0; .at=53000; .fnoimod=1; .tnoimod=0; .jss=0.0001; .jsws=1e-11; .jswgs=1e-10; .njs=1; .ijthsfwd=0.01; .ijthsrev=0.001; .bvs=10; .xjbvs=1; .jsd=0.0001; .jswd=1e-11; .jswgd=1e-10; .njd=1; .ijthdfwd=0.01; .ijthdrev=0.001; .bvd=10; .xjbvd=1; .pbs=1; .cjs=0.0005; .mjs=0.5; .pbsws=1; .cjsws=5e-10; .mjsws=0.33; .pbswgs=1; .cjswgs=3e-10; .mjswgs=0.33; .pbd=1; .cjd=0.0005; .mjd=0.5; .pbswd=1; .cjswd=5e-10; .mjswd=0.33; .pbswgd=1; .cjswgd=5e-10; .mjswgd=0.33; .tpb=0.005; .tcj=0.001; .tpbsw=0.005; .tcjsw=0.001; .tpbswg=0.005; .tcjswg=0.001; .xtis=3; .xtid=3; .dmcg=0; .dmci=0; .dmdg=0; .dmcgt=0; .dwj=0; .xgw=0; .xgl=0; .rshg=0.4; .gbmin=1e-10; .rbpb=5; .rbpd=15; .rbps=15; .rbdb=15; .rbsb=15; .ngcon=1; .jtss=1e-4; .jtsd=1e-4; .jtssws=1e-10; .jtsswd=1e-10; .jtsswgs=1e-7; .jtsswgd=1e-7; .njts=20.0; .njtssw=15; .njtsswg=6; .vtss=10; .vtsd=10; .vtssws=10; .vtsswd=10; .njtsd=15.0; .njtsswd=20; .njtsswgd=6; .tnjts=0.1; .tnjtsd=0.05; .vtsswgs=2; .vtsswgd=2; .xtss=0.02; .xtsd=0.02; .xtssws=0.02; .xtsswd=0.02; .xtsswgs=0.02; .xtsswgd=0.02;
endparamset

paramset P1 bsim4va;
  parameter real l=0.09u;
   parameter real w=10.0u;
   parameter integer nf=1;
   parameter integer rgeomod = 0 from [0:0];
   parameter real ad=0;
   parameter real pd=0;
   parameter real as=0;
   parameter real ps=0;
   parameter real sa=0;
   parameter real sb=0;
   parameter real sd=0;
 .l=l; .w=w; .nf=nf; .ad=ad; .pd=pd; .ps=ps; .as=as; .sa=sa; .sb=sb; .sd=sd; .type=(- 1); .level=14; .version=4.80; .binunit=1; .paramchk=1; .mobmod=0; .capmod=2; .igcmod=1; .igbmod=1; .geomod=1; .diomod=1; .rdsmod=0; .rbodymod=0; .rgatemod=1; .permod=1; .acnqsmod=0; .trnqsmod=0; .tempmod=0; .mtrlmod=1; .cvchargemod=0; .mtrlcompatmod=1; .eot=1.8e-9; .vddeot=(- 1.5); .ados=1.1; .bdos=1.0; .tnom=27.0; .toxe=1.8e-9; .toxp=1.0e-9; .toxm=1.8e-9; .dtox=8e-10; .epsrox=3.9; .wint=5e-9; .lint=1e-9; .ll=0; .wl=0; .lln=1; .wln=1; .lw=0; .ww=0; .lwn=1; .wwn=1; .lwl=0; .wwl=0; .xpart=0; .toxref=1.8e-9; .phig=4.05; .epsrgate=11.7; .saref=5e-6; .sbref=5e-6; .wlod=2e-6; .ku0=4e-6; .kvsat=0.2; .kvth0=(- 2e-8); .tku0=0.0; .llodku0=1.1; .wlodku0=1.1; .llodvth=1.0; .wlodvth=1.0; .lku0=1e-6; .wku0=1e-6; .pku0=0.0; .lkvth0=1.1e-6; .wkvth0=1.1e-6; .pkvth0=0; .stk2=0; .lodk2=1.0; .steta0=0; .lodeta0=1.0; .lambda=4e-10; .vsat=1.1e5; .vtl=2.0e5; .xn=6.0; .lc=5e-9; .rnoia=0.577; .rnoib=0.37; .tvoff=0; .tvfbsdoff=0; .vth0=(- 0.25); .k1=0.35; .k2=0.05; .k3=0; .k3b=0; .w0=2.5e-6; .dvt0=1.8; .dvt1=0.52; .dvt2=(- 0.032); .dvt0w=0; .dvt1w=0; .dvt2w=0; .dsub=2; .minv=0.05; .voffl=0; .dvtp0=1e-7; .minvcv=2; .voffcvl=0; .dvtp1=0.05; .lpe0=5.75e-8; .lpeb=2.3e-10; .xj=2e-8; .ngate=5e20; .ndep=2.8e18; .nsd=1e20; .phin=0; .cdsc=0.0002; .cdscb=0; .cdscd=0; .cit=0; .voff=(- 0.15); .nfactor=1.2; .eta0=0.05; .etab=0; .vfb=0.55; .u0=0.0095; .ua=5.0e-11; .ub=3.5e-18; .uc=(- 3e-11); .a0=2; .ags=1e-20; .a1=0; .a2=1; .b0=(- 1e-20); .b1=0; .keta=0.04; .dwg=0; .dwb=0; .pclm=0.08; .pdiblc1=0.028; .pdiblc2=0.022; .pdiblcb=(- 0.005); .drout=0.45; .pvag=1e-20; .delta=0.01; .pscbe1=8.14e8; .pscbe2=5e-8; .fprout=0.2; .pdits=0.2; .pditsd=0.23; .pditsl=2.3e6; .rsh=0; .rdsw=50; .rsw=50; .rdw=50; .rdswmin=0; .rdwmin=0; .rswmin=0; .prwg=0; .prwb=6.8e-11; .wr=1; .alpha0=0.074; .alpha1=0.005; .beta0=30; .agidl=0.0002; .bgidl=2.1e9; .cgidl=0.0002; .egidl=0.8; .agisl=0.0003; .bgisl=2.5e9; .cgisl=0.0003; .egisl=0.8; .aigbacc=0.012; .bigbacc=0.0028; .cigbacc=0.002; .nigbacc=1; .aigbinv=0.014; .bigbinv=0.004; .cigbinv=0.004; .eigbinv=1.1; .nigbinv=3; .aigc=0.012; .bigc=0.0028; .cigc=0.002; .aigs=0.012; .bigs=0.0028; .cigs=0.002; .nigc=1; .poxedge=1; .pigcd=1; .ntox=1; .aigd=0.01; .bigd=0.003; .cigd=0.0015; .xrcrg1=12; .xrcrg2=5; .cgso=6.238e-10; .cgdo=6.238e-10; .cgbo=2.56e-11; .cgdl=2.495e-10; .cgsl=2.495e-10; .ckappas=0.03; .ckappad=0.03; .acde=1; .moin=15; .noff=0.9; .voffcv=0.02; .kt1=(- 0.37); .kt1l=0.0; .kt2=(- 0.042); .ute=(- 1.5); .ua1=1e-9; .ub1=(- 3.5e-19); .uc1=0; .prt=0; .at=53000; .fnoimod=1; .tnoimod=0; .jss=0.0001; .jsws=1e-11; .jswgs=1e-10; .njs=1; .ijthsfwd=0.01; .ijthsrev=0.001; .bvs=10; .xjbvs=1; .jsd=0.0001; .jswd=1e-11; .jswgd=1e-10; .njd=1; .ijthdfwd=0.01; .ijthdrev=0.001; .bvd=10; .xjbvd=1; .pbs=1; .cjs=0.0005; .mjs=0.5; .pbsws=1; .cjsws=5e-10; .mjsws=0.33; .pbswgs=1; .cjswgs=3e-10; .mjswgs=0.33; .pbd=1; .cjd=0.0005; .mjd=0.5; .pbswd=1; .cjswd=5e-10; .mjswd=0.33; .pbswgd=1; .cjswgd=5e-10; .mjswgd=0.33; .tpb=0.005; .tcj=0.001; .tpbsw=0.005; .tcjsw=0.001; .tpbswg=0.005; .tcjswg=0.001; .xtis=3; .xtid=3; .dmcg=0; .dmci=0; .dmdg=0; .dmcgt=0; .dwj=0; .xgw=0; .xgl=0; .rshg=0.4; .gbmin=1e-10; .rbpb=5; .rbpd=15; .rbps=15; .rbdb=15; .rbsb=15; .ngcon=1; .jtss=1e-4; .jtsd=1e-4; .jtssws=1e-10; .jtsswd=1e-10; .jtsswgs=1e-7; .jtsswgd=1e-7; .njts=20.0; .njtssw=15; .njtsswg=4; .vtss=10; .vtsd=10; .vtssws=10; .vtsswd=10; .njtsd=15.0; .njtsswd=20; .njtsswgd=6; .tnjts=0.1; .tnjtsd=0.05; .vtsswgs=2; .vtsswgd=2; .xtss=0.02; .xtsd=0.02; .xtssws=0.02; .xtsswd=0.02; .xtsswgs=0.02; .xtsswgd=0.02;
endparamset

ground \0 ;
vsource #(.dc(2.0)) Vdd (.p(n01),.n(\0 ));
// cmos inverter
module not1 (.z(z),.a(a),.vss(vss),.vdd(vdd));
  P1 #(.l(0.18u),.w(10u),.ad(5p),.pd(22u),.as(5p),.ps(22u),.sa(2u),.sb(8u),.nf(3),.sd(0.2u)) m01 (.d(z),.g(a),.s(vdd),.b(vdd));
  N1 #(.l(0.18u),.w(5u),.ad(5p),.pd(22u),.as(5p),.ps(22u),.sa(2u),.sb(8u),.nf(3),.sd(0.2u)) m02 (.d(z),.g(a),.s(vss),.b(vss));
endmodule // not1

// 17-stage ring oscillator
resistor #(.r(1G)) rkick (.p(n02),.n(\0 ));
not1 #() X01 (.z(n03),.a(n02),.vss(\0 ),.vdd(n01));
not1 #() X02 (.z(n04),.a(n03),.vss(\0 ),.vdd(n01));
not1 #() X03 (.z(n05),.a(n04),.vss(\0 ),.vdd(n01));
not1 #() X04 (.z(n06),.a(n05),.vss(\0 ),.vdd(n01));
not1 #() X05 (.z(n07),.a(n06),.vss(\0 ),.vdd(n01));
not1 #() X06 (.z(n08),.a(n07),.vss(\0 ),.vdd(n01));
not1 #() X07 (.z(n09),.a(n08),.vss(\0 ),.vdd(n01));
not1 #() X08 (.z(n10),.a(n09),.vss(\0 ),.vdd(n01));
not1 #() X09 (.z(n11),.a(n10),.vss(\0 ),.vdd(n01));
not1 #() X10 (.z(n12),.a(n11),.vss(\0 ),.vdd(n01));
not1 #() X11 (.z(n13),.a(n12),.vss(\0 ),.vdd(n01));
not1 #() X12 (.z(n14),.a(n13),.vss(\0 ),.vdd(n01));
not1 #() X13 (.z(n15),.a(n14),.vss(\0 ),.vdd(n01));
not1 #() X14 (.z(n16),.a(n15),.vss(\0 ),.vdd(n01));
not1 #() X15 (.z(n17),.a(n16),.vss(\0 ),.vdd(n01));
not1 #() X16 (.z(n18),.a(n17),.vss(\0 ),.vdd(n01));
not1 #() X17 (.z(n02),.a(n18),.vss(\0 ),.vdd(n01));
capacitor #(.c(0.1p)) c1 (.p(n18),.n(\0 ));
#Time       v(n02)     v(n05)     iter(0)   
 0.         0.         0.         0.        
 50.E-12    1.0576     0.83594    31.       
 107.E-12   0.75949    0.51546    73.       
 287.E-12   0.01517    1.1412     19.       
 430.E-12   0.10486    1.8661     13.       
 704.E-12   0.056105   1.8752     14.       
 978.E-12   0.27761    1.884      16.       
 1.193E-9   1.4905     1.1659     36.       
 1.403E-9   1.9883     0.1279     36.       
 1.777E-9   1.7597     0.075773   16.       
 2.151E-9   1.0795     0.10664    14.       
 2.525E-9   0.0028598  1.3874     16.       
 3.059E-9   0.13842    1.9965     21.       
 3.326E-9   0.03727    1.6932     37.       
 3.66E-9    1.4543     1.8303     35.       
 3.925E-9   1.9176     0.15881    34.       
 4.128E-9   1.8149     0.051325   34.       
 4.495E-9   1.6625     0.11651    15.       
 4.862E-9   0.11865    1.3752     15.       
 5.229E-9   0.062333   1.9968     17.       
 5.596E-9   0.10679    1.6948     15.       
 5.872E-9   0.85895    1.9498     36.       
 6.13E-9    1.839      0.32455    36.       
 6.56E-9    1.8927     0.019275   15.       
 6.99E-9    1.1841     0.1771     14.       
 7.42E-9    0.039777   1.062      14.       
 7.743E-9   0.12644    1.9091     36.       
 8.026E-9   0.060619   1.8079     35.       
 8.273E-9   0.72473    1.9057     35.       
 8.619E-9   1.7987     0.23103    16.       
 8.965E-9   1.9152     0.044715   15.       
 9.311E-9   1.7883     0.14497    14.       
 9.657E-9   0.19952    0.53123    14.       
 10.E-9     0.05375    1.806      17.       
Gnucap   System status
iterations: op=0, dc=0, tran=804, fourier=0, total=838
transient timesteps: accepted=34, rejected=15, total=49
nodes: user=18, subckt=0, model=238, total=256
dctran density=10.8%, ac density=10.8%
