paramset N1 PSP104VA;
  parameter real l=1.0u;
  parameter real w=1.0u;
  parameter integer nf=1;
  parameter real ad=1.0e-12;
  parameter real pd=1.0e-6;
  parameter real as=1.0e-12;
  parameter real ps=1.0e-6;
  parameter real sa=0.0;
  parameter real sb=0.0;
  parameter real sd=0.0;
 .TYPE=1; .L=l; .W=w; .NF=nf; .AD=ad; .PD=pd; .AS=as; .PS=ps; .SA=sa; .SB=sb; .SD=sd;
endparamset

paramset P1 PSP104VA;
  parameter real l=1.0u;
  parameter real w=1.0u;
  parameter integer nf=1;
  parameter real ad=1.0e-12;
  parameter real pd=1.0e-6;
  parameter real as=1.0e-12;
  parameter real ps=1.0e-6;
  parameter real sa=0.0;
  parameter real sb=0.0;
  parameter real sd=0.0;
 .TYPE=(- 1); .L=l; .W=w; .NF=nf; .AD=ad; .PD=pd; .AS=as; .PS=ps; .SA=sa; .SB=sb; .SD=sd;
endparamset

parameter real vscale = 0.66666666; 
ground \0 ;
// vsource #(.dc(0.0)) Vic(c, \0 );
ground c;
N1 #(.w(2u),.l(0.09u)) M6 (.d(vout),.g(bias),.s(vss),.b(vss));
N1 #(.w(2u),.l(0.09u)) M7 (.d(vout),.g(bias2),.s(vdd),.b(out));
P1 #(.w(2u),.l(0.09u)) M3 (.d(vdd),.g(bias1),.s(bias1),.b(vdd));
P1 #(.w(2u),.l(0.09u)) M4 (.d(bias2),.g(bias1),.s(vdd),.b(vdd));
N1 #(.w(2u),.l(0.09u)) M5 (.d(cm),.g(bias),.s(vss),.b(vss));
N1 #(.w(2u),.l(0.09u)) Mbias (.d(bias),.g(bias),.s(vss),.b(vss));
N1 #(.w(10u),.l(0.09u)) M1 (.d(bias1),.g(in1),.s(cm),.b(cm));
N1 #(.w(10u),.l(0.09u)) M2 (.d(bias2),.g(in2),.s(cm),.b(cm));
resistor #(.r(195k)) Rbias (.p(\0 ),.n(bias));
capacitor #(.c(2p)) Cfb (.p(bias2),.n(vout));
// TODO. .gain(?)
vcvs #(.gain(-1.0),.offset(0.0)) Eid (.p(in2),.n(c),.cp(in1),.cn(c));
vsine #(.dc(0.0),.mag(0.1)) Vid (.p(in1),.n(c));
vsource #(.dc(-vscale*1.8)) Vss (.p(vss),.n(\0 ));
vsource #(.dc(vscale*1.8)) Vdd (.p(vdd),.n(\0 ));
#             v(in1)       v(in2)       v(vout)     
open circuit: internal node 70
open circuit: internal node 70
open circuit: internal node 70
open circuit: internal node 70
open circuit: internal node 57
open circuit: internal node 70
open circuit: internal node 70
open circuit: internal node 70
open circuit: internal node 70
open circuit: internal node 70
open circuit: internal node 70
open circuit: internal node 70
open circuit: internal node 70
open circuit: internal node 70
open circuit: internal node 70
open circuit: internal node 70
open circuit: internal node 70
open circuit: internal node 70
open circuit: internal node 70
open circuit: internal node 70
open circuit: internal node 70
open circuit: internal node 70
open circuit: internal node 70
open circuit: internal node 70
open circuit: internal node 70
open circuit: internal node 70
open circuit: internal node 70
open circuit: internal node 70
open circuit: internal node 70
open circuit: internal node 70
open circuit: internal node 70
open circuit: internal node 70
open circuit: internal node 70
open circuit: internal node 70
open circuit: internal node 70
open circuit: internal node 70
open circuit: internal node 70
open circuit: internal node 70
open circuit: internal node 70
open circuit: internal node 70
open circuit: internal node 70
open circuit: internal node 70
open circuit: internal node 70
open circuit: internal node 70
open circuit: internal node 70
open circuit: internal node 70
open circuit: internal node 70
open circuit: internal node 70
open circuit: internal node 70
open circuit: internal node 70
open circuit: internal node 70
open circuit: internal node 70
open circuit: internal node 70
open circuit: internal node 70
open circuit: internal node 70
open circuit: internal node 70
open circuit: internal node 70
open circuit: internal node 70
open circuit: internal node 70
open circuit: internal node 70
open circuit: internal node 70
open circuit: internal node 70
open circuit: internal node 70
open circuit: internal node 70
open circuit: internal node 70
open circuit: internal node 70
open circuit: internal node 70
open circuit: internal node 70
open circuit: internal node 70
open circuit: internal node 70
open circuit: internal node 70
open circuit: internal node 70
open circuit: internal node 70
open circuit: internal node 70
open circuit: internal node 70
open circuit: internal node 70
open circuit: internal node 70
open circuit: internal node 70
open circuit: internal node 70
open circuit: internal node 70
open circuit: internal node 70
open circuit: internal node 70
open circuit: internal node 70
open circuit: internal node 70
open circuit: internal node 70
open circuit: internal node 70
open circuit: internal node 70
open circuit: internal node 70
open circuit: internal node 70
open circuit: internal node 70
open circuit: internal node 70
open circuit: internal node 70
open circuit: internal node 70
open circuit: internal node 70
open circuit: internal node 70
open circuit: internal node 70
open circuit: internal node 70
open circuit: internal node 70
open circuit: internal node 70
open circuit: internal node 70
open circuit: internal node 70
open circuit: internal node 70
open circuit: internal node 70
open circuit: internal node 70
open circuit: internal node 70
open circuit: internal node 70
open circuit: internal node 70
open circuit: internal node 70
open circuit: internal node 70
open circuit: internal node 70
open circuit: internal node 70
open circuit: internal node 70
open circuit: internal node 70
open circuit: internal node 70
open circuit: internal node 70
open circuit: internal node 70
open circuit: internal node 70
open circuit: internal node 70
open circuit: internal node 70
open circuit: internal node 70
open circuit: internal node 70
open circuit: internal node 70
open circuit: internal node 70
open circuit: internal node 70
open circuit: internal node 70
open circuit: internal node 70
open circuit: internal node 70
open circuit: internal node 70
open circuit: internal node 70
open circuit: internal node 70
open circuit: internal node 70
open circuit: internal node 70
open circuit: internal node 70
open circuit: internal node 70
open circuit: internal node 70
open circuit: internal node 70
open circuit: internal node 70
open circuit: internal node 70
open circuit: internal node 70
open circuit: internal node 70
open circuit: internal node 70
open circuit: internal node 70
open circuit: internal node 70
open circuit: internal node 70
open circuit: internal node 70
open circuit: internal node 70
open circuit: internal node 70
open circuit: internal node 70
open circuit: internal node 70
open circuit: internal node 70
open circuit: internal node 70
open circuit: internal node 70
open circuit: internal node 70
open circuit: internal node 70
open circuit: internal node 70
open circuit: internal node 70
open circuit: internal node 70
open circuit: internal node 70
open circuit: internal node 70
open circuit: internal node 70
open circuit: internal node 70
open circuit: internal node 70
open circuit: internal node 70
open circuit: internal node 70
open circuit: internal node 70
open circuit: internal node 70
open circuit: internal node 70
open circuit: internal node 70
open circuit: internal node 70
open circuit: internal node 70
open circuit: internal node 70
open circuit: internal node 70
open circuit: internal node 70
open circuit: internal node 70
open circuit: internal node 70
open circuit: internal node 70
open circuit: internal node 70
open circuit: internal node 70
open circuit: internal node 70
open circuit: internal node 70
open circuit: internal node 70
open circuit: internal node 70
open circuit: internal node 70
open circuit: internal node 70
open circuit: internal node 70
open circuit: internal node 70
open circuit: internal node 70
open circuit: internal node 70
open circuit: internal node 70
open circuit: internal node 70
open circuit: internal node 70
open circuit: internal node 70
open circuit: internal node 70
open circuit: internal node 70
open circuit: internal node 70
open circuit: internal node 70
open circuit: internal node 70
did not converge
 0.           0.           0.          -128.7267    
#Freq         vdb(vout)    iter(0)     
 100.         14.53661     0.          
 125.8925     16.53253     0.          
 158.4893     18.51855     0.          
 199.5262     20.50087     0.          
 251.1886     22.47735     0.          
 316.2278     24.43725     0.          
 398.1072     26.36833     0.          
 501.1872     28.27076     0.          
 630.9573     30.11975     0.          
 794.3282     31.88121     0.          
 1.E+3        33.54035     0.          
 1.258925E+3  35.03894     0.          
 1.584893E+3  36.35115     0.          
 1.995262E+3  37.44914     0.          
 2.511886E+3  38.31309     0.          
 3.162278E+3  38.96323     0.          
 3.981072E+3  39.43232     0.          
 5.011872E+3  39.75601     0.          
 6.309573E+3  39.97244     0.          
 7.943282E+3  40.1153      0.          
 10.E+3       40.20575     0.          
 12.58925E+3  40.26575     0.          
 15.84893E+3  40.30232     0.          
 19.95262E+3  40.32438     0.          
 25.11886E+3  40.33798     0.          
 31.62278E+3  40.34225     0.          
 39.81072E+3  40.34159     0.          
 50.11872E+3  40.33645     0.          
 63.09573E+3  40.32104     0.          
 79.43282E+3  40.29771     0.          
 100.E+3      40.25772     0.          
 125.8925E+3  40.19509     0.          
 158.4893E+3  40.09626     0.          
 199.5262E+3  39.94297     0.          
 251.1886E+3  39.71273     0.          
 316.2278E+3  39.36954     0.          
 398.1072E+3  38.87514     0.          
 501.1872E+3  38.19246     0.          
 630.9573E+3  37.29111     0.          
 794.3282E+3  36.16062     0.          
 1.E+6        34.81458     0.          
 1.258925E+6  33.28562     0.          
 1.584893E+6  31.61117     0.          
 1.995262E+6  29.82944     0.          
 2.511886E+6  27.97305     0.          
 3.162278E+6  26.06632     0.          
 3.981072E+6  24.12607     0.          
 5.011872E+6  22.16419     0.          
 6.309573E+6  20.18828     0.          
 7.943282E+6  18.20329     0.          
 10.E+6       16.21249     0.          
 12.58925E+6  14.21775     0.          
 15.84893E+6  12.22025     0.          
 19.95262E+6  10.22049     0.          
 25.11886E+6  8.218537     0.          
 31.62278E+6  6.214007     0.          
 39.81072E+6  4.205965     0.          
 50.11872E+6  2.192828     0.          
 63.09573E+6  0.172109     0.          
 79.43282E+6 -1.85981      0.          
 100.E+6     -3.907789     0.          
Gnucap   System status
iterations: op=0, dc=706, tran=0, fourier=0, total=767
transient timesteps: accepted=0, rejected=0, total=0
nodes: user=10, subckt=0, model=65, total=75
dctran density=24.8%, ac density=24.8%
