parameter real vscale = 0.66666666;
//* 17-stage CMOS ring oscillator (tran) adopted from BSIM481/benchmark/ro_17.b4
//* Enable verilog mode
ground \0 ;
// cmos inverter
module not1 (.z(z),.a(a),.vss(vss),.vdd(vdd));
  P1 #(.l(0.18u),.w(10u),.ad(5p),.pd(22u),.as(5p),.ps(22u),.sa(2u),.sb(8u),.nf(3),.sd(0.2u)) m01 (.d(z),.g(a),.s(vdd),.b(vdd));
  N1 #(.l(0.18u),.w(5u),.ad(5p),.pd(22u),.as(5p),.ps(22u),.sa(2u),.sb(8u),.nf(3),.sd(0.2u)) m02 (.d(z),.g(a),.s(vss),.b(vss));
endmodule // not1

// 17-stage ring oscillator
resistor #(.r(1G)) rkick (n02, \0 );
not1 #() X01 (.z(n03),.a(n02),.vss(\0 ),.vdd(n01));
not1 #() X02 (.z(n04),.a(n03),.vss(\0 ),.vdd(n01));
not1 #() X03 (.z(n05),.a(n04),.vss(\0 ),.vdd(n01));
not1 #() X04 (.z(n06),.a(n05),.vss(\0 ),.vdd(n01));
not1 #() X05 (.z(n07),.a(n06),.vss(\0 ),.vdd(n01));
not1 #() X06 (.z(n08),.a(n07),.vss(\0 ),.vdd(n01));
not1 #() X07 (.z(n09),.a(n08),.vss(\0 ),.vdd(n01));
not1 #() X08 (.z(n10),.a(n09),.vss(\0 ),.vdd(n01));
not1 #() X09 (.z(n11),.a(n10),.vss(\0 ),.vdd(n01));
not1 #() X10 (.z(n12),.a(n11),.vss(\0 ),.vdd(n01));
not1 #() X11 (.z(n13),.a(n12),.vss(\0 ),.vdd(n01));
not1 #() X12 (.z(n14),.a(n13),.vss(\0 ),.vdd(n01));
not1 #() X13 (.z(n15),.a(n14),.vss(\0 ),.vdd(n01));
not1 #() X14 (.z(n16),.a(n15),.vss(\0 ),.vdd(n01));
not1 #() X15 (.z(n17),.a(n16),.vss(\0 ),.vdd(n01));
not1 #() X16 (.z(n18),.a(n17),.vss(\0 ),.vdd(n01));
not1 #() X17 (.z(n02),.a(n18),.vss(\0 ),.vdd(n01));
capacitor #(.c(0.1p)) c1 (n18, \0 );
vsource #(.dc(vscale*2.0)) Vdd (n01, \0 );
#Time       v(n02)     v(n05)     iter(0)   
 0.         0.         0.         0.        
 100.E-12   0.71288    0.71288    7.        
 650.E-12   0.69428    0.69428    27.       
 1.2E-9     0.71202    0.71202    6.        
 1.475E-9   0.69545    0.69546    28.       
 2.186E-9   0.71095    0.71094    28.       
 2.838E-9   0.69602    0.69605    28.       
 3.555E-9   0.7104     0.71035    31.       
 3.717E-9   0.17803    1.2355     74.       
 3.914E-9  -0.083553   1.382      50.       
 4.004E-9   1.0857     1.3036     50.       
 4.192E-9   1.4489     0.49917    32.       
 4.483E-9  -0.044218  -0.20304    21.       
 4.713E-9   0.042265   1.3064     31.       
 5.091E-9   1.2187     0.23866    21.       
 5.469E-9   0.86302   -0.15364    18.       
 5.847E-9  -0.11914    1.3255     15.       
 6.225E-9   1.3156     0.23665    21.       
 6.855E-9   0.14378   -0.13898    20.       
 7.485E-9  -0.067952   1.342      21.       
 8.115E-9   1.3378     0.079404   18.       
 9.058E-9   0.058727   1.2645     19.       
 9.294E-9   0.87905    0.70477    62.       
 10.E-9     1.5074    -0.166      19.       
Gnucap   System status
iterations: op=0, dc=0, tran=647, fourier=0, total=671
transient timesteps: accepted=24, rejected=16, total=40
nodes: user=18, subckt=0, model=510, total=528
dctran density=5.0%, ac density=5.0%
