parameter real vscale = 0.66666666;
//* Operational amplifier (ac) adopted from BSIM481/benchmark_test/opamp.b4
ground \0 ;
// vsource #(.dc(0.0)) Vic(c, \0 );
ground c;
N1 #(.w(2u),.l(0.09u)) M6 (.d(vout),.g(bias),.s(vss),.b(vss));
N1 #(.w(2u),.l(0.09u)) M7 (.d(vout),.g(bias2),.s(vdd),.b(out));
P1 #(.w(2u),.l(0.09u)) M3 (.d(vdd),.g(bias1),.s(bias1),.b(vdd));
P1 #(.w(2u),.l(0.09u)) M4 (.d(bias2),.g(bias1),.s(vdd),.b(vdd));
N1 #(.w(2u),.l(0.09u)) M5 (.d(cm),.g(bias),.s(vss),.b(vss));
N1 #(.w(2u),.l(0.09u)) Mbias (.d(bias),.g(bias),.s(vss),.b(vss));
N1 #(.w(10u),.l(0.09u)) M1 (.d(bias1),.g(in1),.s(cm),.b(cm));
N1 #(.w(10u),.l(0.09u)) M2 (.d(bias2),.g(in2),.s(cm),.b(cm));
resistor #(.r(195k)) Rbias (\0 , bias);
capacitor #(.c(2p)) Cfb (bias2, vout);
// High-value leak resistor on floating out node to stabilize dc convergence
resistor #(.r(100G)) Rleak (out, \0 );
// TODO. .gain(?)
vcvs #(.gain(-1.0),.offset(0.0)) Eid (in2, c, in1, c);
vsine #(.mag(0.1),.dc(0.0)) Vid (in1, c);
vsource #(.dc(-vscale*1.8)) Vss (vss, \0 );
vsource #(.dc(vscale*1.8)) Vdd (vdd, \0 );
#             v(in1)       v(in2)       v(vout)     
 0.           0.           0.           0.3710505   
#Freq         vdb(vout)    iter(0)     
 100.         41.75249     0.          
 125.8925     41.75246     0.          
 158.4893     41.75242     0.          
 199.5262     41.75235     0.          
 251.1886     41.75225     0.          
 316.2278     41.75209     0.          
 398.1072     41.75183     0.          
 501.1872     41.75142     0.          
 630.9573     41.75077     0.          
 794.3282     41.74974     0.          
 1.E+3        41.74812     0.          
 1.258925E+3  41.74559     0.          
 1.584893E+3  41.74162     0.          
 1.995262E+3  41.73548     0.          
 2.511886E+3  41.72609     0.          
 3.162278E+3  41.712       0.          
 3.981072E+3  41.69149     0.          
 5.011872E+3  41.66284     0.          
 6.309573E+3  41.62508     0.          
 7.943282E+3  41.57889     0.          
 10.E+3       41.52724     0.          
 12.58925E+3  41.47474     0.          
 15.84893E+3  41.42591     0.          
 19.95262E+3  41.38329     0.          
 25.11886E+3  41.34672     0.          
 31.62278E+3  41.31368     0.          
 39.81072E+3  41.27989     0.          
 50.11872E+3  41.23956     0.          
 63.09573E+3  41.1849      0.          
 79.43282E+3  41.1052      0.          
 100.E+3      40.98532     0.          
 125.8925E+3  40.80401     0.          
 158.4893E+3  40.53266     0.          
 199.5262E+3  40.13535     0.          
 251.1886E+3  39.57232     0.          
 316.2278E+3  38.80746     0.          
 398.1072E+3  37.81835     0.          
 501.1872E+3  36.60282     0.          
 630.9573E+3  35.18558     0.          
 794.3282E+3  33.60082     0.          
 1.E+6        31.88937     0.          
 1.258925E+6  30.08897     0.          
 1.584893E+6  28.23192     0.          
 1.995262E+6  26.34352     0.          
 2.511886E+6  24.44504     0.          
 3.162278E+6  22.55499     0.          
 3.981072E+6  20.69209     0.          
 5.011872E+6  18.87425     0.          
 6.309573E+6  17.11801     0.          
 7.943282E+6  15.43227     0.          
 10.E+6       13.8121      0.          
 12.58925E+6  12.23377     0.          
 15.84893E+6  10.65895     0.          
 19.95262E+6  9.047373     0.          
 25.11886E+6  7.37046      0.          
 31.62278E+6  5.617553     0.          
 39.81072E+6  3.792571     0.          
 50.11872E+6  1.906561     0.          
 63.09573E+6 -0.02875137   0.          
 79.43282E+6 -2.004636     0.          
 100.E+6     -4.016506     0.          
Gnucap   System status
iterations: op=0, dc=59, tran=0, fourier=0, total=120
transient timesteps: accepted=0, rejected=0, total=0
nodes: user=10, subckt=0, model=121, total=131
dctran density=14.1%, ac density=14.1%
