module N1 (.d(d),.g(g),.s(s),.b(b));
  parameter real w=350.e-9;
  parameter real l=340.e-9;
  parameter integer nf=1;
  parameter real ad=0.0;
  parameter real pd=0.0;
  parameter real as=0.0;
  parameter real ps=0.0;
  parameter real sa=0.0;
  parameter real sb=0.0;
  parameter real sd=0.0;
      electrical d, g, s, b;
  N1 #(.w(w),.l(l),.ng(nf)) M1 (.D(d),.G(g),.S(s),.B(b));
endmodule // N1

module P1 (.d(d),.g(g),.s(s),.b(b));
  parameter real w=350.e-9;
  parameter real l=280.e-9;
  parameter integer nf=1;
  parameter real ad=0.0;
  parameter real pd=0.0;
  parameter real as=0.0;
  parameter real ps=0.0;
  parameter real sa=0.0;
  parameter real sb=0.0;
  parameter real sd=0.0;
      electrical d, g, s, b;
  P1 #(.w(w),.l(l),.ng(nf)) M1 (.D(d),.G(g),.S(s),.B(b));
endmodule // P1

parameter real vscale = 0.333333333; 
ground \0 ;
P1 #(.l(0.2u),.w(3.6u)) Md1 (.d(out1),.g(in),.s(dd),.b(dd));
N1 #(.l(0.2u),.w(1.8u)) Md2 (.d(out1),.g(in),.s(\0 ),.b(\0 ));
P1 #(.l(0.2u),.w(3.6u)) Md3 (.d(A),.g(out1),.s(dd),.b(dd));
N1 #(.l(0.2u),.w(1.8u)) Md4 (.d(A),.g(out1),.s(\0 ),.b(\0 ));
capacitor #(.c(100f)) c_out1 (.p(out1),.n(\0 ));
capacitor #(.c(100f)) c_A (.p(A),.n(\0 ));
P1 #(.l(0.2u),.w(3.6u)) M1 (.d(Anot),.g(A),.s(dd),.b(dd));
N1 #(.l(0.2u),.w(1.8u)) M2 (.d(Anot),.g(A),.s(\0 ),.b(\0 ));
P1 #(.l(0.2u),.w(3.6u)) M3 (.d(Bnot),.g(in),.s(dd),.b(dd));
N1 #(.l(0.2u),.w(1.8u)) M4 (.d(Bnot),.g(in),.s(\0 ),.b(\0 ));
P1 #(.l(3.6u),.w(1.8u)) M5 (.d(AorBnot),.g(\0 ),.s(dd),.b(dd));
N1 #(.l(0.2u),.w(1.8u)) M6 (.d(AorBnot),.g(in),.s(in_Anot_j),.b(\0 ));
N1 #(.l(0.2u),.w(1.8u)) M7 (.d(in_Anot_j),.g(Anot),.s(\0 ),.b(\0 ));
P1 #(.l(3.6u),.w(1.8u)) M8 (.d(Lnot),.g(\0 ),.s(dd),.b(dd));
N1 #(.l(0.2u),.w(1.8u)) M9 (.d(Lnot),.g(Bnot),.s(bnot_a_j),.b(\0 ));
N1 #(.l(0.2u),.w(1.8u)) M10 (.d(bnot_a_j),.g(A),.s(\0 ),.b(\0 ));
P1 #(.l(3.6u),.w(3.6u)) M11 (.d(out),.g(\0 ),.s(dd),.b(dd));
N1 #(.l(0.2u),.w(1.8u)) M12 (.d(out),.g(AorBnot),.s(aorb_lnot_j),.b(\0 ));
N1 #(.l(0.2u),.w(1.8u)) M13 (.d(aorb_lnot_j),.g(Lnot),.s(\0 ),.b(\0 ));
vsource #(.dc(vscale*1.8)) vcc (.p(dd),.n(\0 ));
vpulse #(.val0(0.0),.val1(vscale*1.8),.td(1n),.rise(0.1n),.fall(0.1n),.width(0.8n),.period(5n)) vin (.p(in),.n(\0 ));
#Time       v(in)      v(out)     iter(0)   
did not converge
 0.         0.         0.011111   421.      
 50.E-12    0.         0.011112   36.       
 1.E-9      0.         0.011111   18.       
 1.101E-9   0.6        0.0085161  7.        
 1.368E-9   0.6       -0.080762   8.        
 1.635E-9   0.6        0.11197    8.        
 1.768E-9   0.6        0.25004    8.        
 1.9E-9     0.6        0.32909    7.        
 2.001E-9   4.4578E-9  0.35691    7.        
 2.003E-9  -3.5565E-9  0.35759    14.       
 2.004E-9   3.5954E-9  0.3581     5.        
 2.005E-9  -2.7219E-9  0.35843    4.        
 2.006E-9   2.9367E-9  0.35886    4.        
 2.047E-9  -2.5234E-9  0.37242    7.        
 2.179E-9   2.7838E-9  0.40149    7.        
 2.725E-9  -2.7507E-9  0.46019    8.        
 4.363E-9   2.7622E-9  0.36897    9.        
 6.E-9     -2.7576E-9 -538.9E-6   8.        
 6.101E-9   0.6        0.021942   7.        
 6.501E-9   0.6       -0.067062   10.       
 6.634E-9   0.6        0.069728   7.        
 6.767E-9   0.6        0.18597    8.        
 6.9E-9     0.6        0.29507    7.        
 7.001E-9   1.6369E-9  0.31743    7.        
 7.003E-9  -903.6E-12  0.31873    15.       
 7.004E-9   1.1092E-9  0.3196     5.        
 7.005E-9  -417.5E-12  0.32019    4.        
 7.006E-9   739.9E-12  0.32096    4.        
 7.051E-9  -333.7E-12  0.34573    7.        
 7.207E-9   564.4E-12  0.39233    8.        
 7.766E-9  -538.4E-12  0.45744    8.        
 8.883E-9   555.2E-12  0.46788    7.        
 10.E-9    -548.7E-12  0.12107    9.        
Gnucap   System status
iterations: op=0, dc=0, tran=699, fourier=0, total=734
transient timesteps: accepted=33, rejected=3, total=36
nodes: user=12, subckt=0, model=257, total=269
dctran density=8.7%, ac density=8.7%
