module N1 (.d(d),.g(g),.s(s),.b(b));
  parameter real w=350.e-9;
  parameter real l=340.e-9;
  parameter integer nf=1;
  parameter real ad=0.0;
  parameter real pd=0.0;
  parameter real as=0.0;
  parameter real ps=0.0;
  parameter real sa=0.0;
  parameter real sb=0.0;
  parameter real sd=0.0;
  electrical d;
  electrical g;
  electrical s;
  electrical b;
  N1 #(.w(w),.l(l),.ng(nf)) M1 (.D(d),.G(g),.S(s),.B(b));
endmodule // N1

module P1 (.d(d),.g(g),.s(s),.b(b));
  parameter real w=350.e-9;
  parameter real l=280.e-9;
  parameter integer nf=1;
  parameter real ad=0.0;
  parameter real pd=0.0;
  parameter real as=0.0;
  parameter real ps=0.0;
  parameter real sa=0.0;
  parameter real sb=0.0;
  parameter real sd=0.0;
  electrical d;
  electrical g;
  electrical s;
  electrical b;
  P1 #(.w(w),.l(l),.ng(nf)) M1 (.D(d),.G(g),.S(s),.B(b));
endmodule // P1

parameter real vscale = 0.333333333;
//* 17-stage CMOS ring oscillator (tran) adopted from BSIM481/benchmark_test/ro_17.b4
//* Enable verilog mode
ground \0 ;
// cmos inverter
module not1 (.z(z),.a(a),.vss(vss),.vdd(vdd));
  P1 #(.l(0.18u),.w(10u),.ad(5p),.pd(22u),.as(5p),.ps(22u),.sa(2u),.sb(8u),.nf(3),.sd(0.2u)) m01 (.d(z),.g(a),.s(vdd),.b(vdd));
  N1 #(.l(0.18u),.w(5u),.ad(5p),.pd(22u),.as(5p),.ps(22u),.sa(2u),.sb(8u),.nf(3),.sd(0.2u)) m02 (.d(z),.g(a),.s(vss),.b(vss));
endmodule // not1

// 17-stage ring oscillator
resistor #(.r(1G)) rkick (n02, \0 );
not1 #() X01 (.z(n03),.a(n02),.vss(\0 ),.vdd(n01));
not1 #() X02 (.z(n04),.a(n03),.vss(\0 ),.vdd(n01));
not1 #() X03 (.z(n05),.a(n04),.vss(\0 ),.vdd(n01));
not1 #() X04 (.z(n06),.a(n05),.vss(\0 ),.vdd(n01));
not1 #() X05 (.z(n07),.a(n06),.vss(\0 ),.vdd(n01));
not1 #() X06 (.z(n08),.a(n07),.vss(\0 ),.vdd(n01));
not1 #() X07 (.z(n09),.a(n08),.vss(\0 ),.vdd(n01));
not1 #() X08 (.z(n10),.a(n09),.vss(\0 ),.vdd(n01));
not1 #() X09 (.z(n11),.a(n10),.vss(\0 ),.vdd(n01));
not1 #() X10 (.z(n12),.a(n11),.vss(\0 ),.vdd(n01));
not1 #() X11 (.z(n13),.a(n12),.vss(\0 ),.vdd(n01));
not1 #() X12 (.z(n14),.a(n13),.vss(\0 ),.vdd(n01));
not1 #() X13 (.z(n15),.a(n14),.vss(\0 ),.vdd(n01));
not1 #() X14 (.z(n16),.a(n15),.vss(\0 ),.vdd(n01));
not1 #() X15 (.z(n17),.a(n16),.vss(\0 ),.vdd(n01));
not1 #() X16 (.z(n18),.a(n17),.vss(\0 ),.vdd(n01));
not1 #() X17 (.z(n02),.a(n18),.vss(\0 ),.vdd(n01));
capacitor #(.c(0.1p)) c1 (n18, \0 );
vsource #(.dc(vscale*2.0)) Vdd (n01, \0 );
#Time       v(n02)     v(n05)     iter(0)   
 0.         0.         0.         0.        
 100.E-12   0.50815    0.3774     8.        
 650.E-12   0.80999    0.026483   31.       
 1.5E-9     0.021928   0.26812    15.       
 2.35E-9   -0.18206    0.68074    21.       
 3.2E-9     0.63134    0.026372   13.       
 4.05E-9    0.72217   -0.018363   18.       
 4.9E-9     0.0065629  0.63095    18.       
 5.75E-9    0.1006     0.68466    15.       
 6.6E-9     0.6471     0.02583    20.       
 7.45E-9    0.53778   -0.01681    15.       
 8.3E-9     0.0035366  0.63035    19.       
 9.15E-9    0.18093    0.68629    12.       
 9.575E-9   0.61051    0.29428    33.       
 10.E-9     0.69928    0.0076674  12.       
Gnucap   System status
iterations: op=0, dc=0, tran=250, fourier=0, total=265
transient timesteps: accepted=15, rejected=2, total=17
nodes: user=18, subckt=0, model=510, total=528
dctran density=5.1%, ac density=5.1%
