module N1 (.d(d),.g(g),.s(s),.b(b));
  parameter real w=350.e-9;
  parameter real l=340.e-9;
  parameter integer nf=1;
  parameter real ad=0.0;
  parameter real pd=0.0;
  parameter real as=0.0;
  parameter real ps=0.0;
  parameter real sa=0.0;
  parameter real sb=0.0;
  parameter real sd=0.0;
  electrical d;
  electrical g;
  electrical s;
  electrical b;
  N1 #(.w(w),.l(l),.ng(nf)) M1 (.D(d),.G(g),.S(s),.B(b));
endmodule // N1

module P1 (.d(d),.g(g),.s(s),.b(b));
  parameter real w=350.e-9;
  parameter real l=280.e-9;
  parameter integer nf=1;
  parameter real ad=0.0;
  parameter real pd=0.0;
  parameter real as=0.0;
  parameter real ps=0.0;
  parameter real sa=0.0;
  parameter real sb=0.0;
  parameter real sd=0.0;
  electrical d;
  electrical g;
  electrical s;
  electrical b;
  P1 #(.w(w),.l(l),.ng(nf)) M1 (.D(d),.G(g),.S(s),.B(b));
endmodule // P1

parameter real vscale = 0.333333333;
//* MOSFET noise test
module noise_test ();
  ground gnd;
  N1 #(.l(0.09u),.w(10.0u)) M1 (.d(out),.g(g),.s(gnd),.b(gnd));
  resistor #(.r(10k),.noisy(1.0)) RD (vdd, out);
  vsource #(.dc(1.2)) Vdd (vdd, gnd);
  vsource #(.dc(0.6)) Vg (g, gnd);
  noise_probe #() n_total (out);
  noise_probe #(.name("flicker")) n_flicker (out);
endmodule // noise_test

noise_test #() t ();
#              
-40.           
#Freq           npwr(t.n_total) npwr(t.n_flicker)
 1.             105.15685E-15  105.15579E-15 
 1.25892541     83.529276E-15  83.528213E-15 
 1.58489319     66.349881E-15  66.348818E-15 
 1.99526231     52.703802E-15  52.702739E-15 
 2.51188643     41.864337E-15  41.863274E-15 
 3.16227766     33.254243E-15  33.253181E-15 
 3.98107171     26.415003E-15  26.41394E-15  
 5.01187234     20.982401E-15  20.981338E-15 
 6.30957344     16.667133E-15  16.66607E-15  
 7.94328235     13.239393E-15  13.23833E-15  
 10.            10.516642E-15  10.515579E-15 
 12.5892541     8.353884E-15   8.352821E-15  
 15.8489319     6.635945E-15   6.634882E-15  
 19.9526231     5.271337E-15   5.270274E-15  
 25.1188643     4.18739E-15    4.186327E-15  
 31.6227766     3.326381E-15   3.325318E-15  
 39.8107171     2.642457E-15   2.641394E-15  
 50.1187234     2.099197E-15   2.098134E-15  
 63.0957344     1.66767E-15    1.666607E-15  
 79.4328235     1.324896E-15   1.323833E-15  
 100.           1.052621E-15   1.051558E-15  
 125.892541     836.345E-18    835.282E-18   
 158.489319     664.551E-18    663.488E-18   
 199.526231     528.09E-18     527.027E-18   
 251.188643     419.696E-18    418.633E-18   
 316.227766     333.595E-18    332.532E-18   
 398.107171     265.202E-18    264.139E-18   
 501.187234     210.876E-18    209.813E-18   
 630.957344     167.724E-18    166.661E-18   
 794.328235     133.446E-18    132.383E-18   
 1.E+3          106.219E-18    105.156E-18   
 1.25892541E+3  84.591E-18     83.528E-18    
 1.58489319E+3  67.412E-18     66.349E-18    
 1.99526231E+3  53.766E-18     52.703E-18    
 2.51188643E+3  42.926E-18     41.863E-18    
 3.16227766E+3  34.316E-18     33.253E-18    
 3.98107171E+3  27.477E-18     26.414E-18    
 5.01187234E+3  22.044E-18     20.981E-18    
 6.30957344E+3  17.729E-18     16.666E-18    
 7.94328235E+3  14.301E-18     13.238E-18    
 10.E+3         11.579E-18     10.516E-18    
 12.5892541E+3  9.416E-18      8.353E-18     
 15.8489319E+3  7.698E-18      6.635E-18     
 19.9526231E+3  6.333E-18      5.27E-18      
 25.1188643E+3  5.249E-18      4.186E-18     
 31.6227766E+3  4.388E-18      3.325E-18     
 39.8107171E+3  3.704E-18      2.641E-18     
 50.1187234E+3  3.161E-18      2.098E-18     
 63.0957344E+3  2.73E-18       1.667E-18     
 79.4328235E+3  2.387E-18      1.324E-18     
 100.E+3        2.115E-18      1.052E-18     
 125.892541E+3  1.898E-18      835.E-21      
 158.489319E+3  1.726E-18      663.E-21      
 199.526231E+3  1.59E-18       527.E-21      
 251.188643E+3  1.482E-18      419.E-21      
 316.227766E+3  1.395E-18      333.E-21      
 398.107171E+3  1.327E-18      264.E-21      
 501.187234E+3  1.273E-18      210.E-21      
 630.957344E+3  1.23E-18       167.E-21      
 794.328235E+3  1.195E-18      132.E-21      
 1.E+6          1.168E-18      105.E-21      
 1.25892541E+6  1.146E-18      84.E-21       
 1.58489319E+6  1.129E-18      66.E-21       
 1.99526231E+6  1.116E-18      53.E-21       
 2.51188643E+6  1.105E-18      42.E-21       
 3.16227766E+6  1.096E-18      33.E-21       
 3.98107171E+6  1.089E-18      26.E-21       
 5.01187234E+6  1.084E-18      21.E-21       
 6.30957344E+6  1.08E-18       17.E-21       
 7.94328235E+6  1.076E-18      13.E-21       
 10.E+6         1.073E-18      11.E-21       
 12.5892541E+6  1.071E-18      8.E-21        
 15.8489319E+6  1.07E-18       7.E-21        
 19.9526231E+6  1.068E-18      5.E-21        
 25.1188643E+6  1.067E-18      4.E-21        
 31.6227766E+6  1.066E-18      3.E-21        
 39.8107171E+6  1.066E-18      3.E-21        
 50.1187234E+6  1.065E-18      2.E-21        
 63.0957344E+6  1.065E-18      2.E-21        
 79.4328235E+6  1.064E-18      1.E-21        
 100.E+6        1.064E-18      1.E-21        
#              
 27.           
#Freq           npwr(t.n_total) npwr(t.n_flicker)
 1.             133.52887E-15  133.52738E-15 
 1.25892541     106.06606E-15  106.06457E-15 
 1.58489319     84.251574E-15  84.250082E-15 
 1.99526231     66.923711E-15  66.922219E-15 
 2.51188643     53.1597E-15    53.158208E-15 
 3.16227766     42.226557E-15  42.225066E-15 
 3.98107171     33.542053E-15  33.540562E-15 
 5.01187234     26.643707E-15  26.642215E-15 
 6.30957344     21.164155E-15  21.162664E-15 
 7.94328235     16.811593E-15  16.810101E-15 
 10.            13.35423E-15   13.352738E-15 
 12.5892541     10.607948E-15  10.606457E-15 
 15.8489319     8.4265E-15     8.425008E-15  
 19.9526231     6.693713E-15   6.692222E-15  
 25.1188643     5.317312E-15   5.315821E-15  
 31.6227766     4.223998E-15   4.222507E-15  
 39.8107171     3.355548E-15   3.354056E-15  
 50.1187234     2.665713E-15   2.664222E-15  
 63.0957344     2.117758E-15   2.116266E-15  
 79.4328235     1.682502E-15   1.68101E-15   
 100.           1.336765E-15   1.335274E-15  
 125.892541     1.062137E-15   1.060646E-15  
 158.489319     843.992E-18    842.501E-18   
 199.526231     670.714E-18    669.222E-18   
 251.188643     533.074E-18    531.582E-18   
 316.227766     423.742E-18    422.251E-18   
 398.107171     336.897E-18    335.406E-18   
 501.187234     267.914E-18    266.422E-18   
 630.957344     213.118E-18    211.627E-18   
 794.328235     169.592E-18    168.101E-18   
 1.E+3          135.019E-18    133.527E-18   
 1.25892541E+3  107.556E-18    106.065E-18   
 1.58489319E+3  85.742E-18     84.25E-18     
 1.99526231E+3  68.414E-18     66.922E-18    
 2.51188643E+3  54.65E-18      53.158E-18    
 3.16227766E+3  43.717E-18     42.225E-18    
 3.98107171E+3  35.032E-18     33.541E-18    
 5.01187234E+3  28.134E-18     26.642E-18    
 6.30957344E+3  22.654E-18     21.163E-18    
 7.94328235E+3  18.302E-18     16.81E-18     
 10.E+3         14.844E-18     13.353E-18    
 12.5892541E+3  12.098E-18     10.606E-18    
 15.8489319E+3  9.916E-18      8.425E-18     
 19.9526231E+3  8.184E-18      6.692E-18     
 25.1188643E+3  6.807E-18      5.316E-18     
 31.6227766E+3  5.714E-18      4.223E-18     
 39.8107171E+3  4.846E-18      3.354E-18     
 50.1187234E+3  4.156E-18      2.664E-18     
 63.0957344E+3  3.608E-18      2.116E-18     
 79.4328235E+3  3.172E-18      1.681E-18     
 100.E+3        2.827E-18      1.335E-18     
 125.892541E+3  2.552E-18      1.061E-18     
 158.489319E+3  2.334E-18      843.E-21      
 199.526231E+3  2.161E-18      669.E-21      
 251.188643E+3  2.023E-18      532.E-21      
 316.227766E+3  1.914E-18      422.E-21      
 398.107171E+3  1.827E-18      335.E-21      
 501.187234E+3  1.758E-18      266.E-21      
 630.957344E+3  1.703E-18      212.E-21      
 794.328235E+3  1.66E-18       168.E-21      
 1.E+6          1.625E-18      134.E-21      
 1.25892541E+6  1.598E-18      106.E-21      
 1.58489319E+6  1.576E-18      84.E-21       
 1.99526231E+6  1.558E-18      67.E-21       
 2.51188643E+6  1.545E-18      53.E-21       
 3.16227766E+6  1.534E-18      42.E-21       
 3.98107171E+6  1.525E-18      34.E-21       
 5.01187234E+6  1.518E-18      27.E-21       
 6.30957344E+6  1.513E-18      21.E-21       
 7.94328235E+6  1.508E-18      17.E-21       
 10.E+6         1.505E-18      13.E-21       
 12.5892541E+6  1.502E-18      11.E-21       
 15.8489319E+6  1.5E-18        8.E-21        
 19.9526231E+6  1.498E-18      7.E-21        
 25.1188643E+6  1.497E-18      5.E-21        
 31.6227766E+6  1.496E-18      4.E-21        
 39.8107171E+6  1.495E-18      3.E-21        
 50.1187234E+6  1.494E-18      3.E-21        
 63.0957344E+6  1.494E-18      2.E-21        
 79.4328235E+6  1.493E-18      2.E-21        
 100.E+6        1.493E-18      1.E-21        
#              
 125.          
#Freq           npwr(t.n_total) npwr(t.n_flicker)
 1.             167.69807E-15  167.69583E-15 
 1.25892541     133.20777E-15  133.20553E-15 
 1.58489319     105.81115E-15  105.80891E-15 
 1.99526231     84.049248E-15  84.047008E-15 
 2.51188643     66.763152E-15  66.760911E-15 
 3.16227766     53.032318E-15  53.030077E-15 
 3.98107171     42.125528E-15  42.123287E-15 
 5.01187234     33.461957E-15  33.459716E-15 
 6.30957344     26.580238E-15  26.577997E-15 
 7.94328235     21.113895E-15  21.111654E-15 
 10.            16.771824E-15  16.769583E-15 
 12.5892541     13.322794E-15  13.320553E-15 
 15.8489319     10.583132E-15  10.580891E-15 
 19.9526231     8.406942E-15   8.404701E-15  
 25.1188643     6.678332E-15   6.676091E-15  
 31.6227766     5.305249E-15   5.303008E-15  
 39.8107171     4.21457E-15    4.212329E-15  
 50.1187234     3.348213E-15   3.345972E-15  
 63.0957344     2.660041E-15   2.6578E-15    
 79.4328235     2.113406E-15   2.111165E-15  
 100.           1.679199E-15   1.676958E-15  
 125.892541     1.334296E-15   1.332055E-15  
 158.489319     1.06033E-15    1.058089E-15  
 199.526231     842.711E-18    840.47E-18    
 251.188643     669.85E-18     667.609E-18   
 316.227766     532.542E-18    530.301E-18   
 398.107171     423.474E-18    421.233E-18   
 501.187234     336.838E-18    334.597E-18   
 630.957344     268.021E-18    265.78E-18    
 794.328235     213.357E-18    211.117E-18   
 1.E+3          169.937E-18    167.696E-18   
 1.25892541E+3  135.446E-18    133.206E-18   
 1.58489319E+3  108.05E-18     105.809E-18   
 1.99526231E+3  86.288E-18     84.047E-18    
 2.51188643E+3  69.002E-18     66.761E-18    
 3.16227766E+3  55.271E-18     53.03E-18     
 3.98107171E+3  44.364E-18     42.123E-18    
 5.01187234E+3  35.701E-18     33.46E-18     
 6.30957344E+3  28.819E-18     26.578E-18    
 7.94328235E+3  23.353E-18     21.112E-18    
 10.E+3         19.01E-18      16.77E-18     
 12.5892541E+3  15.561E-18     13.321E-18    
 15.8489319E+3  12.822E-18     10.581E-18    
 19.9526231E+3  10.646E-18     8.405E-18     
 25.1188643E+3  8.917E-18      6.676E-18     
 31.6227766E+3  7.544E-18      5.303E-18     
 39.8107171E+3  6.453E-18      4.212E-18     
 50.1187234E+3  5.587E-18      3.346E-18     
 63.0957344E+3  4.899E-18      2.658E-18     
 79.4328235E+3  4.352E-18      2.111E-18     
 100.E+3        3.918E-18      1.677E-18     
 125.892541E+3  3.573E-18      1.332E-18     
 158.489319E+3  3.299E-18      1.058E-18     
 199.526231E+3  3.081E-18      840.E-21      
 251.188643E+3  2.908E-18      668.E-21      
 316.227766E+3  2.771E-18      530.E-21      
 398.107171E+3  2.662E-18      421.E-21      
 501.187234E+3  2.575E-18      335.E-21      
 630.957344E+3  2.507E-18      266.E-21      
 794.328235E+3  2.452E-18      211.E-21      
 1.E+6          2.409E-18      168.E-21      
 1.25892541E+6  2.374E-18      133.E-21      
 1.58489319E+6  2.347E-18      106.E-21      
 1.99526231E+6  2.325E-18      84.E-21       
 2.51188643E+6  2.308E-18      67.E-21       
 3.16227766E+6  2.294E-18      53.E-21       
 3.98107171E+6  2.283E-18      42.E-21       
 5.01187234E+6  2.274E-18      33.E-21       
 6.30957344E+6  2.267E-18      27.E-21       
 7.94328235E+6  2.262E-18      21.E-21       
 10.E+6         2.258E-18      17.E-21       
 12.5892541E+6  2.254E-18      13.E-21       
 15.8489319E+6  2.251E-18      11.E-21       
 19.9526231E+6  2.249E-18      8.E-21        
 25.1188643E+6  2.248E-18      7.E-21        
 31.6227766E+6  2.246E-18      5.E-21        
 39.8107171E+6  2.245E-18      4.E-21        
 50.1187234E+6  2.244E-18      3.E-21        
 63.0957344E+6  2.244E-18      3.E-21        
 79.4328235E+6  2.243E-18      2.E-21        
 100.E+6        2.243E-18      2.E-21        
Gnucap   System status
iterations: op=7, dc=0, tran=0, fourier=0, total=264
transient timesteps: accepted=0, rejected=0, total=0
nodes: user=0, subckt=3, model=15, total=18
dctran density=38.0%, ac density=38.0%
