module N1 (.d(d),.g(g),.s(s),.b(b));
  parameter real w=350.e-9;
  parameter real l=340.e-9;
  parameter integer nf=1;
  parameter real ad=0.0;
  parameter real pd=0.0;
  parameter real as=0.0;
  parameter real ps=0.0;
  parameter real sa=0.0;
  parameter real sb=0.0;
  parameter real sd=0.0;
  electrical d;
  electrical g;
  electrical s;
  electrical b;
  N1 #(.w(w),.l(l),.ng(nf)) M1 (.D(d),.G(g),.S(s),.B(b));
endmodule // N1

module P1 (.d(d),.g(g),.s(s),.b(b));
  parameter real w=350.e-9;
  parameter real l=280.e-9;
  parameter integer nf=1;
  parameter real ad=0.0;
  parameter real pd=0.0;
  parameter real as=0.0;
  parameter real ps=0.0;
  parameter real sa=0.0;
  parameter real sb=0.0;
  parameter real sd=0.0;
  electrical d;
  electrical g;
  electrical s;
  electrical b;
  P1 #(.w(w),.l(l),.ng(nf)) M1 (.D(d),.G(g),.S(s),.B(b));
endmodule // P1

parameter real vscale = 0.333333333;
//* MOSFET noise test
ground gnd;
N1 #(.l(0.09u),.w(10.0u)) M1 (.d(out),.g(g),.s(gnd),.b(gnd));
resistor #(.r(10k),.noisy(1.0)) RD (vdd, out);
vsource #(.dc(1.2)) Vdd (vdd, gnd);
vsource #(.dc(0.6)) Vg (g, gnd);
// Total noise power at the drain node
noise_probe #() n_out (out);
#              
 0.            
#Freq           npwr(n_out)   
 1.             133.52887E-15 
 1.04712855     127.51915E-15 
 1.0964782      121.77991E-15 
 1.14815362     116.29898E-15 
 1.20226443     111.06473E-15 
 1.25892541     106.06606E-15 
 1.31825674     101.29237E-15 
 1.38038426     96.733529E-15 
 1.44543977     92.37987E-15  
 1.51356125     88.222158E-15 
 1.58489319     84.251574E-15 
 1.65958691     80.459695E-15 
 1.73780083     76.83848E-15  
 1.81970086     73.380246E-15 
 1.90546072     70.077658E-15 
 1.99526231     66.923711E-15 
 2.08929613     63.911715E-15 
 2.18776162     61.035281E-15 
 2.29086765     58.288308E-15 
 2.39883292     55.664969E-15 
 2.51188643     53.1597E-15   
 2.63026799     50.767186E-15 
 2.7542287      48.482354E-15 
 2.8840315      46.300355E-15 
 3.01995172     44.216563E-15 
 3.16227766     42.226557E-15 
 3.31131121     40.326116E-15 
 3.4673685      38.511209E-15 
 3.63078055     36.777986E-15 
 3.80189396     35.122771E-15 
 3.98107171     33.542053E-15 
 4.16869383     32.032479E-15 
 4.36515832     30.590847E-15 
 4.5708819      29.2141E-15   
 4.78630092     27.899316E-15 
 5.01187234     26.643707E-15 
 5.2480746      25.44461E-15  
 5.49540874     24.299481E-15 
 5.75439937     23.205891E-15 
 6.02559586     22.161521E-15 
 6.30957344     21.164155E-15 
 6.60693448     20.211679E-15 
 6.91830971     19.30207E-15  
 7.2443596      18.433401E-15 
 7.58577575     17.603829E-15 
 7.94328235     16.811593E-15 
 8.31763771     16.055014E-15 
 8.7096359      15.332486E-15 
 9.12010839     14.642478E-15 
 9.54992586     13.983525E-15 
 10.            13.35423E-15  
 10.4712855     12.753257E-15 
 10.964782      12.179333E-15 
 11.4815362     11.63124E-15  
 12.0226443     11.107815E-15 
 12.5892541     10.607948E-15 
 13.1825674     10.130579E-15 
 13.8038426     9.674695E-15  
 14.4543977     9.239329E-15  
 15.1356125     8.823558E-15  
 15.8489319     8.4265E-15    
 16.5958691     8.047312E-15  
 17.3780083     7.68519E-15   
 18.1970086     7.339367E-15  
 19.0546072     7.009108E-15  
 19.9526231     6.693713E-15  
 20.8929613     6.392514E-15  
 21.8776162     6.10487E-15   
 22.9086765     5.830173E-15  
 23.9883292     5.567839E-15  
 25.1188643     5.317312E-15  
 26.3026799     5.078061E-15  
 27.542287      4.849578E-15  
 28.840315      4.631378E-15  
 30.1995172     4.422999E-15  
 31.6227766     4.223998E-15  
 33.1131121     4.033954E-15  
 34.673685      3.852463E-15  
 36.3078055     3.679141E-15  
 38.0189396     3.513619E-15  
 39.8107171     3.355548E-15  
 41.6869383     3.20459E-15   
 43.6515832     3.060427E-15  
 45.708819      2.922752E-15  
 47.8630092     2.791274E-15  
 50.1187234     2.665713E-15  
 52.480746      2.545803E-15  
 54.9540874     2.43129E-15   
 57.5439937     2.321931E-15  
 60.2559586     2.217494E-15  
 63.0957344     2.117758E-15  
 66.0693448     2.02251E-15   
 69.1830971     1.931549E-15  
 72.443596      1.844682E-15  
 75.8577575     1.761725E-15  
 79.4328235     1.682502E-15  
 83.1763771     1.606844E-15  
 87.096359      1.534591E-15  
 91.2010839     1.46559E-15   
 95.4992586     1.399695E-15  
 100.           1.336765E-15  
 104.712855     1.276668E-15  
 109.64782      1.219276E-15  
 114.815362     1.164466E-15  
 120.226443     1.112124E-15  
 125.892541     1.062137E-15  
 131.825674     1.0144E-15    
 138.038426     968.812E-18   
 144.543977     925.275E-18   
 151.356125     883.698E-18   
 158.489319     843.992E-18   
 165.958691     806.074E-18   
 173.780083     769.861E-18   
 181.970086     735.279E-18   
 190.546072     702.253E-18   
 199.526231     670.714E-18   
 208.929613     640.594E-18   
 218.776162     611.829E-18   
 229.086765     584.36E-18    
 239.883292     558.126E-18   
 251.188643     533.074E-18   
 263.026799     509.148E-18   
 275.42287      486.3E-18     
 288.40315      464.48E-18    
 301.995172     443.642E-18   
 316.227766     423.742E-18   
 331.131121     404.738E-18   
 346.73685      386.589E-18   
 363.078055     369.256E-18   
 380.189396     352.704E-18   
 398.107171     336.897E-18   
 416.869383     321.801E-18   
 436.515832     307.385E-18   
 457.08819      293.618E-18   
 478.630092     280.47E-18    
 501.187234     267.914E-18   
 524.80746      255.923E-18   
 549.540874     244.471E-18   
 575.439937     233.535E-18   
 602.559586     223.092E-18   
 630.957344     213.118E-18   
 660.693448     203.593E-18   
 691.830971     194.497E-18   
 724.43596      185.811E-18   
 758.577575     177.515E-18   
 794.328235     169.592E-18   
 831.763771     162.027E-18   
 870.96359      154.801E-18   
 912.010839     147.901E-18   
 954.992586     141.312E-18   
 1.E+3          135.019E-18   
 1.04712855E+3  129.009E-18   
 1.0964782E+3   123.27E-18    
 1.14815362E+3  117.789E-18   
 1.20226443E+3  112.555E-18   
 1.25892541E+3  107.556E-18   
 1.31825674E+3  102.782E-18   
 1.38038426E+3  98.224E-18    
 1.44543977E+3  93.87E-18     
 1.51356125E+3  89.712E-18    
 1.58489319E+3  85.742E-18    
 1.65958691E+3  81.95E-18     
 1.73780083E+3  78.328E-18    
 1.81970086E+3  74.87E-18     
 1.90546072E+3  71.568E-18    
 1.99526231E+3  68.414E-18    
 2.08929613E+3  65.402E-18    
 2.18776162E+3  62.525E-18    
 2.29086765E+3  59.778E-18    
 2.39883292E+3  57.155E-18    
 2.51188643E+3  54.65E-18     
 2.63026799E+3  52.257E-18    
 2.7542287E+3   49.972E-18    
 2.8840315E+3   47.79E-18     
 3.01995172E+3  45.707E-18    
 3.16227766E+3  43.717E-18    
 3.31131121E+3  41.816E-18    
 3.4673685E+3   40.001E-18    
 3.63078055E+3  38.268E-18    
 3.80189396E+3  36.613E-18    
 3.98107171E+3  35.032E-18    
 4.16869383E+3  33.522E-18    
 4.36515832E+3  32.081E-18    
 4.5708819E+3   30.704E-18    
 4.78630092E+3  29.389E-18    
 5.01187234E+3  28.134E-18    
 5.2480746E+3   26.935E-18    
 5.49540874E+3  25.789E-18    
 5.75439937E+3  24.696E-18    
 6.02559586E+3  23.652E-18    
 6.30957344E+3  22.654E-18    
 6.60693448E+3  21.702E-18    
 6.91830971E+3  20.792E-18    
 7.2443596E+3   19.923E-18    
 7.58577575E+3  19.094E-18    
 7.94328235E+3  18.302E-18    
 8.31763771E+3  17.545E-18    
 8.7096359E+3   16.822E-18    
 9.12010839E+3  16.132E-18    
 9.54992586E+3  15.474E-18    
 10.E+3         14.844E-18    
 10.4712855E+3  14.243E-18    
 10.964782E+3   13.669E-18    
 11.4815362E+3  13.121E-18    
 12.0226443E+3  12.598E-18    
 12.5892541E+3  12.098E-18    
 13.1825674E+3  11.621E-18    
 13.8038426E+3  11.165E-18    
 14.4543977E+3  10.729E-18    
 15.1356125E+3  10.314E-18    
 15.8489319E+3  9.916E-18     
 16.5958691E+3  9.537E-18     
 17.3780083E+3  9.175E-18     
 18.1970086E+3  8.829E-18     
 19.0546072E+3  8.499E-18     
 19.9526231E+3  8.184E-18     
 20.8929613E+3  7.882E-18     
 21.8776162E+3  7.595E-18     
 22.9086765E+3  7.32E-18      
 23.9883292E+3  7.058E-18     
 25.1188643E+3  6.807E-18     
 26.3026799E+3  6.568E-18     
 27.542287E+3   6.34E-18      
 28.840315E+3   6.121E-18     
 30.1995172E+3  5.913E-18     
 31.6227766E+3  5.714E-18     
 33.1131121E+3  5.524E-18     
 34.673685E+3   5.342E-18     
 36.3078055E+3  5.169E-18     
 38.0189396E+3  5.004E-18     
 39.8107171E+3  4.846E-18     
 41.6869383E+3  4.695E-18     
 43.6515832E+3  4.55E-18      
 45.708819E+3   4.413E-18     
 47.8630092E+3  4.281E-18     
 50.1187234E+3  4.156E-18     
 52.480746E+3   4.036E-18     
 54.9540874E+3  3.921E-18     
 57.5439937E+3  3.812E-18     
 60.2559586E+3  3.707E-18     
 63.0957344E+3  3.608E-18     
 66.0693448E+3  3.512E-18     
 69.1830971E+3  3.422E-18     
 72.443596E+3   3.335E-18     
 75.8577575E+3  3.252E-18     
 79.4328235E+3  3.172E-18     
 83.1763771E+3  3.097E-18     
 87.096359E+3   3.025E-18     
 91.2010839E+3  2.956E-18     
 95.4992586E+3  2.89E-18      
 100.E+3        2.827E-18     
 104.712855E+3  2.767E-18     
 109.64782E+3   2.709E-18     
 114.815362E+3  2.654E-18     
 120.226443E+3  2.602E-18     
 125.892541E+3  2.552E-18     
 131.825674E+3  2.504E-18     
 138.038426E+3  2.459E-18     
 144.543977E+3  2.415E-18     
 151.356125E+3  2.374E-18     
 158.489319E+3  2.334E-18     
 165.958691E+3  2.296E-18     
 173.780083E+3  2.26E-18      
 181.970086E+3  2.225E-18     
 190.546072E+3  2.192E-18     
 199.526231E+3  2.161E-18     
 208.929613E+3  2.131E-18     
 218.776162E+3  2.102E-18     
 229.086765E+3  2.074E-18     
 239.883292E+3  2.048E-18     
 251.188643E+3  2.023E-18     
 263.026799E+3  1.999E-18     
 275.42287E+3   1.976E-18     
 288.40315E+3   1.954E-18     
 301.995172E+3  1.934E-18     
 316.227766E+3  1.914E-18     
 331.131121E+3  1.895E-18     
 346.73685E+3   1.877E-18     
 363.078055E+3  1.859E-18     
 380.189396E+3  1.843E-18     
 398.107171E+3  1.827E-18     
 416.869383E+3  1.812E-18     
 436.515832E+3  1.797E-18     
 457.08819E+3   1.784E-18     
 478.630092E+3  1.77E-18      
 501.187234E+3  1.758E-18     
 524.80746E+3   1.746E-18     
 549.540874E+3  1.734E-18     
 575.439937E+3  1.724E-18     
 602.559586E+3  1.713E-18     
 630.957344E+3  1.703E-18     
 660.693448E+3  1.694E-18     
 691.830971E+3  1.684E-18     
 724.43596E+3   1.676E-18     
 758.577575E+3  1.667E-18     
 794.328235E+3  1.66E-18      
 831.763771E+3  1.652E-18     
 870.96359E+3   1.645E-18     
 912.010839E+3  1.638E-18     
 954.992586E+3  1.631E-18     
 1.E+6          1.625E-18     
