simple diode test 
V1 ( 1 0 ) sin offset=NA( 0.) amplitude= 10. frequency= 10.Meg delay=NA( 0.) damping=NA( 0.)  DC -10.  AC  1.
R1 ( 1 2 )  100.K
D1 ( 2 0 )  ddd 1.
.model ddd d ( is=10.f rs=0. n=1. tt=0. cjo=1.p vj=1. m=0.5 eg=1.11 xti=3. kf=0. af=1. fc=0.5)
#           v(1)       v(2)       i(V1)      i(R1)      id(D1)     vd(D1)     req(D1)    cd(D1)     z(D1)      zraw(D1)   gd(D1)     z(2)      
 0.         0.         0.         0.         0.         0.         0.         ??         0.         NaN        NaN        0.         NaN       
-1.        -10.        0.70425    107.04u   -107.04u    0.018289   0.73027    ??         0.         1.4142     1.4142     0.70711    1.4142    
-2.        -10.        0.67798    106.78u   -106.78u    0.0066888  0.70425    ??         0.         3.8666     3.8666     0.25861    3.8666    
-3.        -10.        0.65097    106.51u   -106.51u    0.0024217  0.67798    ??         0.         10.679     10.679     0.093631   10.679    
-4.        -10.        0.62189    106.22u   -106.22u    852.56u    0.65097    ??         0.         30.328     30.328     0.032963   30.328    
-5.        -10.        0.58613    105.86u   -105.86u    276.9u     0.62189    ??         0.         93.319     93.319     0.010706   93.319    
-6.        -10.        0.52112    105.21u   -105.21u    69.501u    0.58613    ??         0.         370.76     370.76     0.0026872  370.76    
-7.        -10.        0.034029   100.34u   -100.34u    5.6268u    0.52112    ??         0.         4.3946K    4.3946K    217.55u    4.3946K   
-8.        -10.       -10.        0.        -34.433p    61.301f    0.034029   ??         0.         100.K      100.K      2.4411p    100.K     
-9.        -10.       -10.        0.        -20.01p    -1.044p    -1.034      ??         0.         100.K      100.K      1.p        100.K     
-10.       -10.       -10.        0.        -20.01p    -3.0781p   -3.0681     ??         0.         100.K      100.K      1.p        100.K     
-11.       -10.       -10.        0.        -20.01p    -7.1461p   -7.1361     ??         0.         100.K      100.K      1.p        100.K     
-12.       -10.       -10.        0.        -20.01p    -10.01p    -10.        ??         0.         100.K      100.K      1.p        100.K     
-13.       -10.       -10.        0.        -20.01p    -10.01p    -10.        ??         0.         100.K      100.K      1.p        100.K     
 27.       -10.       -10.        0.        -20.01p    -10.01p    -10.        ??         301.51f    100.K      100.K      1.p        100.K     
#Freq       vr(2)      vi(2)     
 10.        1.        -1.8945u   
 100.       1.        -18.945u   
 1.K        1.        -189.45u   
 10.K       1.        -0.0018944 
 100.K      0.99964   -0.018938  
 1.Meg      0.96535   -0.18288   
 10.Meg     0.21791   -0.41283   
 100.Meg    0.0027786 -0.052639  
 1.G        27.863u   -0.0052784 
#           v(1)       v(2)       i(V1)      i(R1)      id(D1)     vd(D1)     req(D1)    cd(D1)     z(D1)      zraw(D1)   gd(D1)     z(2)       iter(0)   
-10.       -10.       -10.        0.        -20.01p    -10.01p    -10.        ??         301.51f    100.K      100.K      1.p        100.K      14.       
-8.        -8.        -8.         0.        -16.01p    -8.01p     -8.         ??         333.33f    100.K      100.K      1.p        100.K      4.        
-6.        -6.        -6.         0.        -12.01p    -6.01p     -6.         ??         377.96f    100.K      100.K      1.p        100.K      4.        
-4.        -4.        -4.         0.        -8.01p     -4.01p     -4.         ??         447.21f    100.K      100.K      1.p        100.K      4.        
-2.        -2.        -2.         0.        -4.01p     -2.01p     -2.         ??         577.35f    100.K      100.K      1.p        100.K      4.        
 0.         0.         0.         0.         0.         0.         0.         ??         1.p        100.K      100.K      1.3866p    100.K      5.        
#Freq       vr(2)      vi(2)     
 10.        1.        -6.2832u   
 100.       1.        -62.832u   
 1.K        1.        -628.32u   
 10.K       0.99996   -0.0062829 
 100.K      0.99607   -0.062585  
 1.Meg      0.71696   -0.45048   
 10.Meg     0.024705  -0.15522   
 100.Meg    253.24u   -0.015911  
 1.G        2.533u    -0.0015915 
v(1)  -10.                   -5.                    0.                     5.                   10.
v(2)  -10.                   -5.                    0.                     5.                   10.
        +----------------------+---------------------+----------------------+---------------------+
 0.     |                      .                     *                      .                     |
 5.n    |                      .                     +             *        .                     |
 10.n   |                      .                     .+                     .  *                  |
 15.n   |                      .                     . +                    .            *        |
 20.n   |                      .                     .  +                   .                   * |
 25.n   |                      .                     .  +                   .                     *
 30.n   |                      .                     .  +                   .                   * |
 35.n   |                      .                     .  +                   .            *        |
 40.n   |                      .                     .  +                   .  *                  |
 45.n   |                      .                     .  +          *        .                     |
 50.n   |                      .                     * +                    .                     |
 55.n   |                      .       *             . +                    .                     |
 60.n   |                  *   .                     .+                     .                     |
 65.n   |        *             .                     +                      .                     |
 70.n   | *                    .                  +  .                      .                     |
 75.n   *                      .                +    .                      .                     |
 80.n   | *                    .             +       .                      .                     |
 85.n   |        *             .          +          .                      .                     |
 90.n   |                  *   .        +            .                      .                     |
 95.n   |                      .       *+            .                      .                     |
 100.n  |                      .        +            *                      .                     |
 105.n  |                      .          +          .             *        .                     |
 110.n  |                      .             +       .                      .  *                  |
 115.n  |                      .                +    .                      .            *        |
 120.n  |                      .                   + .                      .                   * |
 125.n  |                      .                     +                      .                     *
 130.n  |                      .                     . +                    .                   * |
 135.n  |                      .                     .  +                   .            *        |
 140.n  |                      .                     .  +                   .  *                  |
 145.n  |                      .                     .  +          *        .                     |
 150.n  |                      .                     * +                    .                     |
 155.n  |                      .       *             . +                    .                     |
 160.n  |                  *   .                     .+                     .                     |
 165.n  |        *             .                     +                      .                     |
 170.n  | *                    .                  +  .                      .                     |
 175.n  *                      .                +    .                      .                     |
 180.n  | *                    .             +       .                      .                     |
 185.n  |        *             .          +          .                      .                     |
 190.n  |                  *   .        +            .                      .                     |
 195.n  |                      .       *+            .                      .                     |
        +----------------------+---------------------+----------------------+---------------------+
#Freq       vr(2)      vi(2)     
 10.        0.047581  -7.1184n   
 100.       0.047581  -71.184n   
 1.K        0.047581  -711.84n   
 10.K       0.047581  -7.1184u   
 100.K      0.047581  -71.184u   
 1.Meg      0.047571  -711.69u   
 10.Meg     0.04654   -0.0069626 
 100.Meg    0.014694  -0.021983  
 1.G        211.64u   -0.0031663 
v(1)  -10.                   -5.                    0.                     5.                   10.
v(2)  -10.                   -5.                    0.                     5.                   10.
        +----------------------+---------------------+----------------------+---------------------+
 0.     |                      .                     *                      .                     |
 5.n    |                      .                     +             *        .                     |
 10.n   |                      .                     .+                     .  *                  |
 15.n   |                      .                     . +                    .            *        |
 20.n   |                      .                     .  +                   .                   * |
 25.n   |                      .                     .  +                   .                     *
 30.n   |                      .                     .  +                   .                   * |
 35.n   |                      .                     .  +                   .            *        |
 40.n   |                      .                     .  +                   .  *                  |
 45.n   |                      .                     .  +          *        .                     |
 50.n   |                      .                     * +                    .                     |
 55.n   |                      .       *             . +                    .                     |
 60.n   |                  *   .                     .+                     .                     |
 65.n   |        *             .                     +                      .                     |
 70.n   | *                    .                  +  .                      .                     |
 75.n   *                      .                +    .                      .                     |
 80.n   | *                    .             +       .                      .                     |
 85.n   |        *             .          +          .                      .                     |
 90.n   |                  *   .        +            .                      .                     |
 95.n   |                      .       *+            .                      .                     |
 100.n  |                      .        +            *                      .                     |
 105.n  |                      .          +          .             *        .                     |
 110.n  |                      .             +       .                      .  *                  |
 115.n  |                      .                +    .                      .            *        |
 120.n  |                      .                   + .                      .                   * |
 125.n  |                      .                     +                      .                     *
 130.n  |                      .                     . +                    .                   * |
 135.n  |                      .                     .  +                   .            *        |
 140.n  |                      .                     .  +                   .  *                  |
 145.n  |                      .                     .  +          *        .                     |
 150.n  |                      .                     * +                    .                     |
 155.n  |                      .       *             . +                    .                     |
 160.n  |                  *   .                     .+                     .                     |
 165.n  |        *             .                     +                      .                     |
        +----------------------+---------------------+----------------------+---------------------+
#Freq       vr(2)      vi(2)     
 10.        0.025431  -3.893n    
 100.       0.025431  -38.93n    
 1.K        0.025431  -389.3n    
 10.K       0.025431  -3.893u    
 100.K      0.02543   -38.93u    
 1.Meg      0.025425  -389.21u   
 10.Meg     0.024848  -0.0038039 
 100.Meg    0.007606  -0.011644  
 1.G        108.05u   -0.0016541 
v(1)  -10.                   -5.                    0.                     5.                   10.
v(2)  -10.                   -5.                    0.                     5.                   10.
        +----------------------+---------------------+----------------------+---------------------+
 0.     |                      .                     *                      .                     |
 5.n    |                      .                     +             *        .                     |
 10.n   |                      .                     .+                     .  *                  |
 15.n   |                      .                     . +                    .            *        |
 20.n   |                      .                     .  +                   .                   * |
 25.n   |                      .                     .  +                   .                     *
 30.n   |                      .                     .  +                   .                   * |
 35.n   |                      .                     .  +                   .            *        |
 40.n   |                      .                     .  +                   .  *                  |
 45.n   |                      .                     .  +          *        .                     |
 50.n   |                      .                     * +                    .                     |
 55.n   |                      .       *             . +                    .                     |
 60.n   |                  *   .                     .+                     .                     |
 65.n   |        *             .                     +                      .                     |
 70.n   | *                    .                  +  .                      .                     |
 75.n   *                      .                +    .                      .                     |
 80.n   | *                    .             +       .                      .                     |
 85.n   |        *             .          +          .                      .                     |
 90.n   |                  *   .        +            .                      .                     |
 95.n   |                      .       *+            .                      .                     |
 100.n  |                      .        +            *                      .                     |
 105.n  |                      .          +          .             *        .                     |
 110.n  |                      .             +       .                      .  *                  |
 115.n  |                      .                +    .                      .            *        |
 120.n  |                      .                   + .                      .                   * |
 125.n  |                      .                     +                      .                     *
 130.n  |                      .                     . +                    .                   * |
 135.n  |                      .                     .  +                   .            *        |
        +----------------------+---------------------+----------------------+---------------------+
#Freq       vr(2)      vi(2)     
 10.        0.002735  -72.398p   
 100.       0.002735  -723.98p   
 1.K        0.002735  -7.2398n   
 10.K       0.002735  -72.398n   
 100.K      0.002735  -723.98n   
 1.Meg      0.002735  -7.2397u   
 10.Meg     0.0027331 -72.347u   
 100.Meg    0.0025559 -676.57u   
 1.G        341.56u   -904.16u   
v(1)  -10.                   -5.                    0.                     5.                   10.
v(2)  -10.                   -5.                    0.                     5.                   10.
        +----------------------+---------------------+----------------------+---------------------+
 0.     |                      .                     *                      .                     |
 5.n    |                      .                     +             *        .                     |
 10.n   |                      .                     .+                     .  *                  |
 15.n   |                      .                     . +                    .            *        |
 20.n   |                      .                     .  +                   .                   * |
 25.n   |                      .                     .  +                   .                     *
 30.n   |                      .                     .  +                   .                   * |
 35.n   |                      .                     .  +                   .            *        |
 40.n   |                      .                     .  +                   .  *                  |
 45.n   |                      .                     .  +          *        .                     |
 50.n   |                      .                     * +                    .                     |
 55.n   |                      .       *             . +                    .                     |
 60.n   |                  *   .                     .+                     .                     |
 65.n   |        *             .                     +                      .                     |
 70.n   | *                    .                  +  .                      .                     |
 75.n   *                      .                +    .                      .                     |
 80.n   | *                    .             +       .                      .                     |
 85.n   |        *             .          +          .                      .                     |
 90.n   |                  *   .        +            .                      .                     |
 95.n   |                      .       *+            .                      .                     |
 100.n  |                      .        +            *                      .                     |
 105.n  |                      .          +          .             *        .                     |
 110.n  |                      .             +       .                      .  *                  |
 115.n  |                      .                +    .                      .            *        |
 120.n  |                      .                   + .                      .                   * |
 125.n  |                      .                     +                      .                     *
        +----------------------+---------------------+----------------------+---------------------+
#Freq       vr(2)      vi(2)     
 10.        0.024104  -3.6949n   
 100.       0.024104  -36.949n   
 1.K        0.024104  -369.49n   
 10.K       0.024104  -3.6949u   
 100.K      0.024104  -36.949u   
 1.Meg      0.024098  -369.41u   
 10.Meg     0.02355   -0.0036101 
 100.Meg    0.0071954 -0.01103   
 1.G        102.14u   -0.0015657 
Gnucap   System status
iterations: op=14, dc=35, tran=171, fourier=0, total=1078
transient timesteps: accepted=148, rejected=0, total=148
nodes: user=2, subckt=0, model=0, total=2
dctran density=100.0%, ac density=100.0%
