paramset N1 nmos;
 .level=14; .version=4.81; .binunit=1; .paramchk=1; .mobmod=0; .capmod=1; .igcmod=1; .igbmod=1; .geomod=1; .diomod=1; .rdsmod=0; .rbodymod=0; .rgatemod=1; .permod=1; .acnqsmod=0; .trnqsmod=0; .tempmod=0; .mtrlmod=1; .cvchargemod=0; .mtrlcompatmod=1; .eot=1.8E-9; .vddeot=1.5; .ados=1.1; .bdos=1.0; .tnom=27; .toxe=1.8E-9; .toxp=10E-10; .toxm=1.8E-9; .dtox=8E-10; .epsrox=3.9; .wint=5E-9; .lint=1E-9; .ll=0; .wl=0; .lln=1; .wln=1; .lw=0; .ww=0; .lwn=1; .wwn=1; .lwl=0; .wwl=0; .xpart=1; .toxref=1.4E-9; .phig=4.05; .epsrgate=11.7; .saref=5E-6; .sbref=5E-6; .wlod=2E-6; .ku0=-4E-6; .kvsat=0.2; .kvth0=-2E-8; .tku0=0; .llodku0=1.1; .wlodku0=1.1; .llodvth=1.0; .wlodvth=1.0; .lku0=1E-6; .wku0=1E-6; .pku0=0; .lkvth0=1.1E-6; .wkvth0=1.1E-6; .pkvth0=0; .stk2=0; .lodk2=1.0; .steta0=0; .lodeta0=1.0; .lambda=4E-10; .vsat=1.1E5; .vtl=2.0E5; .xn=6.0; .lc=5E-9; .rnoia=0.577; .rnoib=0.37; .lintnoi=1E-009; .tvoff=0; .tvfbsdoff=0; .vth0=0.25; .k1=0.35; .k2=0.05; .k3=0; .k3b=0; .w0=2.5E-6; .dvt0=1.8; .dvt1=0.52; .dvt2=-0.032; .dvt0w=0; .dvt1w=0; .dvt2w=0; .dsub=2; .minv=0.05; .voffl=0; .dvtp0=1E-7; .minvcv=2; .voffcvl=0; .dvtp1=0.05; .lpe0=5.75E-8; .lpeb=2.3E-10; .xj=2E-8; .ngate=5E20; .ndep=2.8E18; .nsd=1E20; .phin=0; .cdsc=0.0002; .cdscb=0; .cdscd=0; .cit=0; .voff=-0.15; .nfactor=1.2; .eta0=0.05; .etab=0; .uc=-3E-11; .vfb=-0.55; .u0=0.032; .ua=5.0E-11; .ub=3.5E-18; .a0=2; .ags=1E-20; .a1=0; .a2=1; .b0=-1E-20; .b1=0; .keta=0.04; .dwg=0; .dwb=0; .pclm=0.08; .pdiblc1=0.028; .pdiblc2=0.022; .pdiblcb=-0.005; .drout=0.45; .pvag=1E-20; .delta=0.01; .pscbe1=8.14E8; .pscbe2=5E-8; .fprout=0.2; .pdits=0.2; .pditsd=0.23; .pditsl=2.3E6; .rsh=0; .rdsw=50; .rsw=50; .rdw=50; .rdswmin=0; .rdwmin=0; .rswmin=0; .prwg=0; .prwb=6.8E-11; .wr=1; .alpha0=0.074; .alpha1=0.005; .beta0=30; .agidl=0.0001; .bgidl=2.1E9; .cgidl=0.0001; .egidl=0.8; .agisl=0.0002; .bgisl=2.1E9; .cgisl=0.0002; .egisl=0.8; .aigbacc=0.012; .bigbacc=0.0028; .cigbacc=0.002; .nigbacc=1; .aigbinv=0.014; .bigbinv=0.004; .cigbinv=0.004; .eigbinv=1.1; .nigbinv=3; .aigc=0.012; .bigc=0.0028; .cigc=0.002; .aigs=0.012; .bigs=0.0028; .cigs=0.002; .nigc=1; .poxedge=1; .pigcd=1; .ntox=1; .aigd=0.01; .bigd=0.003; .cigd=0.0015; .xrcrg1=12; .xrcrg2=5; .cgso=6.238E-10; .cgdo=6.238E-10; .cgbo=2.56E-11; .cgdl=2.495E-10; .cgsl=2.495E-10; .ckappas=0.03; .ckappad=0.03; .acde=1; .moin=15; .noff=0.9; .voffcv=-0.02; .kt1=-0.37; .kt1l=0.0; .kt2=-0.042; .ute=-1.5; .ua1=1E-9; .ub1=-3.5E-19; .uc1=0; .prt=0; .at=53000; .fnoimod=1; .tnoimod=0; .jss=0.0001; .jsws=1E-11; .jswgs=1E-10; .njs=1; .ijthsfwd=0.01; .ijthsrev=0.001; .bvs=10; .xjbvs=1; .jsd=0.0001; .jswd=1E-11; .jswgd=1E-10; .njd=1; .ijthdfwd=0.01; .ijthdrev=0.001; .bvd=10; .xjbvd=1; .pbs=1; .cjs=0.0005; .mjs=0.5; .pbsws=1; .cjsws=5E-10; .mjsws=0.33; .pbswgs=1; .cjswgs=3E-10; .mjswgs=0.33; .pbd=1; .cjd=0.0005; .mjd=0.5; .pbswd=1; .cjswd=5E-10; .mjswd=0.33; .pbswgd=1; .cjswgd=5E-10; .mjswgd=0.33; .tpb=0.005; .tcj=0.001; .tpbsw=0.005; .tcjsw=0.001; .tpbswg=0.005; .tcjswg=0.001; .xtis=3; .xtid=3; .dmcg=0; .dmci=0; .dmdg=0; .dmcgt=0; .dwj=0; .xgw=0; .xgl=0; .rshg=0.4; .gbmin=1E-10; .rbpb=5; .rbpd=15; .rbps=15; .rbdb=15; .rbsb=15; .ngcon=1; .jtss=1E-4; .jtsd=1E-4; .jtssws=1E-10; .jtsswd=1E-10; .jtsswgs=1E-7; .jtsswgd=1E-7; .njts=20.0; .njtssw=15; .njtsswg=6; .vtss=10; .vtsd=10; .vtssws=10; .vtsswd=10; .njtsd=15.0; .njtsswd=20; .njtsswgd=6; .tnjts=0.1; .tnjtsd=0.05; .vtsswgs=2; .vtsswgd=2; .xtss=0.02; .xtsd=0.02; .xtssws=0.02; .xtsswd=0.02; .xtsswgs=0.02; .xtsswgd=0.02; .tnom=NA( 27.);
endparamset

paramset P1 pmos;
 .level=14; .version=4.81; .binunit=1; .paramchk=1; .mobmod=0; .capmod=2; .igcmod=1; .igbmod=1; .geomod=1; .diomod=1; .rdsmod=0; .rbodymod=0; .rgatemod=1; .permod=1; .acnqsmod=0; .trnqsmod=0; .tempmod=0; .mtrlmod=1; .cvchargemod=0; .mtrlcompatmod=1; .eot=1.8E-9; .vddeot=-1.5; .ados=1.1; .bdos=1.0; .tnom=27; .toxe=1.8E-9; .toxp=10E-10; .toxm=1.8E-9; .dtox=8E-10; .epsrox=3.9; .wint=5E-9; .lint=1E-9; .ll=0; .wl=0; .lln=1; .wln=1; .lw=0; .ww=0; .lwn=1; .wwn=1; .lwl=0; .wwl=0; .xpart=0; .toxref=1.8E-9; .phig=4.05; .epsrgate=11.7; .saref=5E-6; .sbref=5E-6; .wlod=2E-6; .ku0=4E-6; .kvsat=0.2; .kvth0=-2E-8; .tku0=0.0; .llodku0=1.1; .wlodku0=1.1; .llodvth=1.0; .wlodvth=1.0; .lku0=1E-6; .wku0=1E-6; .pku0=0.0; .lkvth0=1.1E-6; .wkvth0=1.1E-6; .pkvth0=0; .stk2=0; .lodk2=1.0; .steta0=0; .lodeta0=1.0; .lambda=4E-10; .vsat=1.1E5; .vtl=2.0E5; .xn=6.0; .lc=5E-9; .rnoia=0.577; .rnoib=0.37; .lintnoi=1E-9; .tvoff=0; .tvfbsdoff=0; .vth0=-0.25; .k1=0.35; .k2=0.05; .k3=0; .k3b=0; .w0=2.5E-6; .dvt0=1.8; .dvt1=0.52; .dvt2=-0.032; .dvt0w=0; .dvt1w=0; .dvt2w=0; .dsub=2; .minv=0.05; .voffl=0; .dvtp0=1E-7; .minvcv=2; .voffcvl=0; .dvtp1=0.05; .lpe0=5.75E-8; .lpeb=2.3E-10; .xj=2E-8; .ngate=5E20; .ndep=2.8E18; .nsd=1E20; .phin=0; .cdsc=0.0002; .cdscb=0; .cdscd=0; .cit=0; .voff=-0.15; .nfactor=1.2; .eta0=0.05; .etab=0; .vfb=0.55; .u0=0.0095; .ua=5.0E-11; .ub=3.5E-18; .uc=-3E-11; .a0=2; .ags=1E-20; .a1=0; .a2=1; .b0=-1E-20; .b1=0; .keta=0.04; .dwg=0; .dwb=0; .pclm=0.08; .pdiblc1=0.028; .pdiblc2=0.022; .pdiblcb=-0.005; .drout=0.45; .pvag=1E-20; .delta=0.01; .pscbe1=8.14E8; .pscbe2=5E-8; .fprout=0.2; .pdits=0.2; .pditsd=0.23; .pditsl=2.3E6; .rsh=0; .rdsw=50; .rsw=50; .rdw=50; .rdswmin=0; .rdwmin=0; .rswmin=0; .prwg=0; .prwb=6.8E-11; .wr=1; .alpha0=0.074; .alpha1=0.005; .beta0=30; .agidl=0.0002; .bgidl=2.1E9; .cgidl=0.0002; .egidl=0.8; .agisl=0.0003; .bgisl=2.5E9; .cgisl=0.0003; .egisl=0.8; .aigbacc=0.012; .bigbacc=0.0028; .cigbacc=0.002; .nigbacc=1; .aigbinv=0.014; .bigbinv=0.004; .cigbinv=0.004; .eigbinv=1.1; .nigbinv=3; .aigc=0.012; .bigc=0.0028; .cigc=0.002; .aigs=0.012; .bigs=0.0028; .cigs=0.002; .nigc=1; .poxedge=1; .pigcd=1; .ntox=1; .aigd=0.01; .bigd=0.003; .cigd=0.0015; .xrcrg1=12; .xrcrg2=5; .cgso=6.238E-10; .cgdo=6.238E-10; .cgbo=2.56E-11; .cgdl=2.495E-10; .cgsl=2.495E-10; .ckappas=0.03; .ckappad=0.03; .acde=1; .moin=15; .noff=0.9; .voffcv=0.02; .kt1=-0.37; .kt1l=0.0; .kt2=-0.042; .ute=-1.5; .ua1=1E-9; .ub1=-3.5E-19; .uc1=0; .prt=0; .at=53000; .fnoimod=1; .tnoimod=0; .jss=0.0001; .jsws=1E-11; .jswgs=1E-10; .njs=1; .ijthsfwd=0.01; .ijthsrev=0.001; .bvs=10; .xjbvs=1; .jsd=0.0001; .jswd=1E-11; .jswgd=1E-10; .njd=1; .ijthdfwd=0.01; .ijthdrev=0.001; .bvd=10; .xjbvd=1; .pbs=1; .cjs=0.0005; .mjs=0.5; .pbsws=1; .cjsws=5E-10; .mjsws=0.33; .pbswgs=1; .cjswgs=3E-10; .mjswgs=0.33; .pbd=1; .cjd=0.0005; .mjd=0.5; .pbswd=1; .cjswd=5E-10; .mjswd=0.33; .pbswgd=1; .cjswgd=5E-10; .mjswgd=0.33; .tpb=0.005; .tcj=0.001; .tpbsw=0.005; .tcjsw=0.001; .tpbswg=0.005; .tcjswg=0.001; .xtis=3; .xtid=3; .dmcg=0; .dmci=0; .dmdg=0; .dmcgt=0; .dwj=0; .xgw=0; .xgl=0; .rshg=0.4; .gbmin=1E-10; .rbpb=5; .rbpd=15; .rbps=15; .rbdb=15; .rbsb=15; .ngcon=1; .jtss=1E-4; .jtsd=1E-4; .jtssws=1E-10; .jtsswd=1E-10; .jtsswgs=1E-7; .jtsswgd=1E-7; .njts=20.0; .njtssw=15; .njtsswg=4; .vtss=10; .vtsd=10; .vtssws=10; .vtsswd=10; .njtsd=15.0; .njtsswd=20; .njtsswgd=6; .tnjts=0.1; .tnjtsd=0.05; .vtsswgs=2; .vtsswgd=2; .xtss=0.02; .xtsd=0.02; .xtssws=0.02; .xtsswd=0.02; .xtsswgs=0.02; .xtsswgd=0.02; .tnom=NA( 27.);
endparamset

// Declare ground
ground \0 ;
capacitor #(.c(30f)) CQ (.p(Qnot),.n(\0 ));
capacitor #(.c(10f)) CL (.p(Lnot),.n(\0 ));
P1 #(.l(0.2u),.w(3.6u)) MQLO (.d(out_q),.g(Qnot),.s(dd),.b(dd));
N1 #(.l(0.2u),.w(1.8u)) MQL1 (.d(out_q),.g(Qnot),.s(\0 ),.b(\0 ));
P1 #(.l(0.2u),.w(3.6u)) MLTO (.d(out_l),.g(Lnot),.s(dd),.b(dd));
N1 #(.l(0.2u),.w(1.8u)) MLT1 (.d(out_l),.g(Lnot),.s(\0 ),.b(\0 ));
P1 #(.l(3.6u),.w(3.6u)) M11 (.d(Qnot),.g(\0 ),.s(dd),.b(dd));
N1 #(.l(0.2u),.w(1.8u)) M12 (.d(Qnot),.g(AorBnot),.s(nor3_mid),.b(\0 ));
N1 #(.l(0.2u),.w(1.8u)) M13 (.d(nor3_mid),.g(Lnot),.s(\0 ),.b(\0 ));
P1 #(.w(1.8u),.l(3.6u)) M5 (.d(AorBnot),.g(\0 ),.s(dd),.b(dd));
N1 #(.w(1.8u),.l(0.2u)) M6 (.d(AorBnot),.g(B),.s(nor1_mid),.b(\0 ));
N1 #(.w(1.8u),.l(0.2u)) M7 (.d(nor1_mid),.g(Anot),.s(\0 ),.b(\0 ));
P1 #(.w(1.8u),.l(3.6u)) M8 (.d(Lnot),.g(\0 ),.s(dd),.b(dd));
N1 #(.w(1.8u),.l(0.2u)) M9 (.d(Lnot),.g(Bnot),.s(nor2_mid),.b(\0 ));
N1 #(.w(1.8u),.l(0.2u)) M10 (.d(nor2_mid),.g(A),.s(\0 ),.b(\0 ));
P1 #(.w(3.6u),.l(0.2u)) M1 (.d(Anot),.g(A),.s(dd),.b(dd));
N1 #(.w(1.8u),.l(0.2u)) M2 (.d(Anot),.g(A),.s(\0 ),.b(\0 ));
P1 #(.w(3.6u),.l(0.2u)) M3 (.d(Bnot),.g(B),.s(dd),.b(dd));
N1 #(.w(1.8u),.l(0.2u)) M4 (.d(Bnot),.g(B),.s(\0 ),.b(\0 ));
// Power supply
vsource #(.dc(1.8)) vcc (.p(dd),.n(\0 ));
vpulse #(.val0(0.0),.val1(1.8),.td(10n),.rise(0.1n),.fall(0.1n),.width(15n),.period(30n)) va (.p(A),.n(\0 ));
vsource #(.dc(0.0)) vb (.p(B),.n(\0 ));
// Simulation control
#Time       v(A)       v(B)       v(out_l)   v(out_q)   iter(0)   
 0.         849.8E-12  876.4E-12  0.0048407  1.7588     61.       
 589.E-12   849.8E-12  876.4E-12  0.0048373  1.7588     4.        
 10.E-9     849.8E-12  876.4E-12  0.0048421  1.7588     5.        
 10.101E-9  1.8        426.2E-12  0.0098099  1.7579     9.        
 10.202E-9  1.8        1.3117E-9  0.30212    1.7578     15.       
 10.233E-9  1.8        437.8E-12  1.0939     1.7605     17.       
 10.264E-9  1.8        1.0542E-9  1.6162     1.7658     8.        
 10.282E-9  1.8        548.8E-12  1.6784     1.7698     6.        
 10.3E-9    1.8        1.0234E-9  1.7158     1.7742     5.        
 10.318E-9  1.8        571.1E-12  1.7355     1.7779     5.        
 10.352E-9  1.8        1.0504E-9  1.7515     1.7832     5.        
 10.386E-9  1.8        614.6E-12  1.7557     1.7867     5.        
 10.42E-9   1.8        1.0742E-9  1.7563     1.7889     5.        
 10.454E-9  1.8        630.1E-12  1.7561     1.7899     5.        
 10.507E-9  1.8        1.0804E-9  1.7557     1.7894     5.        
 10.56E-9   1.8        635.2E-12  1.7555     1.7865     5.        
 10.649E-9  1.8        1.0806E-9  1.7555     1.7769     5.        
 10.738E-9  1.8        636.2E-12  1.7555     1.7619     5.        
 10.896E-9  1.8        1.08E-9    1.7555     1.7244     5.        
 11.054E-9  1.8        636.5E-12  1.7554     1.6748     5.        
 11.33E-9   1.8        1.0797E-9  1.7554     1.5477     5.        
 11.606E-9  1.8        636.7E-12  1.7554     1.1503     6.        
 11.882E-9  1.8        1.0792E-9  1.7554     0.34203    7.        
 12.158E-9  1.8        637.E-12   1.7554     0.16302    6.        
 12.346E-9  1.8        1.0788E-9  1.7554     0.14853    6.        
 12.534E-9  1.8        637.E-12   1.7554     0.1064     6.        
 12.722E-9  1.8        1.0783E-9  1.7554     0.098261   5.        
 12.91E-9   1.8        637.2E-12  1.7553     0.07392    5.        
 13.098E-9  1.8        1.0779E-9  1.7554     0.068211   5.        
 13.286E-9  1.8        637.5E-12  1.7553     0.052492   5.        
 13.474E-9  1.8        1.0776E-9  1.7553     0.048179   5.        
 13.78E-9   1.8        637.7E-12  1.7553     0.033474   5.        
 14.086E-9  1.8        1.0773E-9  1.7553     0.028161   5.        
 14.565E-9  1.8        637.8E-12  1.7553     0.016318   5.        
 15.044E-9  1.8        1.0772E-9  1.7553     0.013186   5.        
 15.882E-9  1.8        637.9E-12  1.7553     0.0057643  5.        
 16.72E-9   1.8        1.0771E-9  1.7553     0.0059124  5.        
 17.558E-9  1.8        638.E-12   1.7553     0.0028738  5.        
 18.396E-9  1.8        1.077E-9   1.7553     0.0045181  5.        
 19.234E-9  1.8        638.E-12   1.7553     0.0023609  5.        
 20.072E-9  1.8        1.0769E-9  1.7553     0.0041535  5.        
 20.91E-9   1.8        638.1E-12  1.7553     0.0023002  5.        
 22.307E-9  1.8        1.0769E-9  1.7553     0.004017   5.        
 23.704E-9  1.8        638.1E-12  1.7553     0.0023018  5.        
 25.1E-9    1.8        1.0768E-9  1.7553     0.0039632  5.        
 25.201E-9  3.1659E-9  518.8E-12  1.7401     0.0025606  9.        
 25.203E-9  1.1282E-9  1.8873E-9  1.7421     0.0026794  22.       
 25.204E-9  3.1826E-9  520.1E-12  1.7432     0.0027311  5.        
 25.205E-9  834.1E-12  1.6299E-9  1.7442     0.0027747  5.        
 25.206E-9  3.2211E-9  592.6E-12  1.7453     0.0028157  5.        
 25.21E-9   578.6E-12  1.4165E-9  1.7491     0.002937   5.        
 25.214E-9  3.0612E-9  462.7E-12  1.7526     0.0030145  6.        
 25.223E-9  375.5E-12  1.306E-9   1.7588     0.0031008  5.        
 25.232E-9  2.6338E-9  456.5E-12  1.7633     0.0031295  5.        
 25.241E-9 -45.43E-12  1.3105E-9  1.7668     0.0031373  5.        
 25.257E-9  2.254E-9   478.7E-12  1.7715     0.0031423  5.        
 25.273E-9 -336.1E-12  1.3126E-9  1.7751     0.0031416  5.        
 25.289E-9  2.1385E-9  487.6E-12  1.7781     0.0031425  5.        
 25.305E-9 -384.6E-12  1.3065E-9  1.7804     0.0031415  5.        
 25.333E-9  2.1189E-9  490.6E-12  1.7837     0.0031422  5.        
 25.361E-9 -396.4E-12  1.2998E-9  1.786      0.003141   5.        
 25.417E-9  2.1152E-9  488.4E-12  1.7883     0.003141   5.        
 25.507E-9 -401.6E-12  1.2912E-9  1.7875     0.0031344  5.        
 25.686E-9  2.1113E-9  482.6E-12  1.7766     0.0031209  5.        
 25.865E-9 -404.3E-12  1.2879E-9  1.7567     0.0035906  6.        
 26.044E-9  2.1103E-9  482.1E-12  1.7305     0.0055012  5.        
 26.329E-9 -405.4E-12  1.2866E-9  1.6786     0.016238   5.        
 26.614E-9  2.1098E-9  482.E-12   1.6122     0.052522   6.        
 26.899E-9 -405.8E-12  1.2857E-9  1.5185     0.22026    7.        
 27.063E-9  2.1095E-9  479.7E-12  1.4388     1.4895     7.        
 27.171E-9 -406.7E-12  1.2818E-9  1.3668     1.7465     7.        
 27.279E-9  2.109E-9   478.9E-12  1.2546     1.7546     6.        
 27.351E-9 -407.8E-12  1.2807E-9  1.1476     1.771      5.        
 27.423E-9  2.1092E-9  480.7E-12  1.0178     1.7628     6.        
 27.495E-9 -408.3E-12  1.2798E-9  0.87631    1.7642     5.        
 27.567E-9  2.1097E-9  482.4E-12  0.72983    1.7623     5.        
 27.639E-9 -408.7E-12  1.2787E-9  0.58267    1.7625     5.        
 27.772E-9  2.1105E-9  485.E-12   0.35809    1.7618     6.        
 27.905E-9 -407.7E-12  1.2815E-9  0.26416    1.7617     6.        
 28.125E-9  2.1112E-9  486.4E-12  0.20463    1.761      6.        
 28.345E-9 -408.2E-12  1.2801E-9  0.16371    1.7607     5.        
 28.565E-9  2.111E-9   486.E-12   0.13797    1.7603     5.        
 29.063E-9 -408.8E-12  1.278E-9   0.095005   1.7598     5.        
 29.561E-9  2.1105E-9  483.8E-12  0.069109   1.7595     5.        
 30.059E-9 -409.3E-12  1.2746E-9  0.049043   1.7593     6.        
 30.888E-9  2.1101E-9  480.8E-12  0.029071   1.759      6.        
 31.717E-9 -410.1E-12  1.2732E-9  0.016778   1.759      6.        
 32.546E-9  2.1098E-9  480.4E-12  0.011496   1.7589     5.        
 34.037E-9 -410.2E-12  1.2728E-9  0.0063628  1.7588     5.        
 35.528E-9  2.1098E-9  480.2E-12  0.0057555  1.7588     5.        
 37.019E-9 -410.2E-12  1.2726E-9  0.0046772  1.7588     5.        
 38.51E-9   2.1098E-9  480.3E-12  0.0052251  1.7588     5.        
 40.E-9    -410.3E-12  1.2725E-9  0.0045345  1.7588     5.        
 40.101E-9  1.8        30.51E-12  0.010081   1.7579     9.        
 40.202E-9  1.8        1.7066E-9  0.30212    1.7578     14.       
 40.254E-9  1.8       -25.24E-12  1.4488     1.7639     7.        
 40.282E-9  1.8        1.4966E-9  1.6789     1.7703     6.        
 40.3E-9    1.8        132.6E-12  1.7147     1.7744     6.        
 40.318E-9  1.8        1.4468E-9  1.735      1.778      5.        
 40.336E-9  1.8        170.4E-12  1.7456     1.7811     5.        
 40.367E-9  1.8        1.4703E-9  1.754      1.785      5.        
 40.398E-9  1.8        208.1E-12  1.7561     1.7876     5.        
 40.448E-9  1.8        1.4876E-9  1.7562     1.7898     5.        
 40.498E-9  1.8        224.5E-12  1.7557     1.7896     5.        
 40.548E-9  1.8        1.4884E-9  1.7556     1.7873     5.        
 40.624E-9  1.8        228.8E-12  1.7555     1.7801     5.        
 40.7E-9    1.8        1.4866E-9  1.7555     1.7687     5.        
 40.836E-9  1.8        230.5E-12  1.7555     1.7399     5.        
 40.972E-9  1.8        1.4853E-9  1.7554     1.7018     5.        
 41.204E-9  1.8        231.5E-12  1.7554     1.6144     5.        
 41.436E-9  1.8        1.4845E-9  1.7554     1.4654     6.        
 41.668E-9  1.8        232.E-12   1.7554     0.97137    6.        
 41.9E-9    1.8        1.4837E-9  1.7554     0.30336    7.        
 42.132E-9  1.8        232.9E-12  1.7554     0.17544    6.        
 42.313E-9  1.8        1.4827E-9  1.7554     0.14966    6.        
 42.494E-9  1.8        233.5E-12  1.7554     0.11417    5.        
 42.675E-9  1.8        1.4815E-9  1.7554     0.10027    5.        
 42.856E-9  1.8        234.3E-12  1.7554     0.079719   5.        
 43.141E-9  1.8        1.4807E-9  1.7553     0.064241   5.        
 43.426E-9  1.8        234.8E-12  1.7553     0.04687    5.        
 43.859E-9  1.8        1.4802E-9  1.7553     0.033897   5.        
 44.292E-9  1.8        235.2E-12  1.7553     0.021167   5.        
 44.928E-9  1.8        1.4798E-9  1.7553     0.014094   5.        
 45.853E-9  1.8        235.4E-12  1.7553     0.0060351  5.        
 46.778E-9  1.8        1.4796E-9  1.7553     0.0056394  5.        
 47.703E-9  1.8        235.5E-12  1.7553     0.0029263  5.        
 48.628E-9  1.8        1.4794E-9  1.7553     0.0042941  5.        
 49.553E-9  1.8        235.7E-12  1.7553     0.0024531  5.        
 50.478E-9  1.8        1.4792E-9  1.7553     0.0039943  5.        
 51.403E-9  1.8        235.9E-12  1.7553     0.0024066  5.        
 52.636E-9  1.8        1.4791E-9  1.7553     0.0038915  5.        
 53.868E-9  1.8        236.E-12   1.7553     0.0024237  5.        
 55.1E-9    1.8        1.4789E-9  1.7553     0.0038421  5.        
 55.201E-9  4.2758E-9  117.5E-12  1.7401     0.0026483  10.       
 55.203E-9  688.E-15   2.2657E-9  1.7421     0.0027382  23.       
 55.204E-9  4.3345E-9  182.3E-12  1.7432     0.0027944  5.        
 55.205E-9 -329.7E-12  1.934E-9   1.7442     0.0028209  4.        
 55.206E-9  4.3874E-9  317.1E-12  1.7453     0.0028665  4.        
 55.209E-9 -559.9E-12  1.6999E-9  1.7482     0.0029385  4.        
 55.212E-9  4.2455E-9  237.7E-12  1.751      0.0030075  5.        
 55.219E-9 -703.3E-12  1.5549E-9  1.7563     0.0030774  5.        
 55.226E-9  3.9546E-9  210.2E-12  1.7605     0.0031219  5.        
 55.233E-9 -1.053E-9   1.5408E-9  1.7637     0.0031262  5.        
 55.247E-9  3.5328E-9  241.4E-12  1.7688     0.0031461  5.        
 55.261E-9 -1.4494E-9  1.5437E-9  1.7725     0.0031371  5.        
 55.284E-9  3.3121E-9  255.E-12   1.7772     0.0031473  5.        
 55.307E-9 -1.554E-9   1.5392E-9  1.7807     0.0031372  5.        
 55.33E-9   3.2854E-9  259.3E-12  1.7834     0.003147   5.        
 55.353E-9 -1.561E-9   1.5305E-9  1.7854     0.0031368  4.        
 55.402E-9  3.2803E-9  259.5E-12  1.7879     0.0031461  5.        
 55.488E-9 -1.5654E-9  1.5214E-9  1.788      0.0031325  5.        
 55.629E-9  3.2758E-9  253.7E-12  1.7812     0.0031075  6.        
 55.77E-9  -1.5678E-9  1.5173E-9  1.7684     0.0031974  6.        
 55.911E-9  3.2743E-9  253.6E-12  1.7506     0.0039064  5.        
 56.052E-9 -1.5686E-9  1.5154E-9  1.7294     0.0055794  5.        
 56.299E-9  3.2735E-9  253.8E-12  1.685      0.014214   5.        
 56.546E-9 -1.5691E-9  1.5145E-9  1.6302     0.039556   5.        
 56.793E-9  3.2732E-9  254.E-12   1.5589     0.1117     6.        
 56.906E-9 -1.5691E-9  1.5128E-9  1.5162     0.22193    16.       
 57.019E-9  3.2727E-9  253.5E-12  1.4641     1.2258     7.        
 57.105E-9 -1.5694E-9  1.5089E-9  1.4148     1.6605     6.        
 57.191E-9  3.2719E-9  252.9E-12  1.3515     1.7287     6.        
 57.257E-9 -1.5697E-9  1.5066E-9  1.2854     1.7669     5.        
 57.323E-9  3.2711E-9  254.7E-12  1.1957     1.7656     6.        
 57.389E-9 -1.5697E-9  1.5048E-9  1.084      1.7661     5.        
 57.455E-9  3.2707E-9  257.3E-12  0.95889    1.7638     5.        
 57.521E-9 -1.5694E-9  1.503E-9   0.8267     1.7632     5.        
 57.621E-9  3.2705E-9  259.4E-12  0.62246    1.7623     5.        
 57.721E-9 -1.5689E-9  1.5024E-9  0.43106    1.7621     5.        
 57.897E-9  3.2716E-9  264.1E-12  0.26802    1.7616     7.        
 58.073E-9 -1.5681E-9  1.5033E-9  0.21673    1.7612     6.        
 58.249E-9  3.2711E-9  264.1E-12  0.17904    1.7608     5.        
 58.425E-9 -1.5681E-9  1.5019E-9  0.15458    1.7605     5.        
 58.74E-9   3.2706E-9  263.5E-12  0.11979    1.7601     5.        
 59.16E-9  -1.5686E-9  1.4999E-9  0.08996    1.7598     5.        
 59.58E-9   3.2701E-9  261.7E-12  0.067495   1.7595     6.        
 60.E-9    -1.5688E-9  1.4968E-9  0.051764   1.7593     5.        
Gnucap   System status
iterations: op=0, dc=0, tran=1079, fourier=0, total=1260
transient timesteps: accepted=177, rejected=4, total=181
nodes: user=13, subckt=0, model=19, total=32
dctran density=46.6%, ac density=46.6%
