paramset N1 nmos;
 .level=14; .version=4.81; .binunit=1; .paramchk=1; .mobmod=0; .capmod=1; .igcmod=1; .igbmod=1; .geomod=1; .diomod=1; .rdsmod=0; .rbodymod=0; .rgatemod=1; .permod=1; .acnqsmod=0; .trnqsmod=0; .tempmod=0; .mtrlmod=1; .cvchargemod=0; .mtrlcompatmod=1; .eot=1.8E-9; .vddeot=1.5; .ados=1.1; .bdos=1.0; .tnom=27; .toxe=1.8E-9; .toxp=10E-10; .toxm=1.8E-9; .dtox=8E-10; .epsrox=3.9; .wint=5E-9; .lint=1E-9; .ll=0; .wl=0; .lln=1; .wln=1; .lw=0; .ww=0; .lwn=1; .wwn=1; .lwl=0; .wwl=0; .xpart=1; .toxref=1.4E-9; .phig=4.05; .epsrgate=11.7; .saref=5E-6; .sbref=5E-6; .wlod=2E-6; .ku0=-4E-6; .kvsat=0.2; .kvth0=-2E-8; .tku0=0; .llodku0=1.1; .wlodku0=1.1; .llodvth=1.0; .wlodvth=1.0; .lku0=1E-6; .wku0=1E-6; .pku0=0; .lkvth0=1.1E-6; .wkvth0=1.1E-6; .pkvth0=0; .stk2=0; .lodk2=1.0; .steta0=0; .lodeta0=1.0; .lambda=4E-10; .vsat=1.1E5; .vtl=2.0E5; .xn=6.0; .lc=5E-9; .rnoia=0.577; .rnoib=0.37; .lintnoi=1E-009; .tvoff=0; .tvfbsdoff=0; .vth0=0.25; .k1=0.35; .k2=0.05; .k3=0; .k3b=0; .w0=2.5E-6; .dvt0=1.8; .dvt1=0.52; .dvt2=-0.032; .dvt0w=0; .dvt1w=0; .dvt2w=0; .dsub=2; .minv=0.05; .voffl=0; .dvtp0=1E-7; .minvcv=2; .voffcvl=0; .dvtp1=0.05; .lpe0=5.75E-8; .lpeb=2.3E-10; .xj=2E-8; .ngate=5E20; .ndep=2.8E18; .nsd=1E20; .phin=0; .cdsc=0.0002; .cdscb=0; .cdscd=0; .cit=0; .voff=-0.15; .nfactor=1.2; .eta0=0.05; .etab=0; .uc=-3E-11; .vfb=-0.55; .u0=0.032; .ua=5.0E-11; .ub=3.5E-18; .a0=2; .ags=1E-20; .a1=0; .a2=1; .b0=-1E-20; .b1=0; .keta=0.04; .dwg=0; .dwb=0; .pclm=0.08; .pdiblc1=0.028; .pdiblc2=0.022; .pdiblcb=-0.005; .drout=0.45; .pvag=1E-20; .delta=0.01; .pscbe1=8.14E8; .pscbe2=5E-8; .fprout=0.2; .pdits=0.2; .pditsd=0.23; .pditsl=2.3E6; .rsh=0; .rdsw=50; .rsw=50; .rdw=50; .rdswmin=0; .rdwmin=0; .rswmin=0; .prwg=0; .prwb=6.8E-11; .wr=1; .alpha0=0.074; .alpha1=0.005; .beta0=30; .agidl=0.0001; .bgidl=2.1E9; .cgidl=0.0001; .egidl=0.8; .agisl=0.0002; .bgisl=2.1E9; .cgisl=0.0002; .egisl=0.8; .aigbacc=0.012; .bigbacc=0.0028; .cigbacc=0.002; .nigbacc=1; .aigbinv=0.014; .bigbinv=0.004; .cigbinv=0.004; .eigbinv=1.1; .nigbinv=3; .aigc=0.012; .bigc=0.0028; .cigc=0.002; .aigs=0.012; .bigs=0.0028; .cigs=0.002; .nigc=1; .poxedge=1; .pigcd=1; .ntox=1; .aigd=0.01; .bigd=0.003; .cigd=0.0015; .xrcrg1=12; .xrcrg2=5; .cgso=6.238E-10; .cgdo=6.238E-10; .cgbo=2.56E-11; .cgdl=2.495E-10; .cgsl=2.495E-10; .ckappas=0.03; .ckappad=0.03; .acde=1; .moin=15; .noff=0.9; .voffcv=-0.02; .kt1=-0.37; .kt1l=0.0; .kt2=-0.042; .ute=-1.5; .ua1=1E-9; .ub1=-3.5E-19; .uc1=0; .prt=0; .at=53000; .fnoimod=1; .tnoimod=0; .jss=0.0001; .jsws=1E-11; .jswgs=1E-10; .njs=1; .ijthsfwd=0.01; .ijthsrev=0.001; .bvs=10; .xjbvs=1; .jsd=0.0001; .jswd=1E-11; .jswgd=1E-10; .njd=1; .ijthdfwd=0.01; .ijthdrev=0.001; .bvd=10; .xjbvd=1; .pbs=1; .cjs=0.0005; .mjs=0.5; .pbsws=1; .cjsws=5E-10; .mjsws=0.33; .pbswgs=1; .cjswgs=3E-10; .mjswgs=0.33; .pbd=1; .cjd=0.0005; .mjd=0.5; .pbswd=1; .cjswd=5E-10; .mjswd=0.33; .pbswgd=1; .cjswgd=5E-10; .mjswgd=0.33; .tpb=0.005; .tcj=0.001; .tpbsw=0.005; .tcjsw=0.001; .tpbswg=0.005; .tcjswg=0.001; .xtis=3; .xtid=3; .dmcg=0; .dmci=0; .dmdg=0; .dmcgt=0; .dwj=0; .xgw=0; .xgl=0; .rshg=0.4; .gbmin=1E-10; .rbpb=5; .rbpd=15; .rbps=15; .rbdb=15; .rbsb=15; .ngcon=1; .jtss=1E-4; .jtsd=1E-4; .jtssws=1E-10; .jtsswd=1E-10; .jtsswgs=1E-7; .jtsswgd=1E-7; .njts=20.0; .njtssw=15; .njtsswg=6; .vtss=10; .vtsd=10; .vtssws=10; .vtsswd=10; .njtsd=15.0; .njtsswd=20; .njtsswgd=6; .tnjts=0.1; .tnjtsd=0.05; .vtsswgs=2; .vtsswgd=2; .xtss=0.02; .xtsd=0.02; .xtssws=0.02; .xtsswd=0.02; .xtsswgs=0.02; .xtsswgd=0.02; .tnom=NA( 27.);
endparamset

paramset P1 pmos;
 .level=14; .version=4.81; .binunit=1; .paramchk=1; .mobmod=0; .capmod=2; .igcmod=1; .igbmod=1; .geomod=1; .diomod=1; .rdsmod=0; .rbodymod=0; .rgatemod=1; .permod=1; .acnqsmod=0; .trnqsmod=0; .tempmod=0; .mtrlmod=1; .cvchargemod=0; .mtrlcompatmod=1; .eot=1.8E-9; .vddeot=-1.5; .ados=1.1; .bdos=1.0; .tnom=27; .toxe=1.8E-9; .toxp=10E-10; .toxm=1.8E-9; .dtox=8E-10; .epsrox=3.9; .wint=5E-9; .lint=1E-9; .ll=0; .wl=0; .lln=1; .wln=1; .lw=0; .ww=0; .lwn=1; .wwn=1; .lwl=0; .wwl=0; .xpart=0; .toxref=1.8E-9; .phig=4.05; .epsrgate=11.7; .saref=5E-6; .sbref=5E-6; .wlod=2E-6; .ku0=4E-6; .kvsat=0.2; .kvth0=-2E-8; .tku0=0.0; .llodku0=1.1; .wlodku0=1.1; .llodvth=1.0; .wlodvth=1.0; .lku0=1E-6; .wku0=1E-6; .pku0=0.0; .lkvth0=1.1E-6; .wkvth0=1.1E-6; .pkvth0=0; .stk2=0; .lodk2=1.0; .steta0=0; .lodeta0=1.0; .lambda=4E-10; .vsat=1.1E5; .vtl=2.0E5; .xn=6.0; .lc=5E-9; .rnoia=0.577; .rnoib=0.37; .lintnoi=1E-9; .tvoff=0; .tvfbsdoff=0; .vth0=-0.25; .k1=0.35; .k2=0.05; .k3=0; .k3b=0; .w0=2.5E-6; .dvt0=1.8; .dvt1=0.52; .dvt2=-0.032; .dvt0w=0; .dvt1w=0; .dvt2w=0; .dsub=2; .minv=0.05; .voffl=0; .dvtp0=1E-7; .minvcv=2; .voffcvl=0; .dvtp1=0.05; .lpe0=5.75E-8; .lpeb=2.3E-10; .xj=2E-8; .ngate=5E20; .ndep=2.8E18; .nsd=1E20; .phin=0; .cdsc=0.0002; .cdscb=0; .cdscd=0; .cit=0; .voff=-0.15; .nfactor=1.2; .eta0=0.05; .etab=0; .vfb=0.55; .u0=0.0095; .ua=5.0E-11; .ub=3.5E-18; .uc=-3E-11; .a0=2; .ags=1E-20; .a1=0; .a2=1; .b0=-1E-20; .b1=0; .keta=0.04; .dwg=0; .dwb=0; .pclm=0.08; .pdiblc1=0.028; .pdiblc2=0.022; .pdiblcb=-0.005; .drout=0.45; .pvag=1E-20; .delta=0.01; .pscbe1=8.14E8; .pscbe2=5E-8; .fprout=0.2; .pdits=0.2; .pditsd=0.23; .pditsl=2.3E6; .rsh=0; .rdsw=50; .rsw=50; .rdw=50; .rdswmin=0; .rdwmin=0; .rswmin=0; .prwg=0; .prwb=6.8E-11; .wr=1; .alpha0=0.074; .alpha1=0.005; .beta0=30; .agidl=0.0002; .bgidl=2.1E9; .cgidl=0.0002; .egidl=0.8; .agisl=0.0003; .bgisl=2.5E9; .cgisl=0.0003; .egisl=0.8; .aigbacc=0.012; .bigbacc=0.0028; .cigbacc=0.002; .nigbacc=1; .aigbinv=0.014; .bigbinv=0.004; .cigbinv=0.004; .eigbinv=1.1; .nigbinv=3; .aigc=0.012; .bigc=0.0028; .cigc=0.002; .aigs=0.012; .bigs=0.0028; .cigs=0.002; .nigc=1; .poxedge=1; .pigcd=1; .ntox=1; .aigd=0.01; .bigd=0.003; .cigd=0.0015; .xrcrg1=12; .xrcrg2=5; .cgso=6.238E-10; .cgdo=6.238E-10; .cgbo=2.56E-11; .cgdl=2.495E-10; .cgsl=2.495E-10; .ckappas=0.03; .ckappad=0.03; .acde=1; .moin=15; .noff=0.9; .voffcv=0.02; .kt1=-0.37; .kt1l=0.0; .kt2=-0.042; .ute=-1.5; .ua1=1E-9; .ub1=-3.5E-19; .uc1=0; .prt=0; .at=53000; .fnoimod=1; .tnoimod=0; .jss=0.0001; .jsws=1E-11; .jswgs=1E-10; .njs=1; .ijthsfwd=0.01; .ijthsrev=0.001; .bvs=10; .xjbvs=1; .jsd=0.0001; .jswd=1E-11; .jswgd=1E-10; .njd=1; .ijthdfwd=0.01; .ijthdrev=0.001; .bvd=10; .xjbvd=1; .pbs=1; .cjs=0.0005; .mjs=0.5; .pbsws=1; .cjsws=5E-10; .mjsws=0.33; .pbswgs=1; .cjswgs=3E-10; .mjswgs=0.33; .pbd=1; .cjd=0.0005; .mjd=0.5; .pbswd=1; .cjswd=5E-10; .mjswd=0.33; .pbswgd=1; .cjswgd=5E-10; .mjswgd=0.33; .tpb=0.005; .tcj=0.001; .tpbsw=0.005; .tcjsw=0.001; .tpbswg=0.005; .tcjswg=0.001; .xtis=3; .xtid=3; .dmcg=0; .dmci=0; .dmdg=0; .dmcgt=0; .dwj=0; .xgw=0; .xgl=0; .rshg=0.4; .gbmin=1E-10; .rbpb=5; .rbpd=15; .rbps=15; .rbdb=15; .rbsb=15; .ngcon=1; .jtss=1E-4; .jtsd=1E-4; .jtssws=1E-10; .jtsswd=1E-10; .jtsswgs=1E-7; .jtsswgd=1E-7; .njts=20.0; .njtssw=15; .njtsswg=4; .vtss=10; .vtsd=10; .vtssws=10; .vtsswd=10; .njtsd=15.0; .njtsswd=20; .njtsswgd=6; .tnjts=0.1; .tnjtsd=0.05; .vtsswgs=2; .vtsswgd=2; .xtss=0.02; .xtsd=0.02; .xtssws=0.02; .xtsswd=0.02; .xtsswgs=0.02; .xtsswgd=0.02; .tnom=NA( 27.);
endparamset

parameter real vscale = 1.0; 
// BUG: needs noincmode
ground \0 ;
capacitor #(.c(30f)) CQ (.p(Qnot),.n(\0 ));
capacitor #(.c(10f)) CL (.p(Lnot),.n(\0 ));
P1 #(.l(0.2u),.w(3.6u)) MQLO (.d(out_q),.g(Qnot),.s(dd),.b(dd));
N1 #(.l(0.2u),.w(1.8u)) MQL1 (.d(out_q),.g(Qnot),.s(\0 ),.b(\0 ));
P1 #(.l(0.2u),.w(3.6u)) MLTO (.d(out_l),.g(Lnot),.s(dd),.b(dd));
N1 #(.l(0.2u),.w(1.8u)) MLT1 (.d(out_l),.g(Lnot),.s(\0 ),.b(\0 ));
P1 #(.l(3.6u),.w(3.6u)) M11 (.d(Qnot),.g(\0 ),.s(dd),.b(dd));
N1 #(.l(0.2u),.w(1.8u)) M12 (.d(Qnot),.g(AorBnot),.s(nor3_mid),.b(\0 ));
N1 #(.l(0.2u),.w(1.8u)) M13 (.d(nor3_mid),.g(Lnot),.s(\0 ),.b(\0 ));
P1 #(.w(1.8u),.l(3.6u)) M5 (.d(AorBnot),.g(\0 ),.s(dd),.b(dd));
N1 #(.w(1.8u),.l(0.2u)) M6 (.d(AorBnot),.g(B),.s(nor1_mid),.b(\0 ));
N1 #(.w(1.8u),.l(0.2u)) M7 (.d(nor1_mid),.g(Anot),.s(\0 ),.b(\0 ));
P1 #(.w(1.8u),.l(3.6u)) M8 (.d(Lnot),.g(\0 ),.s(dd),.b(dd));
N1 #(.w(1.8u),.l(0.2u)) M9 (.d(Lnot),.g(Bnot),.s(nor2_mid),.b(\0 ));
N1 #(.w(1.8u),.l(0.2u)) M10 (.d(nor2_mid),.g(A),.s(\0 ),.b(\0 ));
P1 #(.w(3.6u),.l(0.2u)) M1 (.d(Anot),.g(A),.s(dd),.b(dd));
N1 #(.w(1.8u),.l(0.2u)) M2 (.d(Anot),.g(A),.s(\0 ),.b(\0 ));
P1 #(.w(3.6u),.l(0.2u)) M3 (.d(Bnot),.g(B),.s(dd),.b(dd));
N1 #(.w(1.8u),.l(0.2u)) M4 (.d(Bnot),.g(B),.s(\0 ),.b(\0 ));
vsource #(.dc(vscale*1.8)) vcc (.p(dd),.n(\0 ));
vpulse #(.val0(0.0),.val1(vscale*1.8),.td(10n),.rise(0.1n),.fall(0.1n),.width(15n),.period(30n)) va (.p(A),.n(\0 ));
vsource #(.dc(0.0)) vb (.p(B),.n(\0 ));
#Time       v(A)       v(B)       v(out_l)   v(out_q)   iter(0)   
 0.         849.8E-12  876.4E-12  0.0048407  1.7588     61.       
 589.E-12   849.8E-12  876.4E-12  0.0048373  1.7588     4.        
 10.E-9     849.8E-12  876.4E-12  0.0048421  1.7588     5.        
 10.101E-9  1.8        426.2E-12  0.0098099  1.7579     9.        
 10.258E-9  1.8        1.3672E-9  1.4624     1.7628     81.       
 10.852E-9  1.8        304.5E-12  1.8009     1.7621     13.       
 11.176E-9  1.8        1.4123E-9  1.667      1.6605     16.       
 11.37E-9   1.8        301.2E-12  1.8025     1.5816     8.        
 12.286E-9  1.8        1.4126E-9  1.7031     0.17729    15.       
 13.202E-9  1.8        308.4E-12  1.7993     0.067885   7.        
 15.185E-9  1.8        1.4056E-9  1.7073     0.019111   18.       
 18.49E-9   1.8        311.8E-12  1.7975    -0.002968   13.       
 25.1E-9    1.8        1.4043E-9  1.7086     0.0092418  20.       
 25.201E-9  1.8912E-9  366.1E-12  1.7798    -0.0011179  12.       
 25.203E-9  1.7146E-9  1.5642E-9  1.7781    -35.34E-6   57.       
 25.204E-9  2.1489E-9  451.5E-12  1.7774     318.05E-6  5.        
 25.205E-9  1.3257E-9  1.373E-9   1.7768     631.54E-6  4.        
 25.206E-9  2.3701E-9  561.3E-12  1.7762     905.94E-6  5.        
 25.234E-9  633.6E-12  1.2368E-9  1.7728     0.0036996  6.        
 25.31E-9   1.2975E-9  551.5E-12  1.7848     0.0028275  8.        
 25.501E-9  413.9E-12  1.2342E-9  1.7863     0.0034364  8.        
 25.824E-9  1.307E-9   536.8E-12  1.7564     0.0034718  7.        
 26.612E-9  399.7E-12  1.2326E-9  1.5938     0.069476   6.        
 27.728E-9  1.3077E-9  530.6E-12  0.33487    1.7414     41.       
 29.262E-9  396.9E-12  1.2346E-9  0.076236   1.7772     8.        
 31.947E-9  1.306E-9   520.7E-12  0.017993   1.739      8.        
 35.974E-9  398.3E-12  1.2332E-9  0.0011472  1.7764     8.        
 40.E-9     1.3048E-9  519.2E-12  0.0083843  1.7393     6.        
 40.101E-9  1.8        783.5E-12  0.0069965  1.7699     9.        
 40.678E-9  1.8        980.2E-12  1.6692     1.7763     39.       
 41.255E-9  1.8        667.6E-12  1.8264     1.6812     8.        
 41.61E-9   1.8        1.0182E-9  1.6916     1.4438     11.       
 41.965E-9  1.8        725.7E-12  1.8078     0.65303    9.        
 42.563E-9  1.8        969.9E-12  1.7058     0.11467    31.       
 43.817E-9  1.8        753.8E-12  1.8011     0.055678   9.        
 44.758E-9  1.8        949.7E-12  1.7105     0.0071955  31.       
 47.344E-9  1.8        768.4E-12  1.7975     0.014884   9.        
 49.283E-9  1.8        941.1E-12  1.7127    -0.0073636  32.       
 55.1E-9    1.8        774.8E-12  1.7959     0.01375    8.        
 55.201E-9  27.975E-9  796.E-12   1.7034    -0.0044745  7.        
 55.203E-9 -19.517E-9  2.3201E-9  1.7088    -0.0025855  120.      
 55.204E-9  23.934E-9  865.5E-12  1.7118    -0.0017976  5.        
 55.205E-9 -15.635E-9  1.9478E-9  1.7142    -0.0011599  5.        
 55.206E-9  19.421E-9  957.4E-12  1.7169    -568.59E-6  5.        
 55.219E-9 -14.927E-9  1.2515E-9  1.7412     0.0026278  6.        
 55.247E-9  18.367E-9  493.5E-12  1.7634     0.0032088  7.        
 55.3E-9   -16.018E-9  1.2731E-9  1.7762     0.0030327  27.       
 55.488E-9  17.729E-9  522.1E-12  1.789      0.003152   7.        
 55.676E-9 -16.01E-9   1.2485E-9  1.7774     0.003045   6.        
 56.217E-9  17.714E-9  522.8E-12  1.6995     0.010776   6.        
 57.478E-9 -16.01E-9   1.2422E-9  0.7729     1.7474     21.       
 58.739E-9  17.711E-9  523.1E-12  0.1189     1.7599     15.       
 60.E-9    -16.008E-9  1.2382E-9  0.050981   1.7502     8.        
Gnucap   System status
iterations: op=0, dc=0, tran=900, fourier=0, total=955
transient timesteps: accepted=53, rejected=18, total=71
nodes: user=13, subckt=0, model=19, total=32
dctran density=46.6%, ac density=46.6%
