module N1 (.d(d),.g(g),.s(s),.b(b));
  parameter real w=350.e-9;
  parameter real l=340.e-9;
  parameter integer nf=1;
  parameter real ad=0.0;
  parameter real pd=0.0;
  parameter real as=0.0;
  parameter real ps=0.0;
  parameter real sa=0.0;
  parameter real sb=0.0;
  parameter real sd=0.0;
      electrical d, g, s, b;
  N1 #(.w(w),.l(l),.ng(nf)) M1 (.D(d),.G(g),.S(s),.B(b));
endmodule // N1

module P1 (.d(d),.g(g),.s(s),.b(b));
  parameter real w=350.e-9;
  parameter real l=280.e-9;
  parameter integer nf=1;
  parameter real ad=0.0;
  parameter real pd=0.0;
  parameter real as=0.0;
  parameter real ps=0.0;
  parameter real sa=0.0;
  parameter real sb=0.0;
  parameter real sd=0.0;
      electrical d, g, s, b;
  P1 #(.w(w),.l(l),.ng(nf)) M1 (.D(d),.G(g),.S(s),.B(b));
endmodule // P1

parameter real vscale = 0.333333333; 
ground \0 ;
resistor #(.r(100k)) Rsource (.p(in),.n(g));
resistor #(.r(25k)) Rload (.p(d),.n(vdd));
N1 #(.w(4u),.l(0.09u)) M1 (.d(d),.g(g),.s(\0 ),.b(\0 ));
vsource #(.dc(vscale*1.8)) Vdd (.p(vdd),.n(\0 ));
// TODO
vsine #(.dc(1.2),.mag(0.1)) Vin (.p(in),.n(\0 ));
#            
 0.          
#Freq         vdb(d)       iter(0)     
 100.        -79.32376     0.          
 125.8925    -79.32376     0.          
 158.4893    -79.32376     0.          
 199.5262    -79.32376     0.          
 251.1886    -79.32376     0.          
 316.2278    -79.32376     0.          
 398.1072    -79.32376     0.          
 501.1872    -79.32376     0.          
 630.9573    -79.32376     0.          
 794.3282    -79.32376     0.          
 1.E+3       -79.32376     0.          
 1.258925E+3 -79.32376     0.          
 1.584893E+3 -79.32376     0.          
 1.995262E+3 -79.32376     0.          
 2.511886E+3 -79.32376     0.          
 3.162278E+3 -79.32376     0.          
 3.981072E+3 -79.32376     0.          
 5.011872E+3 -79.32376     0.          
 6.309573E+3 -79.32376     0.          
 7.943282E+3 -79.32376     0.          
 10.E+3      -79.32376     0.          
 12.58925E+3 -79.32376     0.          
 15.84893E+3 -79.32376     0.          
 19.95262E+3 -79.32376     0.          
 25.11886E+3 -79.32376     0.          
 31.62278E+3 -79.32376     0.          
 39.81072E+3 -79.32376     0.          
 50.11872E+3 -79.32376     0.          
 63.09573E+3 -79.32376     0.          
 79.43282E+3 -79.32376     0.          
 100.E+3     -79.32376     0.          
 125.8925E+3 -79.32376     0.          
 158.4893E+3 -79.32376     0.          
 199.5262E+3 -79.32376     0.          
 251.1886E+3 -79.32376     0.          
 316.2278E+3 -79.32376     0.          
 398.1072E+3 -79.32377     0.          
 501.1872E+3 -79.32377     0.          
 630.9573E+3 -79.32378     0.          
 794.3282E+3 -79.32379     0.          
 1.E+6       -79.32381     0.          
 1.258925E+6 -79.32384     0.          
 1.584893E+6 -79.32389     0.          
 1.995262E+6 -79.32397     0.          
 2.511886E+6 -79.32409     0.          
 3.162278E+6 -79.32428     0.          
 3.981072E+6 -79.32458     0.          
 5.011872E+6 -79.32506     0.          
 6.309573E+6 -79.32582     0.          
 7.943282E+6 -79.32703     0.          
 10.E+6      -79.32894     0.          
 12.58925E+6 -79.33196     0.          
 15.84893E+6 -79.33675     0.          
 19.95262E+6 -79.34432     0.          
 25.11886E+6 -79.35629     0.          
 31.62278E+6 -79.37516     0.          
 39.81072E+6 -79.40483     0.          
 50.11872E+6 -79.4513      0.          
 63.09573E+6 -79.52355     0.          
 79.43282E+6 -79.63473     0.          
 100.E+6     -79.80307     0.          
 125.8925E+6 -80.05207     0.          
 158.4893E+6 -80.40822     0.          
 199.5262E+6 -80.89496     0.          
 251.1886E+6 -81.52243     0.          
 316.2278E+6 -82.27645     0.          
 398.1072E+6 -83.11354     0.          
 501.1872E+6 -83.9678      0.          
 630.9573E+6 -84.76839     0.          
 794.3282E+6 -85.45955     0.          
 1.E+9       -86.01316     0.          
Gnucap   System status
iterations: op=0, dc=11, tran=0, fourier=0, total=82
transient timesteps: accepted=0, rejected=0, total=0
nodes: user=4, subckt=0, model=34, total=38
dctran density=54.1%, ac density=54.1%
