module N1 (.d(d),.g(g),.s(s),.b(b));
  parameter real w=350.e-9;
  parameter real l=340.e-9;
  parameter integer nf=1;
      electrical d, g, s, b;
  N1 #(.w(w),.l(l),.ng(nf)) M1 (.D(d),.G(g),.S(s),.B(b));
endmodule // N1

module P1 (.d(d),.g(g),.s(s),.b(b));
  parameter real w=350.e-9;
  parameter real l=280.e-9;
  parameter integer nf=1;
      electrical d, g, s, b;
  P1 #(.w(w),.l(l),.ng(nf)) M1 (.D(d),.G(g),.S(s),.B(b));
endmodule // P1

parameter real vscale = 0.333333333; 
ground \0 ;
P1 #(.l(0.2u),.w(3.6u)) Md1 (.d(out1),.g(in),.s(dd),.b(dd));
N1 #(.l(0.2u),.w(1.8u)) Md2 (.d(out1),.g(in),.s(\0 ),.b(\0 ));
P1 #(.l(0.2u),.w(3.6u)) Md3 (.d(A),.g(out1),.s(dd),.b(dd));
N1 #(.l(0.2u),.w(1.8u)) Md4 (.d(A),.g(out1),.s(\0 ),.b(\0 ));
capacitor #(.c(100f)) c_out1 (.p(out1),.n(\0 ));
capacitor #(.c(100f)) c_A (.p(A),.n(\0 ));
P1 #(.l(0.2u),.w(3.6u)) M1 (.d(Anot),.g(A),.s(dd),.b(dd));
N1 #(.l(0.2u),.w(1.8u)) M2 (.d(Anot),.g(A),.s(\0 ),.b(\0 ));
P1 #(.l(0.2u),.w(3.6u)) M3 (.d(Bnot),.g(in),.s(dd),.b(dd));
N1 #(.l(0.2u),.w(1.8u)) M4 (.d(Bnot),.g(in),.s(\0 ),.b(\0 ));
P1 #(.l(3.6u),.w(1.8u)) M5 (.d(AorBnot),.g(\0 ),.s(dd),.b(dd));
N1 #(.l(0.2u),.w(1.8u)) M6 (.d(AorBnot),.g(in),.s(in_Anot_j),.b(\0 ));
N1 #(.l(0.2u),.w(1.8u)) M7 (.d(in_Anot_j),.g(Anot),.s(\0 ),.b(\0 ));
P1 #(.l(3.6u),.w(1.8u)) M8 (.d(Lnot),.g(\0 ),.s(dd),.b(dd));
N1 #(.l(0.2u),.w(1.8u)) M9 (.d(Lnot),.g(Bnot),.s(bnot_a_j),.b(\0 ));
N1 #(.l(0.2u),.w(1.8u)) M10 (.d(bnot_a_j),.g(A),.s(\0 ),.b(\0 ));
P1 #(.l(3.6u),.w(3.6u)) M11 (.d(out),.g(\0 ),.s(dd),.b(dd));
N1 #(.l(0.2u),.w(1.8u)) M12 (.d(out),.g(AorBnot),.s(aorb_lnot_j),.b(\0 ));
N1 #(.l(0.2u),.w(1.8u)) M13 (.d(aorb_lnot_j),.g(Lnot),.s(\0 ),.b(\0 ));
vsource #(.dc(vscale*1.8)) vcc (.p(dd),.n(\0 ));
vpulse #(.val0(0.0),.val1(vscale*1.8),.td(1n),.rise(0.1n),.fall(0.1n),.width(0.8n),.period(5n)) \vscale*1.8  (.p(in),.n(\0 ));
#Time       v(in)      v(out)     iter(0)   
open circuit: internal node 32
open circuit: internal node 66
open circuit: internal node 98
open circuit: internal node 197
open circuit: internal node 230
open circuit: internal node 263
open circuit: internal node 428
open circuit: internal node 461
open circuit: internal node 28
open circuit: internal node 62
open circuit: internal node 68
open circuit: internal node 94
open circuit: internal node 99
open circuit: internal node 167
open circuit: internal node 193
open circuit: internal node 198
open circuit: internal node 226
open circuit: internal node 231
open circuit: internal node 259
open circuit: internal node 264
open circuit: internal node 424
open circuit: internal node 457
open circuit: internal node 462
open circuit: internal node 99
open circuit: internal node 134
open circuit: internal node 198
open circuit: internal node 231
open circuit: internal node 260
open circuit: internal node 263
open circuit: internal node 398
open circuit: internal node 458
open circuit: internal node 461
open circuit: internal node 65
open circuit: internal node 95
open circuit: internal node 131
open circuit: internal node 165
open circuit: internal node 194
open circuit: internal node 197
open circuit: internal node 231
open circuit: internal node 263
open circuit: internal node 428
open circuit: internal node 461
open circuit: internal node 497
open circuit: internal node 66
open circuit: internal node 99
open circuit: internal node 296
open circuit: internal node 329
open circuit: internal node 429
open circuit: internal node 462
open circuit: internal node 494
open circuit: internal node 527
open circuit: internal node 62
open circuit: internal node 95
open circuit: internal node 230
open circuit: internal node 231
open circuit: internal node 263
open circuit: internal node 264
open circuit: internal node 292
open circuit: internal node 325
open circuit: internal node 365
open circuit: internal node 425
open circuit: internal node 431
open circuit: internal node 458
open circuit: internal node 464
open circuit: internal node 490
open circuit: internal node 523
open circuit: internal node 32
open circuit: internal node 131
open circuit: internal node 134
open circuit: internal node 164
open circuit: internal node 226
open circuit: internal node 227
open circuit: internal node 233
open circuit: internal node 259
open circuit: internal node 260
open circuit: internal node 266
open circuit: internal node 330
open circuit: internal node 528
open circuit: internal node 28
open circuit: internal node 35
open circuit: internal node 98
open circuit: internal node 127
open circuit: internal node 132
open circuit: internal node 160
open circuit: internal node 165
open circuit: internal node 326
open circuit: internal node 332
open circuit: internal node 429
open circuit: internal node 497
open circuit: internal node 524
open circuit: internal node 530
open circuit: internal node 98
open circuit: internal node 132
open circuit: internal node 134
open circuit: internal node 165
open circuit: internal node 425
open circuit: internal node 66
open circuit: internal node 94
open circuit: internal node 99
open circuit: internal node 128
open circuit: internal node 161
open circuit: internal node 197
open circuit: internal node 263
open circuit: internal node 266
open circuit: internal node 428
open circuit: internal node 62
open circuit: internal node 95
open circuit: internal node 98
open circuit: internal node 167
open circuit: internal node 193
open circuit: internal node 198
open circuit: internal node 231
open circuit: internal node 259
open circuit: internal node 332
open circuit: internal node 424
open circuit: internal node 425
open circuit: internal node 461
open circuit: internal node 462
open circuit: internal node 35
open circuit: internal node 94
open circuit: internal node 164
open circuit: internal node 194
open circuit: internal node 227
open circuit: internal node 263
open circuit: internal node 457
open circuit: internal node 458
open circuit: internal node 160
open circuit: internal node 198
open circuit: internal node 263
open circuit: internal node 431
open circuit: internal node 528
open circuit: internal node 161
open circuit: internal node 198
open circuit: internal node 263
open circuit: internal node 528
open circuit: internal node 128
open circuit: internal node 165
open circuit: internal node 194
open circuit: internal node 233
open circuit: internal node 263
open circuit: internal node 495
open circuit: internal node 524
open circuit: internal node 32
open circuit: internal node 161
open circuit: internal node 200
open circuit: internal node 263
open circuit: internal node 365
open circuit: internal node 431
open circuit: internal node 464
open circuit: internal node 495
open circuit: internal node 563
open circuit: internal node 28
open circuit: internal node 263
open circuit: internal node 491
open circuit: internal node 161
open circuit: internal node 164
open circuit: internal node 167
open circuit: internal node 263
open circuit: internal node 495
open circuit: internal node 65
open circuit: internal node 66
open circuit: internal node 94
open circuit: internal node 95
open circuit: internal node 160
open circuit: internal node 259
open circuit: internal node 264
open circuit: internal node 292
open circuit: internal node 325
open circuit: internal node 362
open circuit: internal node 395
open circuit: internal node 491
open circuit: internal node 528
open circuit: internal node 560
open circuit: internal node 32
open circuit: internal node 33
open circuit: internal node 61
open circuit: internal node 62
open circuit: internal node 99
open circuit: internal node 131
open circuit: internal node 134
open circuit: internal node 167
open circuit: internal node 264
open circuit: internal node 266
open circuit: internal node 297
open circuit: internal node 332
open circuit: internal node 358
open circuit: internal node 391
open circuit: internal node 398
open circuit: internal node 524
open circuit: internal node 556
open circuit: internal node 28
open circuit: internal node 29
open circuit: internal node 66
open circuit: internal node 95
open circuit: internal node 127
open circuit: internal node 132
open circuit: internal node 233
open circuit: internal node 260
open circuit: internal node 293
open circuit: internal node 330
open circuit: internal node 396
open circuit: internal node 428
open circuit: internal node 497
open circuit: internal node 528
open circuit: internal node 66
open circuit: internal node 128
open circuit: internal node 134
open circuit: internal node 165
open circuit: internal node 326
open circuit: internal node 396
open circuit: internal node 398
open circuit: internal node 424
open circuit: internal node 524
open circuit: internal node 560
open circuit: internal node 33
open circuit: internal node 62
open circuit: internal node 161
open circuit: internal node 164
open circuit: internal node 197
open circuit: internal node 226
open circuit: internal node 231
open circuit: internal node 293
open circuit: internal node 330
open circuit: internal node 332
open circuit: internal node 392
open circuit: internal node 528
open circuit: internal node 556
open circuit: internal node 29
open circuit: internal node 131
open circuit: internal node 134
open circuit: internal node 160
open circuit: internal node 193
open circuit: internal node 227
open circuit: internal node 233
open circuit: internal node 264
open circuit: internal node 297
open circuit: internal node 299
open circuit: internal node 326
open circuit: internal node 524
open circuit: internal node 527
open circuit: internal node 560
open circuit: internal node 33
open circuit: internal node 131
open circuit: internal node 264
open circuit: internal node 293
open circuit: internal node 523
open circuit: internal node 528
open circuit: internal node 556
open circuit: internal node 28
open circuit: internal node 29
open circuit: internal node 127
open circuit: internal node 132
open circuit: internal node 198
open circuit: internal node 233
open circuit: internal node 260
open circuit: internal node 497
open circuit: internal node 524
open circuit: internal node 530
open circuit: internal node 65
open circuit: internal node 68
open circuit: internal node 128
open circuit: internal node 131
open circuit: internal node 194
open circuit: internal node 296
open circuit: internal node 395
open circuit: internal node 398
open circuit: internal node 462
open circuit: internal node 464
open circuit: internal node 527
open circuit: internal node 560
open circuit: internal node 61
open circuit: internal node 62
open circuit: internal node 127
open circuit: internal node 132
open circuit: internal node 292
open circuit: internal node 391
open circuit: internal node 396
open circuit: internal node 458
open circuit: internal node 461
open circuit: internal node 523
open circuit: internal node 528
open circuit: internal node 556
open circuit: internal node 128
open circuit: internal node 263
open circuit: internal node 266
open circuit: internal node 296
open circuit: internal node 392
open circuit: internal node 457
open circuit: internal node 524
open circuit: internal node 527
open circuit: internal node 560
open circuit: internal node 131
open circuit: internal node 233
open circuit: internal node 259
open circuit: internal node 292
open circuit: internal node 297
open circuit: internal node 396
open circuit: internal node 523
open circuit: internal node 528
open circuit: internal node 556
open circuit: internal node 127
open circuit: internal node 132
open circuit: internal node 263
open circuit: internal node 293
open circuit: internal node 296
open circuit: internal node 392
open circuit: internal node 462
open circuit: internal node 524
open circuit: internal node 530
open circuit: internal node 128
open circuit: internal node 200
open circuit: internal node 233
open circuit: internal node 259
open circuit: internal node 292
open circuit: internal node 396
open circuit: internal node 457
open circuit: internal node 458
open circuit: internal node 527
open circuit: internal node 560
open circuit: internal node 68
open circuit: internal node 164
open circuit: internal node 230
open circuit: internal node 266
open circuit: internal node 362
open circuit: internal node 392
open circuit: internal node 395
open circuit: internal node 461
open circuit: internal node 523
open circuit: internal node 528
open circuit: internal node 556
open circuit: internal node 160
open circuit: internal node 226
open circuit: internal node 263
open circuit: internal node 326
open circuit: internal node 329
open circuit: internal node 358
open circuit: internal node 391
open circuit: internal node 396
open circuit: internal node 457
open circuit: internal node 458
open circuit: internal node 524
open circuit: internal node 561
open circuit: internal node 99
open circuit: internal node 101
open circuit: internal node 165
open circuit: internal node 259
open circuit: internal node 325
open circuit: internal node 392
open circuit: internal node 530
open circuit: internal node 557
open circuit: internal node 61
open circuit: internal node 95
open circuit: internal node 161
open circuit: internal node 231
open circuit: internal node 329
open circuit: internal node 362
open circuit: internal node 363
open circuit: internal node 65
open circuit: internal node 99
open circuit: internal node 131
open circuit: internal node 227
open circuit: internal node 263
open circuit: internal node 296
open circuit: internal node 325
open circuit: internal node 330
open circuit: internal node 358
open circuit: internal node 359
open circuit: internal node 560
open circuit: internal node 33
open circuit: internal node 35
open circuit: internal node 61
open circuit: internal node 95
open circuit: internal node 127
open circuit: internal node 259
open circuit: internal node 264
open circuit: internal node 292
open circuit: internal node 326
open circuit: internal node 329
open circuit: internal node 363
open circuit: internal node 396
open circuit: internal node 398
open circuit: internal node 462
open circuit: internal node 464
open circuit: internal node 528
open circuit: internal node 556
open circuit: internal node 29
open circuit: internal node 131
open circuit: internal node 260
open circuit: internal node 263
open circuit: internal node 325
open circuit: internal node 359
open circuit: internal node 362
open circuit: internal node 392
open circuit: internal node 458
open circuit: internal node 461
open circuit: internal node 524
open circuit: internal node 127
open circuit: internal node 167
open circuit: internal node 233
open circuit: internal node 259
open circuit: internal node 332
open circuit: internal node 358
open circuit: internal node 457
open circuit: internal node 561
open circuit: internal node 61
open circuit: internal node 62
open circuit: internal node 461
open circuit: internal node 561
open circuit: internal node 200
open circuit: internal node 457
open circuit: internal node 557
open circuit: internal node 101
open circuit: internal node 461
open circuit: internal node 464
open circuit: internal node 457
open circuit: internal node 464
open circuit: internal node 101
open circuit: internal node 464
open circuit: internal node 464
open circuit: internal node 464
open circuit: internal node 464
open circuit: internal node 464
open circuit: internal node 464
open circuit: internal node 464
open circuit: internal node 464
open circuit: internal node 464
open circuit: internal node 464
open circuit: internal node 464
open circuit: internal node 464
open circuit: internal node 464
open circuit: internal node 464
open circuit: internal node 464
open circuit: internal node 464
open circuit: internal node 464
open circuit: internal node 464
open circuit: internal node 464
open circuit: internal node 464
open circuit: internal node 464
open circuit: internal node 464
open circuit: internal node 464
open circuit: internal node 464
open circuit: internal node 464
open circuit: internal node 464
open circuit: internal node 464
open circuit: internal node 464
did not converge
 0.         0.         0.011112   800.      
 100.E-12   356.E-15   0.011111   19.       
 200.E-12  -358.E-15   0.011112   13.       
 300.E-12   358.E-15   0.011111   13.       
 400.E-12  -357.E-15   0.011112   15.       
 500.E-12   356.E-15   0.011111   13.       
 600.E-12  -355.E-15   0.011112   14.       
 700.E-12   354.E-15   0.011111   8.        
 800.E-12   337.E-15   0.011112   97.       
 900.E-12   328.E-15   0.011112   75.       
 1.E-9      312.E-15   0.011112   123.      
 1.1E-9     0.6        0.0081051  33.       
 1.2E-9     0.6       -0.0014541  26.       
 1.3E-9     0.6       -0.0018825  8.        
 1.4E-9     0.6       -0.039011   7.        
 1.5E-9     0.6        0.028779   7.        
 1.6E-9     0.6        0.12605    6.        
 1.7E-9     0.6        0.21398    5.        
 1.8E-9     0.6        0.2933     5.        
 1.9E-9     0.6        0.34597    6.        
 2.E-9     -1.4022E-9  0.36263    29.       
 2.1E-9     1.2564E-9  0.38966    31.       
 2.2E-9    -1.0589E-9  0.40764    7.        
 2.3E-9     1.074E-9   0.42147    7.        
 2.4E-9    -1.0475E-9  0.43291    5.        
 2.5E-9     1.0688E-9  0.44283    5.        
 2.6E-9    -1.0451E-9  0.45166    5.        
 2.7E-9     1.0669E-9  0.45969    5.        
 2.8E-9    -1.0437E-9  0.46705    5.        
 2.9E-9     1.0655E-9  0.47388    5.        
 3.E-9     -1.0424E-9  0.48019    5.        
 3.1E-9     1.064E-9   0.48598    5.        
 3.2E-9    -1.0416E-9  0.4911     5.        
 3.3E-9     1.0618E-9  0.49527    5.        
 3.4E-9    -1.0417E-9  0.49806    5.        
 3.5E-9     1.0585E-9  0.49911    5.        
 3.6E-9    -1.0425E-9  0.49821    5.        
 3.7E-9     1.055E-9   0.49539    5.        
 3.8E-9    -1.0431E-9  0.49069    5.        
 3.9E-9     1.0519E-9  0.48418    5.        
 4.E-9     -1.0433E-9  0.47585    5.        
 4.1E-9     1.0492E-9  0.46558    5.        
 4.2E-9    -1.0431E-9  0.45305    5.        
 4.3E-9     1.0469E-9  0.43759    5.        
 4.4E-9    -1.0426E-9  0.41751    5.        
 4.5E-9     1.0449E-9  0.38781    5.        
 4.6E-9    -1.0421E-9  0.32726    6.        
 4.7E-9     1.0424E-9  0.2043     5.        
 4.8E-9    -1.041E-9   0.093567   5.        
 4.9E-9     1.0414E-9  0.039933   6.        
 5.E-9     -1.0392E-9  0.028152   6.        
 5.1E-9     1.0401E-9  0.026422   5.        
 5.2E-9    -1.0381E-9  0.024832   5.        
 5.3E-9     1.0387E-9  0.023535   5.        
 5.4E-9    -1.0369E-9  0.022413   5.        
 5.5E-9     1.0373E-9  0.021475   5.        
 5.6E-9    -1.0356E-9  0.020625   5.        
 5.7E-9     1.0359E-9  0.019919   5.        
 5.8E-9    -1.0344E-9  0.019248   5.        
 5.9E-9     1.0346E-9  0.018699   5.        
 6.E-9     -1.0331E-9  0.018155   5.        
 6.1E-9     0.6        0.013962   29.       
 6.2E-9     0.6       -0.008421   25.       
 6.3E-9     0.6       -0.037526   8.        
 6.4E-9     0.6        0.033565   7.        
 6.5E-9     0.6        0.13019    6.        
 6.6E-9     0.6        0.21825    5.        
 6.7E-9     0.6        0.29638    5.        
 6.8E-9     0.6        0.34787    6.        
 6.9E-9     0.6        0.37745    6.        
 7.E-9     -357.1E-12  0.38744    29.       
 7.1E-9     491.7E-12  0.4061     32.       
 7.2E-9    -295.8E-12  0.42021    7.        
 7.3E-9     310.8E-12  0.43185    7.        
 7.4E-9    -284.8E-12  0.44189    5.        
 7.5E-9     306.4E-12  0.45083    5.        
 7.6E-9    -283.2E-12  0.45892    5.        
 7.7E-9     305.5E-12  0.46636    5.        
 7.8E-9    -282.7E-12  0.47325    5.        
 7.9E-9     305.E-12   0.47967    5.        
 8.E-9     -282.3E-12  0.48565    5.        
 8.1E-9     304.4E-12  0.49117    5.        
 8.2E-9    -282.3E-12  0.49611    5.        
 8.3E-9     303.E-12   0.50019    5.        
 8.4E-9    -283.3E-12  0.50302    5.        
 8.5E-9     300.7E-12  0.5042     5.        
 8.6E-9    -284.9E-12  0.50351    5.        
 8.7E-9     298.E-12   0.50091    5.        
 8.8E-9    -286.4E-12  0.49647    5.        
 8.9E-9     295.7E-12  0.49025    5.        
 9.E-9     -287.5E-12  0.48228    5.        
 9.1E-9     293.8E-12  0.47247    5.        
 9.2E-9    -288.1E-12  0.46062    5.        
 9.3E-9     292.3E-12  0.44621    5.        
 9.4E-9    -288.4E-12  0.42814    5.        
 9.5E-9     291.1E-12  0.40334    6.        
 9.6E-9    -288.5E-12  0.36054    6.        
 9.7E-9     289.6E-12  0.25929    6.        
 9.8E-9    -288.6E-12  0.13126    5.        
 9.9E-9     289.2E-12  0.053247   7.        
 10.E-9    -287.6E-12  0.029517   6.        
Gnucap   System status
iterations: op=0, dc=0, tran=1868, fourier=0, total=2010
transient timesteps: accepted=138, rejected=15, total=153
nodes: user=12, subckt=0, model=563, total=575
dctran density=6.7%, ac density=6.7%
